Copyright 1986-2022 Xilinx, Inc. All Rights Reserved. Copyright 2022-2024 Advanced Micro Devices, Inc. All Rights Reserved.
---------------------------------------------------------------------------------------------------------------------------------------------------
| Tool Version : Vivado v.2024.1 (lin64) Build 5076996 Wed May 22 18:36:09 MDT 2024
| Date         : Fri Sep 25 14:40:24 2026
| Host         : jon-Zephyrus-M-GM501GS running 64-bit Ubuntu 24.04.5 LTS
| Command      : report_timing_summary -file /home/jon/Projects/torch2isa/Torch2RISCV-accelerator/RISCV-on-PYNQ-Z1/build/output/timing_summary.rpt
| Design       : design_1_wrapper
| Device       : 7z020-clg400
| Speed File   : -1  PRODUCTION 1.12 2019-11-22
| Design State : Routed
---------------------------------------------------------------------------------------------------------------------------------------------------

Timing Summary Report

------------------------------------------------------------------------------------------------
| Timer Settings
| --------------
------------------------------------------------------------------------------------------------

  Enable Multi Corner Analysis               :  Yes
  Enable Pessimism Removal                   :  Yes
  Pessimism Removal Resolution               :  Nearest Common Node
  Enable Input Delay Default Clock           :  No
  Enable Preset / Clear Arcs                 :  No
  Disable Flight Delays                      :  No
  Ignore I/O Paths                           :  No
  Timing Early Launch at Borrowing Latches   :  No
  Borrow Time for Max Delay Exceptions       :  Yes
  Merge Timing Exceptions                    :  Yes
  Inter-SLR Compensation                     :  Conservative

  Corner  Analyze    Analyze    
  Name    Max Paths  Min Paths  
  ------  ---------  ---------  
  Slow    Yes        Yes        
  Fast    Yes        Yes        


------------------------------------------------------------------------------------------------
| Report Methodology
| ------------------
------------------------------------------------------------------------------------------------

Rule       Severity          Description                                         Violations  
---------  ----------------  --------------------------------------------------  ----------  
TIMING-4   Critical Warning  Invalid primary clock redefinition on a clock tree  1           
TIMING-27  Critical Warning  Invalid primary clock on hierarchical pin           1           
LUTAR-1    Warning           LUT drives async reset alert                        3           

Note: This report is based on the most recent report_methodology run and may not be up-to-date. Run report_methodology on the current design for the latest report.



check_timing report

Table of Contents
-----------------
1. checking no_clock (0)
2. checking constant_clock (0)
3. checking pulse_width_clock (0)
4. checking unconstrained_internal_endpoints (0)
5. checking no_input_delay (0)
6. checking no_output_delay (0)
7. checking multiple_clock (0)
8. checking generated_clocks (0)
9. checking loops (0)
10. checking partial_input_delay (0)
11. checking partial_output_delay (0)
12. checking latch_loops (0)

1. checking no_clock (0)
------------------------
 There are 0 register/latch pins with no clock.


2. checking constant_clock (0)
------------------------------
 There are 0 register/latch pins with constant_clock.


3. checking pulse_width_clock (0)
---------------------------------
 There are 0 register/latch pins which need pulse_width check


4. checking unconstrained_internal_endpoints (0)
------------------------------------------------
 There are 0 pins that are not constrained for maximum delay.

 There are 0 pins that are not constrained for maximum delay due to constant clock.


5. checking no_input_delay (0)
------------------------------
 There are 0 input ports with no input delay specified.

 There are 0 input ports with no input delay but user has a false path constraint.


6. checking no_output_delay (0)
-------------------------------
 There are 0 ports with no output delay specified.

 There are 0 ports with no output delay but user has a false path constraint

 There are 0 ports with no output delay but with a timing clock defined on it or propagating through it


7. checking multiple_clock (0)
------------------------------
 There are 0 register/latch pins with multiple clocks.


8. checking generated_clocks (0)
--------------------------------
 There are 0 generated clocks that are not connected to a clock source.


9. checking loops (0)
---------------------
 There are 0 combinational loops in the design.


10. checking partial_input_delay (0)
------------------------------------
 There are 0 input ports with partial input delay specified.


11. checking partial_output_delay (0)
-------------------------------------
 There are 0 ports with partial output delay specified.


12. checking latch_loops (0)
----------------------------
 There are 0 combinational latch loops in the design through latch input



------------------------------------------------------------------------------------------------
| Design Timing Summary
| ---------------------
------------------------------------------------------------------------------------------------

    WNS(ns)      TNS(ns)  TNS Failing Endpoints  TNS Total Endpoints      WHS(ns)      THS(ns)  THS Failing Endpoints  THS Total Endpoints     WPWS(ns)     TPWS(ns)  TPWS Failing Endpoints  TPWS Total Endpoints  
    -------      -------  ---------------------  -------------------      -------      -------  ---------------------  -------------------     --------     --------  ----------------------  --------------------  
      2.460        0.000                      0               110277        0.013        0.000                      0               110277        7.000        0.000                       0                 38391  


All user specified timing constraints are met.


------------------------------------------------------------------------------------------------
| Clock Summary
| -------------
------------------------------------------------------------------------------------------------

Clock                                    Waveform(ns)       Period(ns)      Frequency(MHz)
-----                                    ------------       ----------      --------------
clk_fpga_0                               {0.000 10.000}     20.000          50.000          
clk_fpga_1                               {0.000 10.000}     20.000          50.000          
design_1_i/subprocessorClk/inst/clk_in1  {0.000 10.000}     20.000          50.000          
  clk_out1_design_1_subprocessorClk_0    {0.000 10.000}     20.000          50.000          
  clkfbout_design_1_subprocessorClk_0    {0.000 10.000}     20.000          50.000          


------------------------------------------------------------------------------------------------
| Intra Clock Table
| -----------------
------------------------------------------------------------------------------------------------

Clock                                        WNS(ns)      TNS(ns)  TNS Failing Endpoints  TNS Total Endpoints      WHS(ns)      THS(ns)  THS Failing Endpoints  THS Total Endpoints     WPWS(ns)     TPWS(ns)  TPWS Failing Endpoints  TPWS Total Endpoints  
-----                                        -------      -------  ---------------------  -------------------      -------      -------  ---------------------  -------------------     --------     --------  ----------------------  --------------------  
clk_fpga_0                                     6.450        0.000                      0                 9054        0.048        0.000                      0                 9054        7.500        0.000                       0                  3756  
design_1_i/subprocessorClk/inst/clk_in1                                                                                                                                                    7.000        0.000                       0                     1  
  clk_out1_design_1_subprocessorClk_0          2.460        0.000                      0               101127        0.013        0.000                      0               101127        8.750        0.000                       0                 34632  
  clkfbout_design_1_subprocessorClk_0                                                                                                                                                     18.751        0.000                       0                     2  


------------------------------------------------------------------------------------------------
| Inter Clock Table
| -----------------
------------------------------------------------------------------------------------------------

From Clock    To Clock          WNS(ns)      TNS(ns)  TNS Failing Endpoints  TNS Total Endpoints      WHS(ns)      THS(ns)  THS Failing Endpoints  THS Total Endpoints  
----------    --------          -------      -------  ---------------------  -------------------      -------      -------  ---------------------  -------------------  


------------------------------------------------------------------------------------------------
| Other Path Groups Table
| -----------------------
------------------------------------------------------------------------------------------------

Path Group                           From Clock                           To Clock                                 WNS(ns)      TNS(ns)  TNS Failing Endpoints  TNS Total Endpoints      WHS(ns)      THS(ns)  THS Failing Endpoints  THS Total Endpoints  
----------                           ----------                           --------                                 -------      -------  ---------------------  -------------------      -------      -------  ---------------------  -------------------  
**async_default**                    clk_out1_design_1_subprocessorClk_0  clk_out1_design_1_subprocessorClk_0       15.503        0.000                      0                   96        0.692        0.000                      0                   96  


------------------------------------------------------------------------------------------------
| Timing Details
| --------------
------------------------------------------------------------------------------------------------


---------------------------------------------------------------------------------------------------
From Clock:  clk_fpga_0
  To Clock:  clk_fpga_0

Setup :            0  Failing Endpoints,  Worst Slack        6.450ns,  Total Violation        0.000ns
Hold  :            0  Failing Endpoints,  Worst Slack        0.048ns,  Total Violation        0.000ns
PW    :            0  Failing Endpoints,  Worst Slack        7.500ns,  Total Violation        0.000ns
---------------------------------------------------------------------------------------------------


Max Delay Paths
--------------------------------------------------------------------------------------
Slack (MET) :             6.450ns  (required time - arrival time)
  Source:                 design_1_i/processing_system7_0/inst/PS7_i/MAXIGP0ACLK
                            (rising edge-triggered cell PS7 clocked by clk_fpga_0  {rise@0.000ns fall@10.000ns period=20.000ns})
  Destination:            design_1_i/psAxiInterconnect/xbar/inst/gen_samd.crossbar_samd/gen_slave_slots[0].gen_si_write.si_transactor_aw/gen_multi_thread.gen_thread_loop[5].active_id_reg[60]/CE
                            (rising edge-triggered cell FDRE clocked by clk_fpga_0  {rise@0.000ns fall@10.000ns period=20.000ns})
  Path Group:             clk_fpga_0
  Path Type:              Setup (Max at Slow Process Corner)
  Requirement:            20.000ns  (clk_fpga_0 rise@20.000ns - clk_fpga_0 rise@0.000ns)
  Data Path Delay:        12.785ns  (logic 2.906ns (22.729%)  route 9.879ns (77.271%))
  Logic Levels:           6  (CARRY4=1 LUT5=4 LUT6=1)
  Clock Path Skew:        -0.257ns (DCD - SCD + CPR)
    Destination Clock Delay (DCD):    2.645ns = ( 22.645 - 20.000 ) 
    Source Clock Delay      (SCD):    3.031ns
    Clock Pessimism Removal (CPR):    0.129ns
  Clock Uncertainty:      0.302ns  ((TSJ^2 + TIJ^2)^1/2 + DJ) / 2 + PE
    Total System Jitter     (TSJ):    0.071ns
    Total Input Jitter      (TIJ):    0.600ns
    Discrete Jitter          (DJ):    0.000ns
    Phase Error              (PE):    0.000ns

    Location             Delay type                Incr(ns)  Path(ns)    Netlist Resource(s)
  -------------------------------------------------------------------    -------------------
                         (clock clk_fpga_0 rise edge)
                                                      0.000     0.000 r  
    PS7_X0Y0             PS7                          0.000     0.000 r  design_1_i/processing_system7_0/inst/PS7_i/FCLKCLK[0]
                         net (fo=1, routed)           1.193     1.193    design_1_i/processing_system7_0/inst/FCLK_CLK_unbuffered[0]
    BUFGCTRL_X0Y16       BUFG (Prop_bufg_I_O)         0.101     1.294 r  design_1_i/processing_system7_0/inst/buffer_fclk_clk_0.FCLK_CLK_0_BUFG/O
                         net (fo=3757, routed)        1.737     3.031    design_1_i/processing_system7_0/inst/M_AXI_GP0_ACLK
    PS7_X0Y0             PS7                                          r  design_1_i/processing_system7_0/inst/PS7_i/MAXIGP0ACLK
  -------------------------------------------------------------------    -------------------
    PS7_X0Y0             PS7 (Prop_ps7_MAXIGP0ACLK_MAXIGP0AWID[6])
                                                      1.453     4.484 r  design_1_i/processing_system7_0/inst/PS7_i/MAXIGP0AWID[6]
                         net (fo=17, routed)          2.520     7.004    design_1_i/psAxiInterconnect/xbar/inst/gen_samd.crossbar_samd/gen_slave_slots[0].gen_si_write.si_transactor_aw/s_axi_awid[6]
    SLICE_X31Y116        LUT6 (Prop_lut6_I0_O)        0.124     7.128 r  design_1_i/psAxiInterconnect/xbar/inst/gen_samd.crossbar_samd/gen_slave_slots[0].gen_si_write.si_transactor_aw/gen_multi_thread.aid_match_70_carry_i_2__0/O
                         net (fo=1, routed)           0.000     7.128    design_1_i/psAxiInterconnect/xbar/inst/gen_samd.crossbar_samd/gen_slave_slots[0].gen_si_write.si_transactor_aw/gen_multi_thread.aid_match_70_carry_i_2__0_n_0
    SLICE_X31Y116        CARRY4 (Prop_carry4_S[2]_CO[3])
                                                      0.398     7.526 f  design_1_i/psAxiInterconnect/xbar/inst/gen_samd.crossbar_samd/gen_slave_slots[0].gen_si_write.si_transactor_aw/gen_multi_thread.aid_match_70_carry/CO[3]
                         net (fo=5, routed)           2.414     9.940    design_1_i/psAxiInterconnect/xbar/inst/gen_samd.crossbar_samd/gen_slave_slots[0].gen_si_write.si_transactor_aw/gen_multi_thread.aid_match_70
    SLICE_X33Y135        LUT5 (Prop_lut5_I4_O)        0.119    10.059 f  design_1_i/psAxiInterconnect/xbar/inst/gen_samd.crossbar_samd/gen_slave_slots[0].gen_si_write.si_transactor_aw/gen_multi_thread.gen_thread_loop[7].active_target[57]_i_6__0/O
                         net (fo=6, routed)           0.725    10.784    design_1_i/psAxiInterconnect/xbar/inst/gen_samd.crossbar_samd/gen_slave_slots[0].gen_si_write.si_transactor_aw/gen_multi_thread.aid_match_7__0
    SLICE_X30Y133        LUT5 (Prop_lut5_I3_O)        0.332    11.116 r  design_1_i/psAxiInterconnect/xbar/inst/gen_samd.crossbar_samd/gen_slave_slots[0].gen_si_write.si_transactor_aw/gen_multi_thread.gen_thread_loop[7].active_target[57]_i_13__0/O
                         net (fo=8, routed)           0.708    11.824    design_1_i/psAxiInterconnect/xbar/inst/gen_samd.crossbar_samd/gen_slave_slots[0].gen_si_write.si_transactor_aw/gen_multi_thread.gen_thread_loop[7].active_target[57]_i_13__0_n_0
    SLICE_X28Y134        LUT5 (Prop_lut5_I0_O)        0.153    11.977 r  design_1_i/psAxiInterconnect/xbar/inst/gen_samd.crossbar_samd/gen_slave_slots[0].gen_si_write.si_transactor_aw/gen_multi_thread.gen_thread_loop[7].active_target[57]_i_3__0/O
                         net (fo=33, routed)          0.871    12.848    design_1_i/psAxiInterconnect/xbar/inst/gen_samd.crossbar_samd/gen_slave_slots[0].gen_si_write.si_transactor_aw/gen_multi_thread.gen_thread_loop[7].active_target[57]_i_3__0_n_0
    SLICE_X33Y132        LUT5 (Prop_lut5_I0_O)        0.327    13.175 r  design_1_i/psAxiInterconnect/xbar/inst/gen_samd.crossbar_samd/gen_slave_slots[0].gen_si_write.si_transactor_aw/gen_multi_thread.gen_thread_loop[5].active_target[41]_i_1__0/O
                         net (fo=14, routed)          2.641    15.816    design_1_i/psAxiInterconnect/xbar/inst/gen_samd.crossbar_samd/gen_slave_slots[0].gen_si_write.si_transactor_aw/gen_multi_thread.cmd_push_5
    SLICE_X51Y93         FDRE                                         r  design_1_i/psAxiInterconnect/xbar/inst/gen_samd.crossbar_samd/gen_slave_slots[0].gen_si_write.si_transactor_aw/gen_multi_thread.gen_thread_loop[5].active_id_reg[60]/CE
  -------------------------------------------------------------------    -------------------

                         (clock clk_fpga_0 rise edge)
                                                     20.000    20.000 r  
    PS7_X0Y0             PS7                          0.000    20.000 r  design_1_i/processing_system7_0/inst/PS7_i/FCLKCLK[0]
                         net (fo=1, routed)           1.088    21.088    design_1_i/processing_system7_0/inst/FCLK_CLK_unbuffered[0]
    BUFGCTRL_X0Y16       BUFG (Prop_bufg_I_O)         0.091    21.179 r  design_1_i/processing_system7_0/inst/buffer_fclk_clk_0.FCLK_CLK_0_BUFG/O
                         net (fo=3757, routed)        1.466    22.645    design_1_i/psAxiInterconnect/xbar/inst/gen_samd.crossbar_samd/gen_slave_slots[0].gen_si_write.si_transactor_aw/aclk
    SLICE_X51Y93         FDRE                                         r  design_1_i/psAxiInterconnect/xbar/inst/gen_samd.crossbar_samd/gen_slave_slots[0].gen_si_write.si_transactor_aw/gen_multi_thread.gen_thread_loop[5].active_id_reg[60]/C
                         clock pessimism              0.129    22.774    
                         clock uncertainty           -0.302    22.472    
    SLICE_X51Y93         FDRE (Setup_fdre_C_CE)      -0.205    22.267    design_1_i/psAxiInterconnect/xbar/inst/gen_samd.crossbar_samd/gen_slave_slots[0].gen_si_write.si_transactor_aw/gen_multi_thread.gen_thread_loop[5].active_id_reg[60]
  -------------------------------------------------------------------
                         required time                         22.267    
                         arrival time                         -15.816    
  -------------------------------------------------------------------
                         slack                                  6.450    





Min Delay Paths
--------------------------------------------------------------------------------------
Slack (MET) :             0.048ns  (arrival time - required time)
  Source:                 design_1_i/subprocessorClk/inst/CLK_CORE_DRP_I/interrupt_enable_reg_reg[6]/C
                            (rising edge-triggered cell FDRE clocked by clk_fpga_0  {rise@0.000ns fall@10.000ns period=20.000ns})
  Destination:            design_1_i/subprocessorClk/inst/AXI_LITE_IPIF_I/I_SLAVE_ATTACHMENT/s_axi_rdata_i_reg[6]/D
                            (rising edge-triggered cell FDRE clocked by clk_fpga_0  {rise@0.000ns fall@10.000ns period=20.000ns})
  Path Group:             clk_fpga_0
  Path Type:              Hold (Min at Fast Process Corner)
  Requirement:            0.000ns  (clk_fpga_0 rise@0.000ns - clk_fpga_0 rise@0.000ns)
  Data Path Delay:        0.409ns  (logic 0.226ns (55.308%)  route 0.183ns (44.692%))
  Logic Levels:           1  (LUT6=1)
  Clock Path Skew:        0.268ns (DCD - SCD - CPR)
    Destination Clock Delay (DCD):    1.274ns
    Source Clock Delay      (SCD):    0.967ns
    Clock Pessimism Removal (CPR):    0.039ns

    Location             Delay type                Incr(ns)  Path(ns)    Netlist Resource(s)
  -------------------------------------------------------------------    -------------------
                         (clock clk_fpga_0 rise edge)
                                                      0.000     0.000 r  
    PS7_X0Y0             PS7                          0.000     0.000 r  design_1_i/processing_system7_0/inst/PS7_i/FCLKCLK[0]
                         net (fo=1, routed)           0.310     0.310    design_1_i/processing_system7_0/inst/FCLK_CLK_unbuffered[0]
    BUFGCTRL_X0Y16       BUFG (Prop_bufg_I_O)         0.026     0.336 r  design_1_i/processing_system7_0/inst/buffer_fclk_clk_0.FCLK_CLK_0_BUFG/O
                         net (fo=3757, routed)        0.631     0.967    design_1_i/subprocessorClk/inst/CLK_CORE_DRP_I/s_axi_aclk
    SLICE_X51Y137        FDRE                                         r  design_1_i/subprocessorClk/inst/CLK_CORE_DRP_I/interrupt_enable_reg_reg[6]/C
  -------------------------------------------------------------------    -------------------
    SLICE_X51Y137        FDRE (Prop_fdre_C_Q)         0.128     1.095 r  design_1_i/subprocessorClk/inst/CLK_CORE_DRP_I/interrupt_enable_reg_reg[6]/Q
                         net (fo=1, routed)           0.183     1.278    design_1_i/subprocessorClk/inst/AXI_LITE_IPIF_I/I_SLAVE_ATTACHMENT/I_DECODER/s_axi_rdata_i_reg[15]_0[4]
    SLICE_X47Y138        LUT6 (Prop_lut6_I5_O)        0.098     1.376 r  design_1_i/subprocessorClk/inst/AXI_LITE_IPIF_I/I_SLAVE_ATTACHMENT/I_DECODER/s_axi_rdata_i[6]_i_1/O
                         net (fo=1, routed)           0.000     1.376    design_1_i/subprocessorClk/inst/AXI_LITE_IPIF_I/I_SLAVE_ATTACHMENT/IP2Bus_Data[25]
    SLICE_X47Y138        FDRE                                         r  design_1_i/subprocessorClk/inst/AXI_LITE_IPIF_I/I_SLAVE_ATTACHMENT/s_axi_rdata_i_reg[6]/D
  -------------------------------------------------------------------    -------------------

                         (clock clk_fpga_0 rise edge)
                                                      0.000     0.000 r  
    PS7_X0Y0             PS7                          0.000     0.000 r  design_1_i/processing_system7_0/inst/PS7_i/FCLKCLK[0]
                         net (fo=1, routed)           0.337     0.337    design_1_i/processing_system7_0/inst/FCLK_CLK_unbuffered[0]
    BUFGCTRL_X0Y16       BUFG (Prop_bufg_I_O)         0.029     0.366 r  design_1_i/processing_system7_0/inst/buffer_fclk_clk_0.FCLK_CLK_0_BUFG/O
                         net (fo=3757, routed)        0.908     1.274    design_1_i/subprocessorClk/inst/AXI_LITE_IPIF_I/I_SLAVE_ATTACHMENT/s_axi_aclk
    SLICE_X47Y138        FDRE                                         r  design_1_i/subprocessorClk/inst/AXI_LITE_IPIF_I/I_SLAVE_ATTACHMENT/s_axi_rdata_i_reg[6]/C
                         clock pessimism             -0.039     1.235    
    SLICE_X47Y138        FDRE (Hold_fdre_C_D)         0.092     1.327    design_1_i/subprocessorClk/inst/AXI_LITE_IPIF_I/I_SLAVE_ATTACHMENT/s_axi_rdata_i_reg[6]
  -------------------------------------------------------------------
                         required time                         -1.327    
                         arrival time                           1.376    
  -------------------------------------------------------------------
                         slack                                  0.048    





Pulse Width Checks
--------------------------------------------------------------------------------------
Clock Name:         clk_fpga_0
Waveform(ns):       { 0.000 10.000 }
Period(ns):         20.000
Sources:            { design_1_i/processing_system7_0/inst/PS7_i/FCLKCLK[0] }

Check Type        Corner  Lib Pin          Reference Pin  Required(ns)  Actual(ns)  Slack(ns)  Location         Pin
Min Period        n/a     MMCME2_ADV/DCLK  n/a            4.999         20.000      15.001     MMCME2_ADV_X1Y0  design_1_i/subprocessorClk/inst/CLK_CORE_DRP_I/clk_inst/mmcm_adv_inst/DCLK
Low Pulse Width   Slow    MMCME2_ADV/DCLK  n/a            2.499         10.000      7.500      MMCME2_ADV_X1Y0  design_1_i/subprocessorClk/inst/CLK_CORE_DRP_I/clk_inst/mmcm_adv_inst/DCLK
High Pulse Width  Slow    MMCME2_ADV/DCLK  n/a            2.499         10.000      7.500      MMCME2_ADV_X1Y0  design_1_i/subprocessorClk/inst/CLK_CORE_DRP_I/clk_inst/mmcm_adv_inst/DCLK



---------------------------------------------------------------------------------------------------
From Clock:  design_1_i/subprocessorClk/inst/clk_in1
  To Clock:  design_1_i/subprocessorClk/inst/clk_in1

Setup :           NA  Failing Endpoints,  Worst Slack           NA  ,  Total Violation           NA
Hold  :           NA  Failing Endpoints,  Worst Slack           NA  ,  Total Violation           NA
PW    :            0  Failing Endpoints,  Worst Slack        7.000ns,  Total Violation        0.000ns
---------------------------------------------------------------------------------------------------


Pulse Width Checks
--------------------------------------------------------------------------------------
Clock Name:         design_1_i/subprocessorClk/inst/clk_in1
Waveform(ns):       { 0.000 10.000 }
Period(ns):         20.000
Sources:            { design_1_i/subprocessorClk/inst/clk_in1 }

Check Type        Corner  Lib Pin            Reference Pin  Required(ns)  Actual(ns)  Slack(ns)  Location         Pin
Min Period        n/a     MMCME2_ADV/CLKIN1  n/a            1.249         20.000      18.751     MMCME2_ADV_X1Y0  design_1_i/subprocessorClk/inst/CLK_CORE_DRP_I/clk_inst/mmcm_adv_inst/CLKIN1
Max Period        n/a     MMCME2_ADV/CLKIN1  n/a            100.000       20.000      80.000     MMCME2_ADV_X1Y0  design_1_i/subprocessorClk/inst/CLK_CORE_DRP_I/clk_inst/mmcm_adv_inst/CLKIN1
Low Pulse Width   Slow    MMCME2_ADV/CLKIN1  n/a            3.000         10.000      7.000      MMCME2_ADV_X1Y0  design_1_i/subprocessorClk/inst/CLK_CORE_DRP_I/clk_inst/mmcm_adv_inst/CLKIN1
High Pulse Width  Slow    MMCME2_ADV/CLKIN1  n/a            3.000         10.000      7.000      MMCME2_ADV_X1Y0  design_1_i/subprocessorClk/inst/CLK_CORE_DRP_I/clk_inst/mmcm_adv_inst/CLKIN1



---------------------------------------------------------------------------------------------------
From Clock:  clk_out1_design_1_subprocessorClk_0
  To Clock:  clk_out1_design_1_subprocessorClk_0

Setup :            0  Failing Endpoints,  Worst Slack        2.460ns,  Total Violation        0.000ns
Hold  :            0  Failing Endpoints,  Worst Slack        0.013ns,  Total Violation        0.000ns
PW    :            0  Failing Endpoints,  Worst Slack        8.750ns,  Total Violation        0.000ns
---------------------------------------------------------------------------------------------------


Max Delay Paths
--------------------------------------------------------------------------------------
Slack (MET) :             2.460ns  (required time - arrival time)
  Source:                 design_1_i/matmul_0/inst/ex/drain_active_reg/C
                            (rising edge-triggered cell FDRE clocked by clk_out1_design_1_subprocessorClk_0  {rise@0.000ns fall@10.000ns period=20.000ns})
  Destination:            design_1_i/matmul_0/inst/ex/array/row[12].col[2].dsp.pe/sh_out_reg[30]/CE
                            (rising edge-triggered cell FDRE clocked by clk_out1_design_1_subprocessorClk_0  {rise@0.000ns fall@10.000ns period=20.000ns})
  Path Group:             clk_out1_design_1_subprocessorClk_0
  Path Type:              Setup (Max at Slow Process Corner)
  Requirement:            20.000ns  (clk_out1_design_1_subprocessorClk_0 rise@20.000ns - clk_out1_design_1_subprocessorClk_0 rise@0.000ns)
  Data Path Delay:        16.818ns  (logic 1.038ns (6.172%)  route 15.780ns (93.828%))
  Logic Levels:           2  (LUT3=1 LUT5=1)
  Clock Path Skew:        -0.415ns (DCD - SCD + CPR)
    Destination Clock Delay (DCD):    5.004ns = ( 25.004 - 20.000 ) 
    Source Clock Delay      (SCD):    5.791ns
    Clock Pessimism Removal (CPR):    0.373ns
  Clock Uncertainty:      0.102ns  ((TSJ^2 + DJ^2)^1/2) / 2 + PE
    Total System Jitter     (TSJ):    0.071ns
    Discrete Jitter          (DJ):    0.192ns
    Phase Error              (PE):    0.000ns

    Location             Delay type                Incr(ns)  Path(ns)    Netlist Resource(s)
  -------------------------------------------------------------------    -------------------
                         (clock clk_out1_design_1_subprocessorClk_0 rise edge)
                                                      0.000     0.000 r  
    BUFGCTRL_X0Y16       BUFG                         0.000     0.000 r  design_1_i/processing_system7_0/inst/buffer_fclk_clk_0.FCLK_CLK_0_BUFG/O
                         net (fo=3757, routed)        1.806     1.806    design_1_i/subprocessorClk/inst/CLK_CORE_DRP_I/clk_inst/clk_in1
    MMCME2_ADV_X1Y0      MMCME2_ADV (Prop_mmcme2_adv_CLKIN1_CLKOUT0)
                                                      0.088     1.894 r  design_1_i/subprocessorClk/inst/CLK_CORE_DRP_I/clk_inst/mmcm_adv_inst/CLKOUT0
                         net (fo=1, routed)           1.889     3.783    design_1_i/subprocessorClk/inst/CLK_CORE_DRP_I/clk_inst/clk_out1_design_1_subprocessorClk_0
    BUFGCTRL_X0Y0        BUFG (Prop_bufg_I_O)         0.101     3.884 r  design_1_i/subprocessorClk/inst/CLK_CORE_DRP_I/clk_inst/clkout1_buf/O
                         net (fo=34666, routed)       1.907     5.791    design_1_i/matmul_0/inst/ex/aclk
    SLICE_X61Y110        FDRE                                         r  design_1_i/matmul_0/inst/ex/drain_active_reg/C
  -------------------------------------------------------------------    -------------------
    SLICE_X61Y110        FDRE (Prop_fdre_C_Q)         0.419     6.210 r  design_1_i/matmul_0/inst/ex/drain_active_reg/Q
                         net (fo=9888, routed)        3.939    10.149    design_1_i/matmul_0/inst/ex/acc_en
    SLICE_X59Y37         LUT3 (Prop_lut3_I0_O)        0.293    10.442 r  design_1_i/matmul_0/inst/ex/sh_out[31]_i_3/O
                         net (fo=67, routed)          5.331    15.772    design_1_i/matmul_0/inst/ex/array/row[2].col[9].lut.pe/acc_we[0]
    SLICE_X112Y147       LUT5 (Prop_lut5_I4_O)        0.326    16.098 r  design_1_i/matmul_0/inst/ex/array/row[2].col[9].lut.pe/sh_out[31]_i_1__161/O
                         net (fo=8192, routed)        6.511    22.609    design_1_i/matmul_0/inst/ex/array/row[12].col[2].dsp.pe/E[0]
    SLICE_X33Y46         FDRE                                         r  design_1_i/matmul_0/inst/ex/array/row[12].col[2].dsp.pe/sh_out_reg[30]/CE
  -------------------------------------------------------------------    -------------------

                         (clock clk_out1_design_1_subprocessorClk_0 rise edge)
                                                     20.000    20.000 r  
    BUFGCTRL_X0Y16       BUFG                         0.000    20.000 r  design_1_i/processing_system7_0/inst/buffer_fclk_clk_0.FCLK_CLK_0_BUFG/O
                         net (fo=3757, routed)        1.612    21.612    design_1_i/subprocessorClk/inst/CLK_CORE_DRP_I/clk_inst/clk_in1
    MMCME2_ADV_X1Y0      MMCME2_ADV (Prop_mmcme2_adv_CLKIN1_CLKOUT0)
                                                      0.083    21.695 r  design_1_i/subprocessorClk/inst/CLK_CORE_DRP_I/clk_inst/mmcm_adv_inst/CLKOUT0
                         net (fo=1, routed)           1.725    23.420    design_1_i/subprocessorClk/inst/CLK_CORE_DRP_I/clk_inst/clk_out1_design_1_subprocessorClk_0
    BUFGCTRL_X0Y0        BUFG (Prop_bufg_I_O)         0.091    23.511 r  design_1_i/subprocessorClk/inst/CLK_CORE_DRP_I/clk_inst/clkout1_buf/O
                         net (fo=34666, routed)       1.492    25.004    design_1_i/matmul_0/inst/ex/array/row[12].col[2].dsp.pe/aclk
    SLICE_X33Y46         FDRE                                         r  design_1_i/matmul_0/inst/ex/array/row[12].col[2].dsp.pe/sh_out_reg[30]/C
                         clock pessimism              0.373    25.376    
                         clock uncertainty           -0.102    25.274    
    SLICE_X33Y46         FDRE (Setup_fdre_C_CE)      -0.205    25.069    design_1_i/matmul_0/inst/ex/array/row[12].col[2].dsp.pe/sh_out_reg[30]
  -------------------------------------------------------------------
                         required time                         25.069    
                         arrival time                         -22.609    
  -------------------------------------------------------------------
                         slack                                  2.460    





Min Delay Paths
--------------------------------------------------------------------------------------
Slack (MET) :             0.013ns  (arrival time - required time)
  Source:                 design_1_i/matmul_0/inst/ex/array/row[11].col[8].lut.pe/acc_reg[27]/C
                            (rising edge-triggered cell FDRE clocked by clk_out1_design_1_subprocessorClk_0  {rise@0.000ns fall@10.000ns period=20.000ns})
  Destination:            design_1_i/matmul_0/inst/ex/array/row[11].col[8].lut.pe/sh_out_reg[27]/D
                            (rising edge-triggered cell FDRE clocked by clk_out1_design_1_subprocessorClk_0  {rise@0.000ns fall@10.000ns period=20.000ns})
  Path Group:             clk_out1_design_1_subprocessorClk_0
  Path Type:              Hold (Min at Fast Process Corner)
  Requirement:            0.000ns  (clk_out1_design_1_subprocessorClk_0 rise@0.000ns - clk_out1_design_1_subprocessorClk_0 rise@0.000ns)
  Data Path Delay:        0.379ns  (logic 0.186ns (49.123%)  route 0.193ns (50.877%))
  Logic Levels:           1  (LUT6=1)
  Clock Path Skew:        0.273ns (DCD - SCD - CPR)
    Destination Clock Delay (DCD):    2.434ns
    Source Clock Delay      (SCD):    1.840ns
    Clock Pessimism Removal (CPR):    0.320ns

    Location             Delay type                Incr(ns)  Path(ns)    Netlist Resource(s)
  -------------------------------------------------------------------    -------------------
                         (clock clk_out1_design_1_subprocessorClk_0 rise edge)
                                                      0.000     0.000 r  
    BUFGCTRL_X0Y16       BUFG                         0.000     0.000 r  design_1_i/processing_system7_0/inst/buffer_fclk_clk_0.FCLK_CLK_0_BUFG/O
                         net (fo=3757, routed)        0.597     0.597    design_1_i/subprocessorClk/inst/CLK_CORE_DRP_I/clk_inst/clk_in1
    MMCME2_ADV_X1Y0      MMCME2_ADV (Prop_mmcme2_adv_CLKIN1_CLKOUT0)
                                                      0.050     0.647 r  design_1_i/subprocessorClk/inst/CLK_CORE_DRP_I/clk_inst/mmcm_adv_inst/CLKOUT0
                         net (fo=1, routed)           0.529     1.176    design_1_i/subprocessorClk/inst/CLK_CORE_DRP_I/clk_inst/clk_out1_design_1_subprocessorClk_0
    BUFGCTRL_X0Y0        BUFG (Prop_bufg_I_O)         0.026     1.202 r  design_1_i/subprocessorClk/inst/CLK_CORE_DRP_I/clk_inst/clkout1_buf/O
                         net (fo=34666, routed)       0.639     1.840    design_1_i/matmul_0/inst/ex/array/row[11].col[8].lut.pe/aclk
    SLICE_X111Y50        FDRE                                         r  design_1_i/matmul_0/inst/ex/array/row[11].col[8].lut.pe/acc_reg[27]/C
  -------------------------------------------------------------------    -------------------
    SLICE_X111Y50        FDRE (Prop_fdre_C_Q)         0.141     1.981 r  design_1_i/matmul_0/inst/ex/array/row[11].col[8].lut.pe/acc_reg[27]/Q
                         net (fo=2, routed)           0.193     2.174    design_1_i/matmul_0/inst/ex/array/row[11].col[8].lut.pe/acc_reg[27]
    SLICE_X113Y48        LUT6 (Prop_lut6_I4_O)        0.045     2.219 r  design_1_i/matmul_0/inst/ex/array/row[11].col[8].lut.pe/sh_out[27]_i_1__118/O
                         net (fo=1, routed)           0.000     2.219    design_1_i/matmul_0/inst/ex/array/row[11].col[8].lut.pe/p_1_in[27]
    SLICE_X113Y48        FDRE                                         r  design_1_i/matmul_0/inst/ex/array/row[11].col[8].lut.pe/sh_out_reg[27]/D
  -------------------------------------------------------------------    -------------------

                         (clock clk_out1_design_1_subprocessorClk_0 rise edge)
                                                      0.000     0.000 r  
    BUFGCTRL_X0Y16       BUFG                         0.000     0.000 r  design_1_i/processing_system7_0/inst/buffer_fclk_clk_0.FCLK_CLK_0_BUFG/O
                         net (fo=3757, routed)        0.864     0.864    design_1_i/subprocessorClk/inst/CLK_CORE_DRP_I/clk_inst/clk_in1
    MMCME2_ADV_X1Y0      MMCME2_ADV (Prop_mmcme2_adv_CLKIN1_CLKOUT0)
                                                      0.053     0.917 r  design_1_i/subprocessorClk/inst/CLK_CORE_DRP_I/clk_inst/mmcm_adv_inst/CLKOUT0
                         net (fo=1, routed)           0.576     1.493    design_1_i/subprocessorClk/inst/CLK_CORE_DRP_I/clk_inst/clk_out1_design_1_subprocessorClk_0
    BUFGCTRL_X0Y0        BUFG (Prop_bufg_I_O)         0.029     1.522 r  design_1_i/subprocessorClk/inst/CLK_CORE_DRP_I/clk_inst/clkout1_buf/O
                         net (fo=34666, routed)       0.912     2.434    design_1_i/matmul_0/inst/ex/array/row[11].col[8].lut.pe/aclk
    SLICE_X113Y48        FDRE                                         r  design_1_i/matmul_0/inst/ex/array/row[11].col[8].lut.pe/sh_out_reg[27]/C
                         clock pessimism             -0.320     2.114    
    SLICE_X113Y48        FDRE (Hold_fdre_C_D)         0.092     2.206    design_1_i/matmul_0/inst/ex/array/row[11].col[8].lut.pe/sh_out_reg[27]
  -------------------------------------------------------------------
                         required time                         -2.205    
                         arrival time                           2.219    
  -------------------------------------------------------------------
                         slack                                  0.013    





Pulse Width Checks
--------------------------------------------------------------------------------------
Clock Name:         clk_out1_design_1_subprocessorClk_0
Waveform(ns):       { 0.000 10.000 }
Period(ns):         20.000
Sources:            { design_1_i/subprocessorClk/inst/CLK_CORE_DRP_I/clk_inst/mmcm_adv_inst/CLKOUT0 }

Check Type        Corner  Lib Pin             Reference Pin  Required(ns)  Actual(ns)  Slack(ns)  Location         Pin
Min Period        n/a     DSP48E1/CLK         n/a            3.884         20.000      16.116     DSP48_X3Y51      design_1_i/matmul_0/inst/ex/array/row[0].col[1].dsp.pe/acc_reg/CLK
Max Period        n/a     MMCME2_ADV/CLKOUT0  n/a            213.360       20.000      193.360    MMCME2_ADV_X1Y0  design_1_i/subprocessorClk/inst/CLK_CORE_DRP_I/clk_inst/mmcm_adv_inst/CLKOUT0
Low Pulse Width   Slow    RAMD32/CLK          n/a            1.250         10.000      8.750      SLICE_X0Y38      design_1_i/matmulHpConverter/inst/gen_axi4_axi3.axi3_conv_inst/USE_READ.USE_SPLIT_R.read_addr_inst/USE_R_CHANNEL.cmd_queue/inst/fifo_gen_inst/inst_fifo_gen/gconvfifo.rf/grf.rf/gntv_or_sync_fifo.mem/gdm.dm_gen.dm/RAM_reg_0_31_0_0/DP/CLK
High Pulse Width  Slow    RAMD32/CLK          n/a            1.250         10.000      8.750      SLICE_X0Y38      design_1_i/matmulHpConverter/inst/gen_axi4_axi3.axi3_conv_inst/USE_READ.USE_SPLIT_R.read_addr_inst/USE_R_CHANNEL.cmd_queue/inst/fifo_gen_inst/inst_fifo_gen/gconvfifo.rf/grf.rf/gntv_or_sync_fifo.mem/gdm.dm_gen.dm/RAM_reg_0_31_0_0/DP/CLK



---------------------------------------------------------------------------------------------------
From Clock:  clkfbout_design_1_subprocessorClk_0
  To Clock:  clkfbout_design_1_subprocessorClk_0

Setup :           NA  Failing Endpoints,  Worst Slack           NA  ,  Total Violation           NA
Hold  :           NA  Failing Endpoints,  Worst Slack           NA  ,  Total Violation           NA
PW    :            0  Failing Endpoints,  Worst Slack       18.751ns,  Total Violation        0.000ns
---------------------------------------------------------------------------------------------------


Pulse Width Checks
--------------------------------------------------------------------------------------
Clock Name:         clkfbout_design_1_subprocessorClk_0
Waveform(ns):       { 0.000 10.000 }
Period(ns):         20.000
Sources:            { design_1_i/subprocessorClk/inst/CLK_CORE_DRP_I/clk_inst/mmcm_adv_inst/CLKFBOUT }

Check Type  Corner  Lib Pin              Reference Pin  Required(ns)  Actual(ns)  Slack(ns)  Location         Pin
Min Period  n/a     MMCME2_ADV/CLKFBOUT  n/a            1.249         20.000      18.751     MMCME2_ADV_X1Y0  design_1_i/subprocessorClk/inst/CLK_CORE_DRP_I/clk_inst/mmcm_adv_inst/CLKFBOUT
Max Period  n/a     MMCME2_ADV/CLKFBIN   n/a            100.000       20.000      80.000     MMCME2_ADV_X1Y0  design_1_i/subprocessorClk/inst/CLK_CORE_DRP_I/clk_inst/mmcm_adv_inst/CLKFBIN



---------------------------------------------------------------------------------------------------
Path Group:  **async_default**
From Clock:  clk_out1_design_1_subprocessorClk_0
  To Clock:  clk_out1_design_1_subprocessorClk_0

Setup :            0  Failing Endpoints,  Worst Slack       15.503ns,  Total Violation        0.000ns
Hold  :            0  Failing Endpoints,  Worst Slack        0.692ns,  Total Violation        0.000ns
---------------------------------------------------------------------------------------------------


Max Delay Paths
--------------------------------------------------------------------------------------
Slack (MET) :             15.503ns  (required time - arrival time)
  Source:                 design_1_i/matmulHpConverter/inst/gen_axi4_axi3.axi3_conv_inst/USE_READ.USE_SPLIT_R.read_addr_inst/USE_R_CHANNEL.cmd_queue/inst/fifo_gen_inst/inst_fifo_gen/gconvfifo.rf/grf.rf/rstblk/ngwrdrst.grst.g7serrst.gnsckt_wrst.rst_wr_reg2_inst/arststages_ff_reg[1]/C
                            (rising edge-triggered cell FDPE clocked by clk_out1_design_1_subprocessorClk_0  {rise@0.000ns fall@10.000ns period=20.000ns})
  Destination:            design_1_i/matmulHpConverter/inst/gen_axi4_axi3.axi3_conv_inst/USE_READ.USE_SPLIT_R.read_addr_inst/USE_R_CHANNEL.cmd_queue/inst/fifo_gen_inst/inst_fifo_gen/gconvfifo.rf/grf.rf/gntv_or_sync_fifo.gl0.rd/gr1.gr1_int.rfwft/empty_fwft_fb_i_reg/PRE
                            (recovery check against rising-edge clock clk_out1_design_1_subprocessorClk_0  {rise@0.000ns fall@10.000ns period=20.000ns})
  Path Group:             **async_default**
  Path Type:              Recovery (Max at Slow Process Corner)
  Requirement:            20.000ns  (clk_out1_design_1_subprocessorClk_0 rise@20.000ns - clk_out1_design_1_subprocessorClk_0 rise@0.000ns)
  Data Path Delay:        3.908ns  (logic 0.718ns (18.375%)  route 3.190ns (81.625%))
  Logic Levels:           1  (LUT3=1)
  Clock Path Skew:        -0.126ns (DCD - SCD + CPR)
    Destination Clock Delay (DCD):    5.089ns = ( 25.089 - 20.000 ) 
    Source Clock Delay      (SCD):    5.702ns
    Clock Pessimism Removal (CPR):    0.487ns
  Clock Uncertainty:      0.102ns  ((TSJ^2 + DJ^2)^1/2) / 2 + PE
    Total System Jitter     (TSJ):    0.071ns
    Discrete Jitter          (DJ):    0.192ns
    Phase Error              (PE):    0.000ns

    Location             Delay type                Incr(ns)  Path(ns)    Netlist Resource(s)
  -------------------------------------------------------------------    -------------------
                         (clock clk_out1_design_1_subprocessorClk_0 rise edge)
                                                      0.000     0.000 r  
    BUFGCTRL_X0Y16       BUFG                         0.000     0.000 r  design_1_i/processing_system7_0/inst/buffer_fclk_clk_0.FCLK_CLK_0_BUFG/O
                         net (fo=3757, routed)        1.806     1.806    design_1_i/subprocessorClk/inst/CLK_CORE_DRP_I/clk_inst/clk_in1
    MMCME2_ADV_X1Y0      MMCME2_ADV (Prop_mmcme2_adv_CLKIN1_CLKOUT0)
                                                      0.088     1.894 r  design_1_i/subprocessorClk/inst/CLK_CORE_DRP_I/clk_inst/mmcm_adv_inst/CLKOUT0
                         net (fo=1, routed)           1.889     3.783    design_1_i/subprocessorClk/inst/CLK_CORE_DRP_I/clk_inst/clk_out1_design_1_subprocessorClk_0
    BUFGCTRL_X0Y0        BUFG (Prop_bufg_I_O)         0.101     3.884 r  design_1_i/subprocessorClk/inst/CLK_CORE_DRP_I/clk_inst/clkout1_buf/O
                         net (fo=34666, routed)       1.818     5.702    design_1_i/matmulHpConverter/inst/gen_axi4_axi3.axi3_conv_inst/USE_READ.USE_SPLIT_R.read_addr_inst/USE_R_CHANNEL.cmd_queue/inst/fifo_gen_inst/inst_fifo_gen/gconvfifo.rf/grf.rf/rstblk/ngwrdrst.grst.g7serrst.gnsckt_wrst.rst_wr_reg2_inst/dest_clk
    SLICE_X1Y27          FDPE                                         r  design_1_i/matmulHpConverter/inst/gen_axi4_axi3.axi3_conv_inst/USE_READ.USE_SPLIT_R.read_addr_inst/USE_R_CHANNEL.cmd_queue/inst/fifo_gen_inst/inst_fifo_gen/gconvfifo.rf/grf.rf/rstblk/ngwrdrst.grst.g7serrst.gnsckt_wrst.rst_wr_reg2_inst/arststages_ff_reg[1]/C
  -------------------------------------------------------------------    -------------------
    SLICE_X1Y27          FDPE (Prop_fdpe_C_Q)         0.419     6.121 f  design_1_i/matmulHpConverter/inst/gen_axi4_axi3.axi3_conv_inst/USE_READ.USE_SPLIT_R.read_addr_inst/USE_R_CHANNEL.cmd_queue/inst/fifo_gen_inst/inst_fifo_gen/gconvfifo.rf/grf.rf/rstblk/ngwrdrst.grst.g7serrst.gnsckt_wrst.rst_wr_reg2_inst/arststages_ff_reg[1]/Q
                         net (fo=2, routed)           1.016     7.137    design_1_i/matmulHpConverter/inst/gen_axi4_axi3.axi3_conv_inst/USE_READ.USE_SPLIT_R.read_addr_inst/USE_R_CHANNEL.cmd_queue/inst/fifo_gen_inst/inst_fifo_gen/gconvfifo.rf/grf.rf/rstblk/ngwrdrst.rst_wr_reg2
    SLICE_X4Y32          LUT3 (Prop_lut3_I2_O)        0.299     7.436 f  design_1_i/matmulHpConverter/inst/gen_axi4_axi3.axi3_conv_inst/USE_READ.USE_SPLIT_R.read_addr_inst/USE_R_CHANNEL.cmd_queue/inst/fifo_gen_inst/inst_fifo_gen/gconvfifo.rf/grf.rf/rstblk/gpregsm1.curr_fwft_state[1]_i_2/O
                         net (fo=33, routed)          2.174     9.610    design_1_i/matmulHpConverter/inst/gen_axi4_axi3.axi3_conv_inst/USE_READ.USE_SPLIT_R.read_addr_inst/USE_R_CHANNEL.cmd_queue/inst/fifo_gen_inst/inst_fifo_gen/gconvfifo.rf/grf.rf/gntv_or_sync_fifo.gl0.rd/gr1.gr1_int.rfwft/gpregsm1.user_valid_reg_0
    SLICE_X14Y43         FDPE                                         f  design_1_i/matmulHpConverter/inst/gen_axi4_axi3.axi3_conv_inst/USE_READ.USE_SPLIT_R.read_addr_inst/USE_R_CHANNEL.cmd_queue/inst/fifo_gen_inst/inst_fifo_gen/gconvfifo.rf/grf.rf/gntv_or_sync_fifo.gl0.rd/gr1.gr1_int.rfwft/empty_fwft_fb_i_reg/PRE
  -------------------------------------------------------------------    -------------------

                         (clock clk_out1_design_1_subprocessorClk_0 rise edge)
                                                     20.000    20.000 r  
    BUFGCTRL_X0Y16       BUFG                         0.000    20.000 r  design_1_i/processing_system7_0/inst/buffer_fclk_clk_0.FCLK_CLK_0_BUFG/O
                         net (fo=3757, routed)        1.612    21.612    design_1_i/subprocessorClk/inst/CLK_CORE_DRP_I/clk_inst/clk_in1
    MMCME2_ADV_X1Y0      MMCME2_ADV (Prop_mmcme2_adv_CLKIN1_CLKOUT0)
                                                      0.083    21.695 r  design_1_i/subprocessorClk/inst/CLK_CORE_DRP_I/clk_inst/mmcm_adv_inst/CLKOUT0
                         net (fo=1, routed)           1.725    23.420    design_1_i/subprocessorClk/inst/CLK_CORE_DRP_I/clk_inst/clk_out1_design_1_subprocessorClk_0
    BUFGCTRL_X0Y0        BUFG (Prop_bufg_I_O)         0.091    23.511 r  design_1_i/subprocessorClk/inst/CLK_CORE_DRP_I/clk_inst/clkout1_buf/O
                         net (fo=34666, routed)       1.577    25.089    design_1_i/matmulHpConverter/inst/gen_axi4_axi3.axi3_conv_inst/USE_READ.USE_SPLIT_R.read_addr_inst/USE_R_CHANNEL.cmd_queue/inst/fifo_gen_inst/inst_fifo_gen/gconvfifo.rf/grf.rf/gntv_or_sync_fifo.gl0.rd/gr1.gr1_int.rfwft/clk
    SLICE_X14Y43         FDPE                                         r  design_1_i/matmulHpConverter/inst/gen_axi4_axi3.axi3_conv_inst/USE_READ.USE_SPLIT_R.read_addr_inst/USE_R_CHANNEL.cmd_queue/inst/fifo_gen_inst/inst_fifo_gen/gconvfifo.rf/grf.rf/gntv_or_sync_fifo.gl0.rd/gr1.gr1_int.rfwft/empty_fwft_fb_i_reg/C
                         clock pessimism              0.487    25.576    
                         clock uncertainty           -0.102    25.474    
    SLICE_X14Y43         FDPE (Recov_fdpe_C_PRE)     -0.361    25.113    design_1_i/matmulHpConverter/inst/gen_axi4_axi3.axi3_conv_inst/USE_READ.USE_SPLIT_R.read_addr_inst/USE_R_CHANNEL.cmd_queue/inst/fifo_gen_inst/inst_fifo_gen/gconvfifo.rf/grf.rf/gntv_or_sync_fifo.gl0.rd/gr1.gr1_int.rfwft/empty_fwft_fb_i_reg
  -------------------------------------------------------------------
                         required time                         25.113    
                         arrival time                          -9.610    
  -------------------------------------------------------------------
                         slack                                 15.503    





Min Delay Paths
--------------------------------------------------------------------------------------
Slack (MET) :             0.692ns  (arrival time - required time)
  Source:                 design_1_i/matmulHpConverter/inst/gen_axi4_axi3.axi3_conv_inst/USE_WRITE.write_addr_inst/USE_B_CHANNEL.cmd_b_queue/inst/fifo_gen_inst/inst_fifo_gen/gconvfifo.rf/grf.rf/rstblk/ngwrdrst.grst.g7serrst.gnsckt_wrst.gcc_rst.sckt_wr_rst_cc_reg[1]/C
                            (rising edge-triggered cell FDRE clocked by clk_out1_design_1_subprocessorClk_0  {rise@0.000ns fall@10.000ns period=20.000ns})
  Destination:            design_1_i/matmulHpConverter/inst/gen_axi4_axi3.axi3_conv_inst/USE_WRITE.write_addr_inst/USE_B_CHANNEL.cmd_b_queue/inst/fifo_gen_inst/inst_fifo_gen/gconvfifo.rf/grf.rf/gntv_or_sync_fifo.gl0.rd/rpntr/gc0.count_reg[3]/CLR
                            (removal check against rising-edge clock clk_out1_design_1_subprocessorClk_0  {rise@0.000ns fall@10.000ns period=20.000ns})
  Path Group:             **async_default**
  Path Type:              Removal (Min at Fast Process Corner)
  Requirement:            0.000ns  (clk_out1_design_1_subprocessorClk_0 rise@0.000ns - clk_out1_design_1_subprocessorClk_0 rise@0.000ns)
  Data Path Delay:        0.641ns  (logic 0.186ns (29.034%)  route 0.455ns (70.966%))
  Logic Levels:           1  (LUT3=1)
  Clock Path Skew:        0.016ns (DCD - SCD - CPR)
    Destination Clock Delay (DCD):    2.409ns
    Source Clock Delay      (SCD):    1.818ns
    Clock Pessimism Removal (CPR):    0.575ns

    Location             Delay type                Incr(ns)  Path(ns)    Netlist Resource(s)
  -------------------------------------------------------------------    -------------------
                         (clock clk_out1_design_1_subprocessorClk_0 rise edge)
                                                      0.000     0.000 r  
    BUFGCTRL_X0Y16       BUFG                         0.000     0.000 r  design_1_i/processing_system7_0/inst/buffer_fclk_clk_0.FCLK_CLK_0_BUFG/O
                         net (fo=3757, routed)        0.597     0.597    design_1_i/subprocessorClk/inst/CLK_CORE_DRP_I/clk_inst/clk_in1
    MMCME2_ADV_X1Y0      MMCME2_ADV (Prop_mmcme2_adv_CLKIN1_CLKOUT0)
                                                      0.050     0.647 r  design_1_i/subprocessorClk/inst/CLK_CORE_DRP_I/clk_inst/mmcm_adv_inst/CLKOUT0
                         net (fo=1, routed)           0.529     1.176    design_1_i/subprocessorClk/inst/CLK_CORE_DRP_I/clk_inst/clk_out1_design_1_subprocessorClk_0
    BUFGCTRL_X0Y0        BUFG (Prop_bufg_I_O)         0.026     1.202 r  design_1_i/subprocessorClk/inst/CLK_CORE_DRP_I/clk_inst/clkout1_buf/O
                         net (fo=34666, routed)       0.617     1.818    design_1_i/matmulHpConverter/inst/gen_axi4_axi3.axi3_conv_inst/USE_WRITE.write_addr_inst/USE_B_CHANNEL.cmd_b_queue/inst/fifo_gen_inst/inst_fifo_gen/gconvfifo.rf/grf.rf/rstblk/clk
    SLICE_X1Y32          FDRE                                         r  design_1_i/matmulHpConverter/inst/gen_axi4_axi3.axi3_conv_inst/USE_WRITE.write_addr_inst/USE_B_CHANNEL.cmd_b_queue/inst/fifo_gen_inst/inst_fifo_gen/gconvfifo.rf/grf.rf/rstblk/ngwrdrst.grst.g7serrst.gnsckt_wrst.gcc_rst.sckt_wr_rst_cc_reg[1]/C
  -------------------------------------------------------------------    -------------------
    SLICE_X1Y32          FDRE (Prop_fdre_C_Q)         0.141     1.959 f  design_1_i/matmulHpConverter/inst/gen_axi4_axi3.axi3_conv_inst/USE_WRITE.write_addr_inst/USE_B_CHANNEL.cmd_b_queue/inst/fifo_gen_inst/inst_fifo_gen/gconvfifo.rf/grf.rf/rstblk/ngwrdrst.grst.g7serrst.gnsckt_wrst.gcc_rst.sckt_wr_rst_cc_reg[1]/Q
                         net (fo=2, routed)           0.256     2.215    design_1_i/matmulHpConverter/inst/gen_axi4_axi3.axi3_conv_inst/USE_WRITE.write_addr_inst/USE_B_CHANNEL.cmd_b_queue/inst/fifo_gen_inst/inst_fifo_gen/gconvfifo.rf/grf.rf/rstblk/ngwrdrst.grst.g7serrst.gnsckt_wrst.gcc_rst.sckt_wr_rst_cc[1]
    SLICE_X0Y33          LUT3 (Prop_lut3_I0_O)        0.045     2.260 f  design_1_i/matmulHpConverter/inst/gen_axi4_axi3.axi3_conv_inst/USE_WRITE.write_addr_inst/USE_B_CHANNEL.cmd_b_queue/inst/fifo_gen_inst/inst_fifo_gen/gconvfifo.rf/grf.rf/rstblk/gpregsm1.curr_fwft_state[1]_i_2/O
                         net (fo=32, routed)          0.199     2.459    design_1_i/matmulHpConverter/inst/gen_axi4_axi3.axi3_conv_inst/USE_WRITE.write_addr_inst/USE_B_CHANNEL.cmd_b_queue/inst/fifo_gen_inst/inst_fifo_gen/gconvfifo.rf/grf.rf/gntv_or_sync_fifo.gl0.rd/rpntr/gc0.count_d1_reg[4]_1
    SLICE_X2Y34          FDCE                                         f  design_1_i/matmulHpConverter/inst/gen_axi4_axi3.axi3_conv_inst/USE_WRITE.write_addr_inst/USE_B_CHANNEL.cmd_b_queue/inst/fifo_gen_inst/inst_fifo_gen/gconvfifo.rf/grf.rf/gntv_or_sync_fifo.gl0.rd/rpntr/gc0.count_reg[3]/CLR
  -------------------------------------------------------------------    -------------------

                         (clock clk_out1_design_1_subprocessorClk_0 rise edge)
                                                      0.000     0.000 r  
    BUFGCTRL_X0Y16       BUFG                         0.000     0.000 r  design_1_i/processing_system7_0/inst/buffer_fclk_clk_0.FCLK_CLK_0_BUFG/O
                         net (fo=3757, routed)        0.864     0.864    design_1_i/subprocessorClk/inst/CLK_CORE_DRP_I/clk_inst/clk_in1
    MMCME2_ADV_X1Y0      MMCME2_ADV (Prop_mmcme2_adv_CLKIN1_CLKOUT0)
                                                      0.053     0.917 r  design_1_i/subprocessorClk/inst/CLK_CORE_DRP_I/clk_inst/mmcm_adv_inst/CLKOUT0
                         net (fo=1, routed)           0.576     1.493    design_1_i/subprocessorClk/inst/CLK_CORE_DRP_I/clk_inst/clk_out1_design_1_subprocessorClk_0
    BUFGCTRL_X0Y0        BUFG (Prop_bufg_I_O)         0.029     1.522 r  design_1_i/subprocessorClk/inst/CLK_CORE_DRP_I/clk_inst/clkout1_buf/O
                         net (fo=34666, routed)       0.887     2.409    design_1_i/matmulHpConverter/inst/gen_axi4_axi3.axi3_conv_inst/USE_WRITE.write_addr_inst/USE_B_CHANNEL.cmd_b_queue/inst/fifo_gen_inst/inst_fifo_gen/gconvfifo.rf/grf.rf/gntv_or_sync_fifo.gl0.rd/rpntr/clk
    SLICE_X2Y34          FDCE                                         r  design_1_i/matmulHpConverter/inst/gen_axi4_axi3.axi3_conv_inst/USE_WRITE.write_addr_inst/USE_B_CHANNEL.cmd_b_queue/inst/fifo_gen_inst/inst_fifo_gen/gconvfifo.rf/grf.rf/gntv_or_sync_fifo.gl0.rd/rpntr/gc0.count_reg[3]/C
                         clock pessimism             -0.575     1.834    
    SLICE_X2Y34          FDCE (Remov_fdce_C_CLR)     -0.067     1.767    design_1_i/matmulHpConverter/inst/gen_axi4_axi3.axi3_conv_inst/USE_WRITE.write_addr_inst/USE_B_CHANNEL.cmd_b_queue/inst/fifo_gen_inst/inst_fifo_gen/gconvfifo.rf/grf.rf/gntv_or_sync_fifo.gl0.rd/rpntr/gc0.count_reg[3]
  -------------------------------------------------------------------
                         required time                         -1.767    
                         arrival time                           2.459    
  -------------------------------------------------------------------
                         slack                                  0.692    





