Copyright 1986-2022 Xilinx, Inc. All Rights Reserved. Copyright 2022-2024 Advanced Micro Devices, Inc. All Rights Reserved.
---------------------------------------------------------------------------------------------------------------------------------------------------
| Tool Version : Vivado v.2024.1 (lin64) Build 5076996 Wed May 22 18:36:09 MDT 2024
| Date         : Sat Sep 26 00:54:03 2026
| Host         : jon-Zephyrus-M-GM501GS running 64-bit Ubuntu 24.04.5 LTS
| Command      : report_timing_summary -file /home/jon/Projects/torch2isa/Torch2RISCV-accelerator/RISCV-on-PYNQ-Z1/build/output/timing_summary.rpt
| Design       : design_1_wrapper
| Device       : 7z020-clg400
| Speed File   : -1  PRODUCTION 1.12 2019-11-22
| Design State : Routed
---------------------------------------------------------------------------------------------------------------------------------------------------

Timing Summary Report

------------------------------------------------------------------------------------------------
| Timer Settings
| --------------
------------------------------------------------------------------------------------------------

  Enable Multi Corner Analysis               :  Yes
  Enable Pessimism Removal                   :  Yes
  Pessimism Removal Resolution               :  Nearest Common Node
  Enable Input Delay Default Clock           :  No
  Enable Preset / Clear Arcs                 :  No
  Disable Flight Delays                      :  No
  Ignore I/O Paths                           :  No
  Timing Early Launch at Borrowing Latches   :  No
  Borrow Time for Max Delay Exceptions       :  Yes
  Merge Timing Exceptions                    :  Yes
  Inter-SLR Compensation                     :  Conservative

  Corner  Analyze    Analyze    
  Name    Max Paths  Min Paths  
  ------  ---------  ---------  
  Slow    Yes        Yes        
  Fast    Yes        Yes        


------------------------------------------------------------------------------------------------
| Report Methodology
| ------------------
------------------------------------------------------------------------------------------------

Rule       Severity          Description                                         Violations  
---------  ----------------  --------------------------------------------------  ----------  
TIMING-4   Critical Warning  Invalid primary clock redefinition on a clock tree  1           
TIMING-27  Critical Warning  Invalid primary clock on hierarchical pin           1           
LUTAR-1    Warning           LUT drives async reset alert                        3           

Note: This report is based on the most recent report_methodology run and may not be up-to-date. Run report_methodology on the current design for the latest report.



check_timing report

Table of Contents
-----------------
1. checking no_clock (0)
2. checking constant_clock (0)
3. checking pulse_width_clock (0)
4. checking unconstrained_internal_endpoints (0)
5. checking no_input_delay (0)
6. checking no_output_delay (0)
7. checking multiple_clock (0)
8. checking generated_clocks (0)
9. checking loops (0)
10. checking partial_input_delay (0)
11. checking partial_output_delay (0)
12. checking latch_loops (0)

1. checking no_clock (0)
------------------------
 There are 0 register/latch pins with no clock.


2. checking constant_clock (0)
------------------------------
 There are 0 register/latch pins with constant_clock.


3. checking pulse_width_clock (0)
---------------------------------
 There are 0 register/latch pins which need pulse_width check


4. checking unconstrained_internal_endpoints (0)
------------------------------------------------
 There are 0 pins that are not constrained for maximum delay.

 There are 0 pins that are not constrained for maximum delay due to constant clock.


5. checking no_input_delay (0)
------------------------------
 There are 0 input ports with no input delay specified.

 There are 0 input ports with no input delay but user has a false path constraint.


6. checking no_output_delay (0)
-------------------------------
 There are 0 ports with no output delay specified.

 There are 0 ports with no output delay but user has a false path constraint

 There are 0 ports with no output delay but with a timing clock defined on it or propagating through it


7. checking multiple_clock (0)
------------------------------
 There are 0 register/latch pins with multiple clocks.


8. checking generated_clocks (0)
--------------------------------
 There are 0 generated clocks that are not connected to a clock source.


9. checking loops (0)
---------------------
 There are 0 combinational loops in the design.


10. checking partial_input_delay (0)
------------------------------------
 There are 0 input ports with partial input delay specified.


11. checking partial_output_delay (0)
-------------------------------------
 There are 0 ports with partial output delay specified.


12. checking latch_loops (0)
----------------------------
 There are 0 combinational latch loops in the design through latch input



------------------------------------------------------------------------------------------------
| Design Timing Summary
| ---------------------
------------------------------------------------------------------------------------------------

    WNS(ns)      TNS(ns)  TNS Failing Endpoints  TNS Total Endpoints      WHS(ns)      THS(ns)  THS Failing Endpoints  THS Total Endpoints     WPWS(ns)     TPWS(ns)  TPWS Failing Endpoints  TPWS Total Endpoints  
    -------      -------  ---------------------  -------------------      -------      -------  ---------------------  -------------------     --------     --------  ----------------------  --------------------  
      1.836        0.000                      0                94629        0.014        0.000                      0                94629        7.000        0.000                       0                 36387  


All user specified timing constraints are met.


------------------------------------------------------------------------------------------------
| Clock Summary
| -------------
------------------------------------------------------------------------------------------------

Clock                                    Waveform(ns)       Period(ns)      Frequency(MHz)
-----                                    ------------       ----------      --------------
clk_fpga_0                               {0.000 10.000}     20.000          50.000          
clk_fpga_1                               {0.000 10.000}     20.000          50.000          
design_1_i/subprocessorClk/inst/clk_in1  {0.000 10.000}     20.000          50.000          
  clk_out1_design_1_subprocessorClk_0    {0.000 10.000}     20.000          50.000          
  clkfbout_design_1_subprocessorClk_0    {0.000 10.000}     20.000          50.000          


------------------------------------------------------------------------------------------------
| Intra Clock Table
| -----------------
------------------------------------------------------------------------------------------------

Clock                                        WNS(ns)      TNS(ns)  TNS Failing Endpoints  TNS Total Endpoints      WHS(ns)      THS(ns)  THS Failing Endpoints  THS Total Endpoints     WPWS(ns)     TPWS(ns)  TPWS Failing Endpoints  TPWS Total Endpoints  
-----                                        -------      -------  ---------------------  -------------------      -------      -------  ---------------------  -------------------     --------     --------  ----------------------  --------------------  
clk_fpga_0                                     7.709        0.000                      0                 9068        0.039        0.000                      0                 9068        7.500        0.000                       0                  3768  
design_1_i/subprocessorClk/inst/clk_in1                                                                                                                                                    7.000        0.000                       0                     1  
  clk_out1_design_1_subprocessorClk_0          1.836        0.000                      0                85465        0.014        0.000                      0                85465        8.750        0.000                       0                 32616  
  clkfbout_design_1_subprocessorClk_0                                                                                                                                                     18.751        0.000                       0                     2  


------------------------------------------------------------------------------------------------
| Inter Clock Table
| -----------------
------------------------------------------------------------------------------------------------

From Clock    To Clock          WNS(ns)      TNS(ns)  TNS Failing Endpoints  TNS Total Endpoints      WHS(ns)      THS(ns)  THS Failing Endpoints  THS Total Endpoints  
----------    --------          -------      -------  ---------------------  -------------------      -------      -------  ---------------------  -------------------  


------------------------------------------------------------------------------------------------
| Other Path Groups Table
| -----------------------
------------------------------------------------------------------------------------------------

Path Group                           From Clock                           To Clock                                 WNS(ns)      TNS(ns)  TNS Failing Endpoints  TNS Total Endpoints      WHS(ns)      THS(ns)  THS Failing Endpoints  THS Total Endpoints  
----------                           ----------                           --------                                 -------      -------  ---------------------  -------------------      -------      -------  ---------------------  -------------------  
**async_default**                    clk_out1_design_1_subprocessorClk_0  clk_out1_design_1_subprocessorClk_0       15.144        0.000                      0                   96        0.606        0.000                      0                   96  


------------------------------------------------------------------------------------------------
| Timing Details
| --------------
------------------------------------------------------------------------------------------------


---------------------------------------------------------------------------------------------------
From Clock:  clk_fpga_0
  To Clock:  clk_fpga_0

Setup :            0  Failing Endpoints,  Worst Slack        7.709ns,  Total Violation        0.000ns
Hold  :            0  Failing Endpoints,  Worst Slack        0.039ns,  Total Violation        0.000ns
PW    :            0  Failing Endpoints,  Worst Slack        7.500ns,  Total Violation        0.000ns
---------------------------------------------------------------------------------------------------


Max Delay Paths
--------------------------------------------------------------------------------------
Slack (MET) :             7.709ns  (required time - arrival time)
  Source:                 design_1_i/processing_system7_0/inst/PS7_i/MAXIGP0ACLK
                            (rising edge-triggered cell PS7 clocked by clk_fpga_0  {rise@0.000ns fall@10.000ns period=20.000ns})
  Destination:            design_1_i/psAxiInterconnect/xbar/inst/gen_samd.crossbar_samd/addr_arbiter_ar/gen_no_arbiter.m_target_hot_i_reg[0]/CE
                            (rising edge-triggered cell FDRE clocked by clk_fpga_0  {rise@0.000ns fall@10.000ns period=20.000ns})
  Path Group:             clk_fpga_0
  Path Type:              Setup (Max at Slow Process Corner)
  Requirement:            20.000ns  (clk_fpga_0 rise@20.000ns - clk_fpga_0 rise@0.000ns)
  Data Path Delay:        11.711ns  (logic 2.912ns (24.866%)  route 8.799ns (75.134%))
  Logic Levels:           6  (CARRY4=1 LUT3=1 LUT5=1 LUT6=3)
  Clock Path Skew:        -0.073ns (DCD - SCD + CPR)
    Destination Clock Delay (DCD):    2.829ns = ( 22.829 - 20.000 ) 
    Source Clock Delay      (SCD):    3.031ns
    Clock Pessimism Removal (CPR):    0.129ns
  Clock Uncertainty:      0.302ns  ((TSJ^2 + TIJ^2)^1/2 + DJ) / 2 + PE
    Total System Jitter     (TSJ):    0.071ns
    Total Input Jitter      (TIJ):    0.600ns
    Discrete Jitter          (DJ):    0.000ns
    Phase Error              (PE):    0.000ns

    Location             Delay type                Incr(ns)  Path(ns)    Netlist Resource(s)
  -------------------------------------------------------------------    -------------------
                         (clock clk_fpga_0 rise edge)
                                                      0.000     0.000 r  
    PS7_X0Y0             PS7                          0.000     0.000 r  design_1_i/processing_system7_0/inst/PS7_i/FCLKCLK[0]
                         net (fo=1, routed)           1.193     1.193    design_1_i/processing_system7_0/inst/FCLK_CLK_unbuffered[0]
    BUFGCTRL_X0Y16       BUFG (Prop_bufg_I_O)         0.101     1.294 r  design_1_i/processing_system7_0/inst/buffer_fclk_clk_0.FCLK_CLK_0_BUFG/O
                         net (fo=3769, routed)        1.737     3.031    design_1_i/processing_system7_0/inst/M_AXI_GP0_ACLK
    PS7_X0Y0             PS7                                          r  design_1_i/processing_system7_0/inst/PS7_i/MAXIGP0ACLK
  -------------------------------------------------------------------    -------------------
    PS7_X0Y0             PS7 (Prop_ps7_MAXIGP0ACLK_MAXIGP0ARID[6])
                                                      1.450     4.481 r  design_1_i/processing_system7_0/inst/PS7_i/MAXIGP0ARID[6]
                         net (fo=17, routed)          3.485     7.966    design_1_i/psAxiInterconnect/xbar/inst/gen_samd.crossbar_samd/gen_slave_slots[0].gen_si_read.si_transactor_ar/s_axi_arid[6]
    SLICE_X32Y114        LUT6 (Prop_lut6_I0_O)        0.124     8.090 r  design_1_i/psAxiInterconnect/xbar/inst/gen_samd.crossbar_samd/gen_slave_slots[0].gen_si_read.si_transactor_ar/gen_multi_thread.aid_match_30_carry_i_2/O
                         net (fo=1, routed)           0.000     8.090    design_1_i/psAxiInterconnect/xbar/inst/gen_samd.crossbar_samd/gen_slave_slots[0].gen_si_read.si_transactor_ar/gen_multi_thread.aid_match_30_carry_i_2_n_0
    SLICE_X32Y114        CARRY4 (Prop_carry4_S[2]_CO[3])
                                                      0.380     8.470 f  design_1_i/psAxiInterconnect/xbar/inst/gen_samd.crossbar_samd/gen_slave_slots[0].gen_si_read.si_transactor_ar/gen_multi_thread.aid_match_30_carry/CO[3]
                         net (fo=2, routed)           1.346     9.816    design_1_i/psAxiInterconnect/xbar/inst/gen_samd.crossbar_samd/gen_slave_slots[0].gen_si_read.si_transactor_ar/gen_multi_thread.aid_match_30
    SLICE_X27Y114        LUT5 (Prop_lut5_I4_O)        0.153     9.969 f  design_1_i/psAxiInterconnect/xbar/inst/gen_samd.crossbar_samd/gen_slave_slots[0].gen_si_read.si_transactor_ar/gen_multi_thread.gen_thread_loop[7].active_target[57]_i_15/O
                         net (fo=6, routed)           0.858    10.827    design_1_i/psAxiInterconnect/xbar/inst/gen_samd.crossbar_samd/gen_slave_slots[0].gen_si_read.si_transactor_ar/gen_multi_thread.aid_match_3__0
    SLICE_X29Y113        LUT3 (Prop_lut3_I1_O)        0.355    11.182 f  design_1_i/psAxiInterconnect/xbar/inst/gen_samd.crossbar_samd/gen_slave_slots[0].gen_si_read.si_transactor_ar/gen_no_arbiter.s_ready_i[0]_i_22/O
                         net (fo=1, routed)           0.805    11.987    design_1_i/psAxiInterconnect/xbar/inst/gen_samd.crossbar_samd/gen_slave_slots[0].gen_si_read.si_transactor_ar/gen_no_arbiter.s_ready_i[0]_i_22_n_0
    SLICE_X29Y115        LUT6 (Prop_lut6_I5_O)        0.326    12.313 f  design_1_i/psAxiInterconnect/xbar/inst/gen_samd.crossbar_samd/gen_slave_slots[0].gen_si_read.si_transactor_ar/gen_no_arbiter.s_ready_i[0]_i_5/O
                         net (fo=2, routed)           0.429    12.742    design_1_i/psAxiInterconnect/xbar/inst/gen_samd.crossbar_samd/gen_slave_slots[0].gen_si_read.si_transactor_ar/gen_no_arbiter.s_ready_i[0]_i_5_n_0
    SLICE_X30Y116        LUT6 (Prop_lut6_I3_O)        0.124    12.866 r  design_1_i/psAxiInterconnect/xbar/inst/gen_samd.crossbar_samd/gen_slave_slots[0].gen_si_read.si_transactor_ar/gen_no_arbiter.s_ready_i[0]_i_1/O
                         net (fo=5, routed)           1.876    14.742    design_1_i/psAxiInterconnect/xbar/inst/gen_samd.crossbar_samd/addr_arbiter_ar/E[0]
    SLICE_X39Y138        FDRE                                         r  design_1_i/psAxiInterconnect/xbar/inst/gen_samd.crossbar_samd/addr_arbiter_ar/gen_no_arbiter.m_target_hot_i_reg[0]/CE
  -------------------------------------------------------------------    -------------------

                         (clock clk_fpga_0 rise edge)
                                                     20.000    20.000 r  
    PS7_X0Y0             PS7                          0.000    20.000 r  design_1_i/processing_system7_0/inst/PS7_i/FCLKCLK[0]
                         net (fo=1, routed)           1.088    21.088    design_1_i/processing_system7_0/inst/FCLK_CLK_unbuffered[0]
    BUFGCTRL_X0Y16       BUFG (Prop_bufg_I_O)         0.091    21.179 r  design_1_i/processing_system7_0/inst/buffer_fclk_clk_0.FCLK_CLK_0_BUFG/O
                         net (fo=3769, routed)        1.650    22.829    design_1_i/psAxiInterconnect/xbar/inst/gen_samd.crossbar_samd/addr_arbiter_ar/aclk
    SLICE_X39Y138        FDRE                                         r  design_1_i/psAxiInterconnect/xbar/inst/gen_samd.crossbar_samd/addr_arbiter_ar/gen_no_arbiter.m_target_hot_i_reg[0]/C
                         clock pessimism              0.129    22.958    
                         clock uncertainty           -0.302    22.656    
    SLICE_X39Y138        FDRE (Setup_fdre_C_CE)      -0.205    22.451    design_1_i/psAxiInterconnect/xbar/inst/gen_samd.crossbar_samd/addr_arbiter_ar/gen_no_arbiter.m_target_hot_i_reg[0]
  -------------------------------------------------------------------
                         required time                         22.451    
                         arrival time                         -14.742    
  -------------------------------------------------------------------
                         slack                                  7.709    





Min Delay Paths
--------------------------------------------------------------------------------------
Slack (MET) :             0.039ns  (arrival time - required time)
  Source:                 design_1_i/psAxiInterconnect/m01_couplers/auto_pc/inst/gen_axilite.gen_b2s_conv.axilite_b2s/WR.aw_channel_0/s_awid_r_reg[7]/C
                            (rising edge-triggered cell FDRE clocked by clk_fpga_0  {rise@0.000ns fall@10.000ns period=20.000ns})
  Destination:            design_1_i/psAxiInterconnect/m01_couplers/auto_pc/inst/gen_axilite.gen_b2s_conv.axilite_b2s/WR.b_channel_0/bid_fifo_0/memory_reg[3][15]_srl4/D
                            (rising edge-triggered cell SRL16E clocked by clk_fpga_0  {rise@0.000ns fall@10.000ns period=20.000ns})
  Path Group:             clk_fpga_0
  Path Type:              Hold (Min at Fast Process Corner)
  Requirement:            0.000ns  (clk_fpga_0 rise@0.000ns - clk_fpga_0 rise@0.000ns)
  Data Path Delay:        0.257ns  (logic 0.141ns (54.812%)  route 0.116ns (45.188%))
  Logic Levels:           0  
  Clock Path Skew:        0.035ns (DCD - SCD - CPR)
    Destination Clock Delay (DCD):    1.290ns
    Source Clock Delay      (SCD):    0.987ns
    Clock Pessimism Removal (CPR):    0.268ns

    Location             Delay type                Incr(ns)  Path(ns)    Netlist Resource(s)
  -------------------------------------------------------------------    -------------------
                         (clock clk_fpga_0 rise edge)
                                                      0.000     0.000 r  
    PS7_X0Y0             PS7                          0.000     0.000 r  design_1_i/processing_system7_0/inst/PS7_i/FCLKCLK[0]
                         net (fo=1, routed)           0.310     0.310    design_1_i/processing_system7_0/inst/FCLK_CLK_unbuffered[0]
    BUFGCTRL_X0Y16       BUFG (Prop_bufg_I_O)         0.026     0.336 r  design_1_i/processing_system7_0/inst/buffer_fclk_clk_0.FCLK_CLK_0_BUFG/O
                         net (fo=3769, routed)        0.651     0.987    design_1_i/psAxiInterconnect/m01_couplers/auto_pc/inst/gen_axilite.gen_b2s_conv.axilite_b2s/WR.aw_channel_0/aclk
    SLICE_X27Y134        FDRE                                         r  design_1_i/psAxiInterconnect/m01_couplers/auto_pc/inst/gen_axilite.gen_b2s_conv.axilite_b2s/WR.aw_channel_0/s_awid_r_reg[7]/C
  -------------------------------------------------------------------    -------------------
    SLICE_X27Y134        FDRE (Prop_fdre_C_Q)         0.141     1.128 r  design_1_i/psAxiInterconnect/m01_couplers/auto_pc/inst/gen_axilite.gen_b2s_conv.axilite_b2s/WR.aw_channel_0/s_awid_r_reg[7]/Q
                         net (fo=1, routed)           0.116     1.244    design_1_i/psAxiInterconnect/m01_couplers/auto_pc/inst/gen_axilite.gen_b2s_conv.axilite_b2s/WR.b_channel_0/bid_fifo_0/in[15]
    SLICE_X30Y134        SRL16E                                       r  design_1_i/psAxiInterconnect/m01_couplers/auto_pc/inst/gen_axilite.gen_b2s_conv.axilite_b2s/WR.b_channel_0/bid_fifo_0/memory_reg[3][15]_srl4/D
  -------------------------------------------------------------------    -------------------

                         (clock clk_fpga_0 rise edge)
                                                      0.000     0.000 r  
    PS7_X0Y0             PS7                          0.000     0.000 r  design_1_i/processing_system7_0/inst/PS7_i/FCLKCLK[0]
                         net (fo=1, routed)           0.337     0.337    design_1_i/processing_system7_0/inst/FCLK_CLK_unbuffered[0]
    BUFGCTRL_X0Y16       BUFG (Prop_bufg_I_O)         0.029     0.366 r  design_1_i/processing_system7_0/inst/buffer_fclk_clk_0.FCLK_CLK_0_BUFG/O
                         net (fo=3769, routed)        0.924     1.290    design_1_i/psAxiInterconnect/m01_couplers/auto_pc/inst/gen_axilite.gen_b2s_conv.axilite_b2s/WR.b_channel_0/bid_fifo_0/aclk
    SLICE_X30Y134        SRL16E                                       r  design_1_i/psAxiInterconnect/m01_couplers/auto_pc/inst/gen_axilite.gen_b2s_conv.axilite_b2s/WR.b_channel_0/bid_fifo_0/memory_reg[3][15]_srl4/CLK
                         clock pessimism             -0.268     1.022    
    SLICE_X30Y134        SRL16E (Hold_srl16e_CLK_D)
                                                      0.183     1.205    design_1_i/psAxiInterconnect/m01_couplers/auto_pc/inst/gen_axilite.gen_b2s_conv.axilite_b2s/WR.b_channel_0/bid_fifo_0/memory_reg[3][15]_srl4
  -------------------------------------------------------------------
                         required time                         -1.205    
                         arrival time                           1.244    
  -------------------------------------------------------------------
                         slack                                  0.039    





Pulse Width Checks
--------------------------------------------------------------------------------------
Clock Name:         clk_fpga_0
Waveform(ns):       { 0.000 10.000 }
Period(ns):         20.000
Sources:            { design_1_i/processing_system7_0/inst/PS7_i/FCLKCLK[0] }

Check Type        Corner  Lib Pin          Reference Pin  Required(ns)  Actual(ns)  Slack(ns)  Location         Pin
Min Period        n/a     MMCME2_ADV/DCLK  n/a            4.999         20.000      15.001     MMCME2_ADV_X1Y0  design_1_i/subprocessorClk/inst/CLK_CORE_DRP_I/clk_inst/mmcm_adv_inst/DCLK
Low Pulse Width   Slow    MMCME2_ADV/DCLK  n/a            2.499         10.000      7.500      MMCME2_ADV_X1Y0  design_1_i/subprocessorClk/inst/CLK_CORE_DRP_I/clk_inst/mmcm_adv_inst/DCLK
High Pulse Width  Slow    MMCME2_ADV/DCLK  n/a            2.499         10.000      7.500      MMCME2_ADV_X1Y0  design_1_i/subprocessorClk/inst/CLK_CORE_DRP_I/clk_inst/mmcm_adv_inst/DCLK



---------------------------------------------------------------------------------------------------
From Clock:  design_1_i/subprocessorClk/inst/clk_in1
  To Clock:  design_1_i/subprocessorClk/inst/clk_in1

Setup :           NA  Failing Endpoints,  Worst Slack           NA  ,  Total Violation           NA
Hold  :           NA  Failing Endpoints,  Worst Slack           NA  ,  Total Violation           NA
PW    :            0  Failing Endpoints,  Worst Slack        7.000ns,  Total Violation        0.000ns
---------------------------------------------------------------------------------------------------


Pulse Width Checks
--------------------------------------------------------------------------------------
Clock Name:         design_1_i/subprocessorClk/inst/clk_in1
Waveform(ns):       { 0.000 10.000 }
Period(ns):         20.000
Sources:            { design_1_i/subprocessorClk/inst/clk_in1 }

Check Type        Corner  Lib Pin            Reference Pin  Required(ns)  Actual(ns)  Slack(ns)  Location         Pin
Min Period        n/a     MMCME2_ADV/CLKIN1  n/a            1.249         20.000      18.751     MMCME2_ADV_X1Y0  design_1_i/subprocessorClk/inst/CLK_CORE_DRP_I/clk_inst/mmcm_adv_inst/CLKIN1
Max Period        n/a     MMCME2_ADV/CLKIN1  n/a            100.000       20.000      80.000     MMCME2_ADV_X1Y0  design_1_i/subprocessorClk/inst/CLK_CORE_DRP_I/clk_inst/mmcm_adv_inst/CLKIN1
Low Pulse Width   Slow    MMCME2_ADV/CLKIN1  n/a            3.000         10.000      7.000      MMCME2_ADV_X1Y0  design_1_i/subprocessorClk/inst/CLK_CORE_DRP_I/clk_inst/mmcm_adv_inst/CLKIN1
High Pulse Width  Slow    MMCME2_ADV/CLKIN1  n/a            3.000         10.000      7.000      MMCME2_ADV_X1Y0  design_1_i/subprocessorClk/inst/CLK_CORE_DRP_I/clk_inst/mmcm_adv_inst/CLKIN1



---------------------------------------------------------------------------------------------------
From Clock:  clk_out1_design_1_subprocessorClk_0
  To Clock:  clk_out1_design_1_subprocessorClk_0

Setup :            0  Failing Endpoints,  Worst Slack        1.836ns,  Total Violation        0.000ns
Hold  :            0  Failing Endpoints,  Worst Slack        0.014ns,  Total Violation        0.000ns
PW    :            0  Failing Endpoints,  Worst Slack        8.750ns,  Total Violation        0.000ns
---------------------------------------------------------------------------------------------------


Max Delay Paths
--------------------------------------------------------------------------------------
Slack (MET) :             1.836ns  (required time - arrival time)
  Source:                 design_1_i/matmul_0/inst/fetch/ldp_a_reg[5]/C
                            (rising edge-triggered cell FDRE clocked by clk_out1_design_1_subprocessorClk_0  {rise@0.000ns fall@10.000ns period=20.000ns})
  Destination:            design_1_i/matmul_0/inst/fetch/param_reg[4][21]/D
                            (rising edge-triggered cell FDRE clocked by clk_out1_design_1_subprocessorClk_0  {rise@0.000ns fall@10.000ns period=20.000ns})
  Path Group:             clk_out1_design_1_subprocessorClk_0
  Path Type:              Setup (Max at Slow Process Corner)
  Requirement:            20.000ns  (clk_out1_design_1_subprocessorClk_0 rise@20.000ns - clk_out1_design_1_subprocessorClk_0 rise@0.000ns)
  Data Path Delay:        17.745ns  (logic 7.792ns (43.911%)  route 9.953ns (56.089%))
  Logic Levels:           10  (CARRY4=2 DSP48E1=2 LUT2=1 LUT5=3 LUT6=2)
  Clock Path Skew:        -0.347ns (DCD - SCD + CPR)
    Destination Clock Delay (DCD):    5.061ns = ( 25.061 - 20.000 ) 
    Source Clock Delay      (SCD):    5.795ns
    Clock Pessimism Removal (CPR):    0.387ns
  Clock Uncertainty:      0.102ns  ((TSJ^2 + DJ^2)^1/2) / 2 + PE
    Total System Jitter     (TSJ):    0.071ns
    Discrete Jitter          (DJ):    0.192ns
    Phase Error              (PE):    0.000ns

    Location             Delay type                Incr(ns)  Path(ns)    Netlist Resource(s)
  -------------------------------------------------------------------    -------------------
                         (clock clk_out1_design_1_subprocessorClk_0 rise edge)
                                                      0.000     0.000 r  
    BUFGCTRL_X0Y16       BUFG                         0.000     0.000 r  design_1_i/processing_system7_0/inst/buffer_fclk_clk_0.FCLK_CLK_0_BUFG/O
                         net (fo=3769, routed)        1.806     1.806    design_1_i/subprocessorClk/inst/CLK_CORE_DRP_I/clk_inst/clk_in1
    MMCME2_ADV_X1Y0      MMCME2_ADV (Prop_mmcme2_adv_CLKIN1_CLKOUT0)
                                                      0.088     1.894 r  design_1_i/subprocessorClk/inst/CLK_CORE_DRP_I/clk_inst/mmcm_adv_inst/CLKOUT0
                         net (fo=1, routed)           1.889     3.783    design_1_i/subprocessorClk/inst/CLK_CORE_DRP_I/clk_inst/clk_out1_design_1_subprocessorClk_0
    BUFGCTRL_X0Y0        BUFG (Prop_bufg_I_O)         0.101     3.884 r  design_1_i/subprocessorClk/inst/CLK_CORE_DRP_I/clk_inst/clkout1_buf/O
                         net (fo=32636, routed)       1.911     5.795    design_1_i/matmul_0/inst/fetch/aclk
    SLICE_X65Y101        FDRE                                         r  design_1_i/matmul_0/inst/fetch/ldp_a_reg[5]/C
  -------------------------------------------------------------------    -------------------
    SLICE_X65Y101        FDRE (Prop_fdre_C_Q)         0.456     6.251 r  design_1_i/matmul_0/inst/fetch/ldp_a_reg[5]/Q
                         net (fo=1, routed)           1.277     7.528    design_1_i/matmul_0/inst/fetch/p_0_in[2]
    SLICE_X51Y101        LUT6 (Prop_lut6_I0_O)        0.124     7.652 r  design_1_i/matmul_0/inst/fetch/ldp_word[31]_i_2/O
                         net (fo=32, routed)          2.289     9.941    design_1_i/matmul_0/inst/fetch/ldp_word[31]_i_2_n_0
    SLICE_X27Y51         LUT5 (Prop_lut5_I1_O)        0.124    10.065 r  design_1_i/matmul_0/inst/fetch/ldp_word[14]_i_1/O
                         net (fo=2, routed)           1.066    11.131    design_1_i/matmul_0/inst/fetch/ldp_data[14]
    DSP48_X1Y18          DSP48E1 (Prop_dsp48e1_A[14]_PCOUT[47])
                                                      4.036    15.167 r  design_1_i/matmul_0/inst/fetch/p_1_in/PCOUT[47]
                         net (fo=1, routed)           0.002    15.169    design_1_i/matmul_0/inst/fetch/p_1_in_n_106
    DSP48_X1Y19          DSP48E1 (Prop_dsp48e1_PCIN[47]_P[0])
                                                      1.518    16.687 r  design_1_i/matmul_0/inst/fetch/p_1_in__0/P[0]
                         net (fo=2, routed)           1.592    18.278    design_1_i/matmul_0/inst/fetch/p_1_in__0_n_105
    SLICE_X26Y60         LUT2 (Prop_lut2_I0_O)        0.124    18.402 r  design_1_i/matmul_0/inst/fetch/i___174_i_23/O
                         net (fo=1, routed)           0.000    18.402    design_1_i/matmul_0/inst/fetch/i___174_i_23_n_0
    SLICE_X26Y60         CARRY4 (Prop_carry4_S[1]_CO[3])
                                                      0.533    18.935 r  design_1_i/matmul_0/inst/fetch/i___174_i_12/CO[3]
                         net (fo=1, routed)           0.000    18.935    design_1_i/matmul_0/inst/fetch/i___174_i_12_n_0
    SLICE_X26Y61         CARRY4 (Prop_carry4_CI_O[1])
                                                      0.323    19.258 r  design_1_i/matmul_0/inst/fetch/i___178_i_12/O[1]
                         net (fo=8, routed)           1.868    21.126    design_1_i/matmul_0/inst/fetch/i___178_i_12_n_6
    SLICE_X46Y94         LUT5 (Prop_lut5_I1_O)        0.306    21.432 r  design_1_i/matmul_0/inst/fetch/i___339_i_4/O
                         net (fo=1, routed)           0.452    21.884    design_1_i/matmul_0/inst/fetch/i___339_i_4_n_0
    SLICE_X46Y94         LUT5 (Prop_lut5_I0_O)        0.124    22.008 r  design_1_i/matmul_0/inst/fetch/i___339_i_2/O
                         net (fo=1, routed)           1.408    23.416    design_1_i/matmul_0/inst/fetch/i___339_i_2_n_0
    SLICE_X84Y98         LUT6 (Prop_lut6_I5_O)        0.124    23.540 r  design_1_i/matmul_0/inst/fetch/i___339/O
                         net (fo=1, routed)           0.000    23.540    design_1_i/matmul_0/inst/fetch/i___339_n_0
    SLICE_X84Y98         FDRE                                         r  design_1_i/matmul_0/inst/fetch/param_reg[4][21]/D
  -------------------------------------------------------------------    -------------------

                         (clock clk_out1_design_1_subprocessorClk_0 rise edge)
                                                     20.000    20.000 r  
    BUFGCTRL_X0Y16       BUFG                         0.000    20.000 r  design_1_i/processing_system7_0/inst/buffer_fclk_clk_0.FCLK_CLK_0_BUFG/O
                         net (fo=3769, routed)        1.612    21.612    design_1_i/subprocessorClk/inst/CLK_CORE_DRP_I/clk_inst/clk_in1
    MMCME2_ADV_X1Y0      MMCME2_ADV (Prop_mmcme2_adv_CLKIN1_CLKOUT0)
                                                      0.083    21.695 r  design_1_i/subprocessorClk/inst/CLK_CORE_DRP_I/clk_inst/mmcm_adv_inst/CLKOUT0
                         net (fo=1, routed)           1.725    23.420    design_1_i/subprocessorClk/inst/CLK_CORE_DRP_I/clk_inst/clk_out1_design_1_subprocessorClk_0
    BUFGCTRL_X0Y0        BUFG (Prop_bufg_I_O)         0.091    23.511 r  design_1_i/subprocessorClk/inst/CLK_CORE_DRP_I/clk_inst/clkout1_buf/O
                         net (fo=32636, routed)       1.550    25.061    design_1_i/matmul_0/inst/fetch/aclk
    SLICE_X84Y98         FDRE                                         r  design_1_i/matmul_0/inst/fetch/param_reg[4][21]/C
                         clock pessimism              0.387    25.448    
                         clock uncertainty           -0.102    25.345    
    SLICE_X84Y98         FDRE (Setup_fdre_C_D)        0.031    25.376    design_1_i/matmul_0/inst/fetch/param_reg[4][21]
  -------------------------------------------------------------------
                         required time                         25.376    
                         arrival time                         -23.540    
  -------------------------------------------------------------------
                         slack                                  1.836    





Min Delay Paths
--------------------------------------------------------------------------------------
Slack (MET) :             0.014ns  (arrival time - required time)
  Source:                 design_1_i/matmul_0/inst/pcpi/q_pkt_reg[278]/C
                            (rising edge-triggered cell FDRE clocked by clk_out1_design_1_subprocessorClk_0  {rise@0.000ns fall@10.000ns period=20.000ns})
  Destination:            design_1_i/matmul_0/inst/sched/inq_reg_0_7_276_281/RAMB/I
                            (rising edge-triggered cell RAMD32 clocked by clk_out1_design_1_subprocessorClk_0  {rise@0.000ns fall@10.000ns period=20.000ns})
  Path Group:             clk_out1_design_1_subprocessorClk_0
  Path Type:              Hold (Min at Fast Process Corner)
  Requirement:            0.000ns  (clk_out1_design_1_subprocessorClk_0 rise@0.000ns - clk_out1_design_1_subprocessorClk_0 rise@0.000ns)
  Data Path Delay:        0.421ns  (logic 0.186ns (44.219%)  route 0.235ns (55.781%))
  Logic Levels:           1  (LUT5=1)
  Clock Path Skew:        0.260ns (DCD - SCD - CPR)
    Destination Clock Delay (DCD):    2.342ns
    Source Clock Delay      (SCD):    1.756ns
    Clock Pessimism Removal (CPR):    0.325ns

    Location             Delay type                Incr(ns)  Path(ns)    Netlist Resource(s)
  -------------------------------------------------------------------    -------------------
                         (clock clk_out1_design_1_subprocessorClk_0 rise edge)
                                                      0.000     0.000 r  
    BUFGCTRL_X0Y16       BUFG                         0.000     0.000 r  design_1_i/processing_system7_0/inst/buffer_fclk_clk_0.FCLK_CLK_0_BUFG/O
                         net (fo=3769, routed)        0.597     0.597    design_1_i/subprocessorClk/inst/CLK_CORE_DRP_I/clk_inst/clk_in1
    MMCME2_ADV_X1Y0      MMCME2_ADV (Prop_mmcme2_adv_CLKIN1_CLKOUT0)
                                                      0.050     0.647 r  design_1_i/subprocessorClk/inst/CLK_CORE_DRP_I/clk_inst/mmcm_adv_inst/CLKOUT0
                         net (fo=1, routed)           0.529     1.176    design_1_i/subprocessorClk/inst/CLK_CORE_DRP_I/clk_inst/clk_out1_design_1_subprocessorClk_0
    BUFGCTRL_X0Y0        BUFG (Prop_bufg_I_O)         0.026     1.202 r  design_1_i/subprocessorClk/inst/CLK_CORE_DRP_I/clk_inst/clkout1_buf/O
                         net (fo=32636, routed)       0.555     1.756    design_1_i/matmul_0/inst/pcpi/aclk
    SLICE_X49Y89         FDRE                                         r  design_1_i/matmul_0/inst/pcpi/q_pkt_reg[278]/C
  -------------------------------------------------------------------    -------------------
    SLICE_X49Y89         FDRE (Prop_fdre_C_Q)         0.141     1.897 r  design_1_i/matmul_0/inst/pcpi/q_pkt_reg[278]/Q
                         net (fo=1, routed)           0.179     2.076    design_1_i/matmul_0/inst/fetch/p_pkt[278]
    SLICE_X51Y89         LUT5 (Prop_lut5_I2_O)        0.045     2.121 r  design_1_i/matmul_0/inst/fetch/inq_reg_0_7_276_281_i_4/O
                         net (fo=1, routed)           0.056     2.177    design_1_i/matmul_0/inst/sched/inq_reg_0_7_276_281/DIB0
    SLICE_X50Y89         RAMD32                                       r  design_1_i/matmul_0/inst/sched/inq_reg_0_7_276_281/RAMB/I
  -------------------------------------------------------------------    -------------------

                         (clock clk_out1_design_1_subprocessorClk_0 rise edge)
                                                      0.000     0.000 r  
    BUFGCTRL_X0Y16       BUFG                         0.000     0.000 r  design_1_i/processing_system7_0/inst/buffer_fclk_clk_0.FCLK_CLK_0_BUFG/O
                         net (fo=3769, routed)        0.864     0.864    design_1_i/subprocessorClk/inst/CLK_CORE_DRP_I/clk_inst/clk_in1
    MMCME2_ADV_X1Y0      MMCME2_ADV (Prop_mmcme2_adv_CLKIN1_CLKOUT0)
                                                      0.053     0.917 r  design_1_i/subprocessorClk/inst/CLK_CORE_DRP_I/clk_inst/mmcm_adv_inst/CLKOUT0
                         net (fo=1, routed)           0.576     1.493    design_1_i/subprocessorClk/inst/CLK_CORE_DRP_I/clk_inst/clk_out1_design_1_subprocessorClk_0
    BUFGCTRL_X0Y0        BUFG (Prop_bufg_I_O)         0.029     1.522 r  design_1_i/subprocessorClk/inst/CLK_CORE_DRP_I/clk_inst/clkout1_buf/O
                         net (fo=32636, routed)       0.820     2.342    design_1_i/matmul_0/inst/sched/inq_reg_0_7_276_281/WCLK
    SLICE_X50Y89         RAMD32                                       r  design_1_i/matmul_0/inst/sched/inq_reg_0_7_276_281/RAMB/CLK
                         clock pessimism             -0.325     2.016    
    SLICE_X50Y89         RAMD32 (Hold_ramd32_CLK_I)
                                                      0.146     2.162    design_1_i/matmul_0/inst/sched/inq_reg_0_7_276_281/RAMB
  -------------------------------------------------------------------
                         required time                         -2.162    
                         arrival time                           2.177    
  -------------------------------------------------------------------
                         slack                                  0.014    





Pulse Width Checks
--------------------------------------------------------------------------------------
Clock Name:         clk_out1_design_1_subprocessorClk_0
Waveform(ns):       { 0.000 10.000 }
Period(ns):         20.000
Sources:            { design_1_i/subprocessorClk/inst/CLK_CORE_DRP_I/clk_inst/mmcm_adv_inst/CLKOUT0 }

Check Type        Corner  Lib Pin             Reference Pin  Required(ns)  Actual(ns)  Slack(ns)  Location         Pin
Min Period        n/a     DSP48E1/CLK         n/a            3.884         20.000      16.116     DSP48_X4Y18      design_1_i/matmul_0/inst/ex/array/row[0].col[1].dsp.pe/acc_reg/CLK
Max Period        n/a     MMCME2_ADV/CLKOUT0  n/a            213.360       20.000      193.360    MMCME2_ADV_X1Y0  design_1_i/subprocessorClk/inst/CLK_CORE_DRP_I/clk_inst/mmcm_adv_inst/CLKOUT0
Low Pulse Width   Slow    RAMD32/CLK          n/a            1.250         10.000      8.750      SLICE_X30Y73     design_1_i/matmulHpConverter/inst/gen_axi4_axi3.axi3_conv_inst/USE_READ.USE_SPLIT_R.read_addr_inst/USE_R_CHANNEL.cmd_queue/inst/fifo_gen_inst/inst_fifo_gen/gconvfifo.rf/grf.rf/gntv_or_sync_fifo.mem/gdm.dm_gen.dm/RAM_reg_0_31_0_0/DP/CLK
High Pulse Width  Slow    RAMD32/CLK          n/a            1.250         10.000      8.750      SLICE_X30Y73     design_1_i/matmulHpConverter/inst/gen_axi4_axi3.axi3_conv_inst/USE_READ.USE_SPLIT_R.read_addr_inst/USE_R_CHANNEL.cmd_queue/inst/fifo_gen_inst/inst_fifo_gen/gconvfifo.rf/grf.rf/gntv_or_sync_fifo.mem/gdm.dm_gen.dm/RAM_reg_0_31_0_0/DP/CLK



---------------------------------------------------------------------------------------------------
From Clock:  clkfbout_design_1_subprocessorClk_0
  To Clock:  clkfbout_design_1_subprocessorClk_0

Setup :           NA  Failing Endpoints,  Worst Slack           NA  ,  Total Violation           NA
Hold  :           NA  Failing Endpoints,  Worst Slack           NA  ,  Total Violation           NA
PW    :            0  Failing Endpoints,  Worst Slack       18.751ns,  Total Violation        0.000ns
---------------------------------------------------------------------------------------------------


Pulse Width Checks
--------------------------------------------------------------------------------------
Clock Name:         clkfbout_design_1_subprocessorClk_0
Waveform(ns):       { 0.000 10.000 }
Period(ns):         20.000
Sources:            { design_1_i/subprocessorClk/inst/CLK_CORE_DRP_I/clk_inst/mmcm_adv_inst/CLKFBOUT }

Check Type  Corner  Lib Pin              Reference Pin  Required(ns)  Actual(ns)  Slack(ns)  Location         Pin
Min Period  n/a     MMCME2_ADV/CLKFBOUT  n/a            1.249         20.000      18.751     MMCME2_ADV_X1Y0  design_1_i/subprocessorClk/inst/CLK_CORE_DRP_I/clk_inst/mmcm_adv_inst/CLKFBOUT
Max Period  n/a     MMCME2_ADV/CLKFBIN   n/a            100.000       20.000      80.000     MMCME2_ADV_X1Y0  design_1_i/subprocessorClk/inst/CLK_CORE_DRP_I/clk_inst/mmcm_adv_inst/CLKFBIN



---------------------------------------------------------------------------------------------------
Path Group:  **async_default**
From Clock:  clk_out1_design_1_subprocessorClk_0
  To Clock:  clk_out1_design_1_subprocessorClk_0

Setup :            0  Failing Endpoints,  Worst Slack       15.144ns,  Total Violation        0.000ns
Hold  :            0  Failing Endpoints,  Worst Slack        0.606ns,  Total Violation        0.000ns
---------------------------------------------------------------------------------------------------


Max Delay Paths
--------------------------------------------------------------------------------------
Slack (MET) :             15.144ns  (required time - arrival time)
  Source:                 design_1_i/matmulHpConverter/inst/gen_axi4_axi3.axi3_conv_inst/USE_READ.USE_SPLIT_R.read_addr_inst/USE_R_CHANNEL.cmd_queue/inst/fifo_gen_inst/inst_fifo_gen/gconvfifo.rf/grf.rf/rstblk/ngwrdrst.grst.g7serrst.gnsckt_wrst.rst_wr_reg2_inst/arststages_ff_reg[1]/C
                            (rising edge-triggered cell FDPE clocked by clk_out1_design_1_subprocessorClk_0  {rise@0.000ns fall@10.000ns period=20.000ns})
  Destination:            design_1_i/matmulHpConverter/inst/gen_axi4_axi3.axi3_conv_inst/USE_READ.USE_SPLIT_R.read_addr_inst/USE_R_CHANNEL.cmd_queue/inst/fifo_gen_inst/inst_fifo_gen/gconvfifo.rf/grf.rf/gntv_or_sync_fifo.gl0.wr/wpntr/gcc0.gc0.count_d1_reg[0]/CLR
                            (recovery check against rising-edge clock clk_out1_design_1_subprocessorClk_0  {rise@0.000ns fall@10.000ns period=20.000ns})
  Path Group:             **async_default**
  Path Type:              Recovery (Max at Slow Process Corner)
  Requirement:            20.000ns  (clk_out1_design_1_subprocessorClk_0 rise@20.000ns - clk_out1_design_1_subprocessorClk_0 rise@0.000ns)
  Data Path Delay:        4.250ns  (logic 0.773ns (18.189%)  route 3.477ns (81.811%))
  Logic Levels:           1  (LUT3=1)
  Clock Path Skew:        -0.099ns (DCD - SCD + CPR)
    Destination Clock Delay (DCD):    4.979ns = ( 24.979 - 20.000 ) 
    Source Clock Delay      (SCD):    5.565ns
    Clock Pessimism Removal (CPR):    0.487ns
  Clock Uncertainty:      0.102ns  ((TSJ^2 + DJ^2)^1/2) / 2 + PE
    Total System Jitter     (TSJ):    0.071ns
    Discrete Jitter          (DJ):    0.192ns
    Phase Error              (PE):    0.000ns

    Location             Delay type                Incr(ns)  Path(ns)    Netlist Resource(s)
  -------------------------------------------------------------------    -------------------
                         (clock clk_out1_design_1_subprocessorClk_0 rise edge)
                                                      0.000     0.000 r  
    BUFGCTRL_X0Y16       BUFG                         0.000     0.000 r  design_1_i/processing_system7_0/inst/buffer_fclk_clk_0.FCLK_CLK_0_BUFG/O
                         net (fo=3769, routed)        1.806     1.806    design_1_i/subprocessorClk/inst/CLK_CORE_DRP_I/clk_inst/clk_in1
    MMCME2_ADV_X1Y0      MMCME2_ADV (Prop_mmcme2_adv_CLKIN1_CLKOUT0)
                                                      0.088     1.894 r  design_1_i/subprocessorClk/inst/CLK_CORE_DRP_I/clk_inst/mmcm_adv_inst/CLKOUT0
                         net (fo=1, routed)           1.889     3.783    design_1_i/subprocessorClk/inst/CLK_CORE_DRP_I/clk_inst/clk_out1_design_1_subprocessorClk_0
    BUFGCTRL_X0Y0        BUFG (Prop_bufg_I_O)         0.101     3.884 r  design_1_i/subprocessorClk/inst/CLK_CORE_DRP_I/clk_inst/clkout1_buf/O
                         net (fo=32636, routed)       1.681     5.565    design_1_i/matmulHpConverter/inst/gen_axi4_axi3.axi3_conv_inst/USE_READ.USE_SPLIT_R.read_addr_inst/USE_R_CHANNEL.cmd_queue/inst/fifo_gen_inst/inst_fifo_gen/gconvfifo.rf/grf.rf/rstblk/ngwrdrst.grst.g7serrst.gnsckt_wrst.rst_wr_reg2_inst/dest_clk
    SLICE_X26Y77         FDPE                                         r  design_1_i/matmulHpConverter/inst/gen_axi4_axi3.axi3_conv_inst/USE_READ.USE_SPLIT_R.read_addr_inst/USE_R_CHANNEL.cmd_queue/inst/fifo_gen_inst/inst_fifo_gen/gconvfifo.rf/grf.rf/rstblk/ngwrdrst.grst.g7serrst.gnsckt_wrst.rst_wr_reg2_inst/arststages_ff_reg[1]/C
  -------------------------------------------------------------------    -------------------
    SLICE_X26Y77         FDPE (Prop_fdpe_C_Q)         0.478     6.043 f  design_1_i/matmulHpConverter/inst/gen_axi4_axi3.axi3_conv_inst/USE_READ.USE_SPLIT_R.read_addr_inst/USE_R_CHANNEL.cmd_queue/inst/fifo_gen_inst/inst_fifo_gen/gconvfifo.rf/grf.rf/rstblk/ngwrdrst.grst.g7serrst.gnsckt_wrst.rst_wr_reg2_inst/arststages_ff_reg[1]/Q
                         net (fo=2, routed)           1.425     7.468    design_1_i/matmulHpConverter/inst/gen_axi4_axi3.axi3_conv_inst/USE_READ.USE_SPLIT_R.read_addr_inst/USE_R_CHANNEL.cmd_queue/inst/fifo_gen_inst/inst_fifo_gen/gconvfifo.rf/grf.rf/rstblk/ngwrdrst.rst_wr_reg2
    SLICE_X27Y60         LUT3 (Prop_lut3_I2_O)        0.295     7.763 f  design_1_i/matmulHpConverter/inst/gen_axi4_axi3.axi3_conv_inst/USE_READ.USE_SPLIT_R.read_addr_inst/USE_R_CHANNEL.cmd_queue/inst/fifo_gen_inst/inst_fifo_gen/gconvfifo.rf/grf.rf/rstblk/gpregsm1.curr_fwft_state[1]_i_2/O
                         net (fo=33, routed)          2.052     9.815    design_1_i/matmulHpConverter/inst/gen_axi4_axi3.axi3_conv_inst/USE_READ.USE_SPLIT_R.read_addr_inst/USE_R_CHANNEL.cmd_queue/inst/fifo_gen_inst/inst_fifo_gen/gconvfifo.rf/grf.rf/gntv_or_sync_fifo.gl0.wr/wpntr/gcc0.gc0.count_d1_reg[0]_0
    SLICE_X33Y72         FDCE                                         f  design_1_i/matmulHpConverter/inst/gen_axi4_axi3.axi3_conv_inst/USE_READ.USE_SPLIT_R.read_addr_inst/USE_R_CHANNEL.cmd_queue/inst/fifo_gen_inst/inst_fifo_gen/gconvfifo.rf/grf.rf/gntv_or_sync_fifo.gl0.wr/wpntr/gcc0.gc0.count_d1_reg[0]/CLR
  -------------------------------------------------------------------    -------------------

                         (clock clk_out1_design_1_subprocessorClk_0 rise edge)
                                                     20.000    20.000 r  
    BUFGCTRL_X0Y16       BUFG                         0.000    20.000 r  design_1_i/processing_system7_0/inst/buffer_fclk_clk_0.FCLK_CLK_0_BUFG/O
                         net (fo=3769, routed)        1.612    21.612    design_1_i/subprocessorClk/inst/CLK_CORE_DRP_I/clk_inst/clk_in1
    MMCME2_ADV_X1Y0      MMCME2_ADV (Prop_mmcme2_adv_CLKIN1_CLKOUT0)
                                                      0.083    21.695 r  design_1_i/subprocessorClk/inst/CLK_CORE_DRP_I/clk_inst/mmcm_adv_inst/CLKOUT0
                         net (fo=1, routed)           1.725    23.420    design_1_i/subprocessorClk/inst/CLK_CORE_DRP_I/clk_inst/clk_out1_design_1_subprocessorClk_0
    BUFGCTRL_X0Y0        BUFG (Prop_bufg_I_O)         0.091    23.511 r  design_1_i/subprocessorClk/inst/CLK_CORE_DRP_I/clk_inst/clkout1_buf/O
                         net (fo=32636, routed)       1.468    24.979    design_1_i/matmulHpConverter/inst/gen_axi4_axi3.axi3_conv_inst/USE_READ.USE_SPLIT_R.read_addr_inst/USE_R_CHANNEL.cmd_queue/inst/fifo_gen_inst/inst_fifo_gen/gconvfifo.rf/grf.rf/gntv_or_sync_fifo.gl0.wr/wpntr/clk
    SLICE_X33Y72         FDCE                                         r  design_1_i/matmulHpConverter/inst/gen_axi4_axi3.axi3_conv_inst/USE_READ.USE_SPLIT_R.read_addr_inst/USE_R_CHANNEL.cmd_queue/inst/fifo_gen_inst/inst_fifo_gen/gconvfifo.rf/grf.rf/gntv_or_sync_fifo.gl0.wr/wpntr/gcc0.gc0.count_d1_reg[0]/C
                         clock pessimism              0.487    25.466    
                         clock uncertainty           -0.102    25.364    
    SLICE_X33Y72         FDCE (Recov_fdce_C_CLR)     -0.405    24.959    design_1_i/matmulHpConverter/inst/gen_axi4_axi3.axi3_conv_inst/USE_READ.USE_SPLIT_R.read_addr_inst/USE_R_CHANNEL.cmd_queue/inst/fifo_gen_inst/inst_fifo_gen/gconvfifo.rf/grf.rf/gntv_or_sync_fifo.gl0.wr/wpntr/gcc0.gc0.count_d1_reg[0]
  -------------------------------------------------------------------
                         required time                         24.959    
                         arrival time                          -9.815    
  -------------------------------------------------------------------
                         slack                                 15.144    





Min Delay Paths
--------------------------------------------------------------------------------------
Slack (MET) :             0.606ns  (arrival time - required time)
  Source:                 design_1_i/matmulHpConverter/inst/gen_axi4_axi3.axi3_conv_inst/USE_WRITE.write_addr_inst/USE_B_CHANNEL.cmd_b_queue/inst/fifo_gen_inst/inst_fifo_gen/gconvfifo.rf/grf.rf/rstblk/ngwrdrst.grst.g7serrst.gnsckt_wrst.gcc_rst.sckt_wr_rst_cc_reg[1]/C
                            (rising edge-triggered cell FDRE clocked by clk_out1_design_1_subprocessorClk_0  {rise@0.000ns fall@10.000ns period=20.000ns})
  Destination:            design_1_i/matmulHpConverter/inst/gen_axi4_axi3.axi3_conv_inst/USE_WRITE.write_addr_inst/USE_B_CHANNEL.cmd_b_queue/inst/fifo_gen_inst/inst_fifo_gen/gconvfifo.rf/grf.rf/gntv_or_sync_fifo.gl0.wr/wpntr/gcc0.gc0.count_d1_reg[0]/CLR
                            (removal check against rising-edge clock clk_out1_design_1_subprocessorClk_0  {rise@0.000ns fall@10.000ns period=20.000ns})
  Path Group:             **async_default**
  Path Type:              Removal (Min at Fast Process Corner)
  Requirement:            0.000ns  (clk_out1_design_1_subprocessorClk_0 rise@0.000ns - clk_out1_design_1_subprocessorClk_0 rise@0.000ns)
  Data Path Delay:        0.575ns  (logic 0.209ns (36.353%)  route 0.366ns (63.647%))
  Logic Levels:           1  (LUT3=1)
  Clock Path Skew:        0.036ns (DCD - SCD - CPR)
    Destination Clock Delay (DCD):    2.386ns
    Source Clock Delay      (SCD):    1.796ns
    Clock Pessimism Removal (CPR):    0.554ns

    Location             Delay type                Incr(ns)  Path(ns)    Netlist Resource(s)
  -------------------------------------------------------------------    -------------------
                         (clock clk_out1_design_1_subprocessorClk_0 rise edge)
                                                      0.000     0.000 r  
    BUFGCTRL_X0Y16       BUFG                         0.000     0.000 r  design_1_i/processing_system7_0/inst/buffer_fclk_clk_0.FCLK_CLK_0_BUFG/O
                         net (fo=3769, routed)        0.597     0.597    design_1_i/subprocessorClk/inst/CLK_CORE_DRP_I/clk_inst/clk_in1
    MMCME2_ADV_X1Y0      MMCME2_ADV (Prop_mmcme2_adv_CLKIN1_CLKOUT0)
                                                      0.050     0.647 r  design_1_i/subprocessorClk/inst/CLK_CORE_DRP_I/clk_inst/mmcm_adv_inst/CLKOUT0
                         net (fo=1, routed)           0.529     1.176    design_1_i/subprocessorClk/inst/CLK_CORE_DRP_I/clk_inst/clk_out1_design_1_subprocessorClk_0
    BUFGCTRL_X0Y0        BUFG (Prop_bufg_I_O)         0.026     1.202 r  design_1_i/subprocessorClk/inst/CLK_CORE_DRP_I/clk_inst/clkout1_buf/O
                         net (fo=32636, routed)       0.595     1.796    design_1_i/matmulHpConverter/inst/gen_axi4_axi3.axi3_conv_inst/USE_WRITE.write_addr_inst/USE_B_CHANNEL.cmd_b_queue/inst/fifo_gen_inst/inst_fifo_gen/gconvfifo.rf/grf.rf/rstblk/clk
    SLICE_X12Y47         FDRE                                         r  design_1_i/matmulHpConverter/inst/gen_axi4_axi3.axi3_conv_inst/USE_WRITE.write_addr_inst/USE_B_CHANNEL.cmd_b_queue/inst/fifo_gen_inst/inst_fifo_gen/gconvfifo.rf/grf.rf/rstblk/ngwrdrst.grst.g7serrst.gnsckt_wrst.gcc_rst.sckt_wr_rst_cc_reg[1]/C
  -------------------------------------------------------------------    -------------------
    SLICE_X12Y47         FDRE (Prop_fdre_C_Q)         0.164     1.960 f  design_1_i/matmulHpConverter/inst/gen_axi4_axi3.axi3_conv_inst/USE_WRITE.write_addr_inst/USE_B_CHANNEL.cmd_b_queue/inst/fifo_gen_inst/inst_fifo_gen/gconvfifo.rf/grf.rf/rstblk/ngwrdrst.grst.g7serrst.gnsckt_wrst.gcc_rst.sckt_wr_rst_cc_reg[1]/Q
                         net (fo=2, routed)           0.176     2.136    design_1_i/matmulHpConverter/inst/gen_axi4_axi3.axi3_conv_inst/USE_WRITE.write_addr_inst/USE_B_CHANNEL.cmd_b_queue/inst/fifo_gen_inst/inst_fifo_gen/gconvfifo.rf/grf.rf/rstblk/ngwrdrst.grst.g7serrst.gnsckt_wrst.gcc_rst.sckt_wr_rst_cc[1]
    SLICE_X12Y48         LUT3 (Prop_lut3_I0_O)        0.045     2.181 f  design_1_i/matmulHpConverter/inst/gen_axi4_axi3.axi3_conv_inst/USE_WRITE.write_addr_inst/USE_B_CHANNEL.cmd_b_queue/inst/fifo_gen_inst/inst_fifo_gen/gconvfifo.rf/grf.rf/rstblk/gpregsm1.curr_fwft_state[1]_i_2/O
                         net (fo=32, routed)          0.190     2.371    design_1_i/matmulHpConverter/inst/gen_axi4_axi3.axi3_conv_inst/USE_WRITE.write_addr_inst/USE_B_CHANNEL.cmd_b_queue/inst/fifo_gen_inst/inst_fifo_gen/gconvfifo.rf/grf.rf/gntv_or_sync_fifo.gl0.wr/wpntr/AR[0]
    SLICE_X16Y48         FDCE                                         f  design_1_i/matmulHpConverter/inst/gen_axi4_axi3.axi3_conv_inst/USE_WRITE.write_addr_inst/USE_B_CHANNEL.cmd_b_queue/inst/fifo_gen_inst/inst_fifo_gen/gconvfifo.rf/grf.rf/gntv_or_sync_fifo.gl0.wr/wpntr/gcc0.gc0.count_d1_reg[0]/CLR
  -------------------------------------------------------------------    -------------------

                         (clock clk_out1_design_1_subprocessorClk_0 rise edge)
                                                      0.000     0.000 r  
    BUFGCTRL_X0Y16       BUFG                         0.000     0.000 r  design_1_i/processing_system7_0/inst/buffer_fclk_clk_0.FCLK_CLK_0_BUFG/O
                         net (fo=3769, routed)        0.864     0.864    design_1_i/subprocessorClk/inst/CLK_CORE_DRP_I/clk_inst/clk_in1
    MMCME2_ADV_X1Y0      MMCME2_ADV (Prop_mmcme2_adv_CLKIN1_CLKOUT0)
                                                      0.053     0.917 r  design_1_i/subprocessorClk/inst/CLK_CORE_DRP_I/clk_inst/mmcm_adv_inst/CLKOUT0
                         net (fo=1, routed)           0.576     1.493    design_1_i/subprocessorClk/inst/CLK_CORE_DRP_I/clk_inst/clk_out1_design_1_subprocessorClk_0
    BUFGCTRL_X0Y0        BUFG (Prop_bufg_I_O)         0.029     1.522 r  design_1_i/subprocessorClk/inst/CLK_CORE_DRP_I/clk_inst/clkout1_buf/O
                         net (fo=32636, routed)       0.864     2.386    design_1_i/matmulHpConverter/inst/gen_axi4_axi3.axi3_conv_inst/USE_WRITE.write_addr_inst/USE_B_CHANNEL.cmd_b_queue/inst/fifo_gen_inst/inst_fifo_gen/gconvfifo.rf/grf.rf/gntv_or_sync_fifo.gl0.wr/wpntr/clk
    SLICE_X16Y48         FDCE                                         r  design_1_i/matmulHpConverter/inst/gen_axi4_axi3.axi3_conv_inst/USE_WRITE.write_addr_inst/USE_B_CHANNEL.cmd_b_queue/inst/fifo_gen_inst/inst_fifo_gen/gconvfifo.rf/grf.rf/gntv_or_sync_fifo.gl0.wr/wpntr/gcc0.gc0.count_d1_reg[0]/C
                         clock pessimism             -0.554     1.832    
    SLICE_X16Y48         FDCE (Remov_fdce_C_CLR)     -0.067     1.765    design_1_i/matmulHpConverter/inst/gen_axi4_axi3.axi3_conv_inst/USE_WRITE.write_addr_inst/USE_B_CHANNEL.cmd_b_queue/inst/fifo_gen_inst/inst_fifo_gen/gconvfifo.rf/grf.rf/gntv_or_sync_fifo.gl0.wr/wpntr/gcc0.gc0.count_d1_reg[0]
  -------------------------------------------------------------------
                         required time                         -1.765    
                         arrival time                           2.371    
  -------------------------------------------------------------------
                         slack                                  0.606    





