Copyright 1986-2022 Xilinx, Inc. All Rights Reserved. Copyright 2022-2024 Advanced Micro Devices, Inc. All Rights Reserved.
---------------------------------------------------------------------------------------------------------------------------------------------------
| Tool Version : Vivado v.2024.1 (lin64) Build 5076996 Wed May 22 18:36:09 MDT 2024
| Date         : Thu Sep 24 01:43:27 2026
| Host         : jon-Zephyrus-M-GM501GS running 64-bit Ubuntu 24.04.5 LTS
| Command      : report_timing_summary -file /home/jon/Projects/torch2isa/Torch2RISCV-accelerator/RISCV-on-PYNQ-Z1/build/output/timing_summary.rpt
| Design       : design_1_wrapper
| Device       : 7z020-clg400
| Speed File   : -1  PRODUCTION 1.12 2019-11-22
| Design State : Routed
---------------------------------------------------------------------------------------------------------------------------------------------------

Timing Summary Report

------------------------------------------------------------------------------------------------
| Timer Settings
| --------------
------------------------------------------------------------------------------------------------

  Enable Multi Corner Analysis               :  Yes
  Enable Pessimism Removal                   :  Yes
  Pessimism Removal Resolution               :  Nearest Common Node
  Enable Input Delay Default Clock           :  No
  Enable Preset / Clear Arcs                 :  No
  Disable Flight Delays                      :  No
  Ignore I/O Paths                           :  No
  Timing Early Launch at Borrowing Latches   :  No
  Borrow Time for Max Delay Exceptions       :  Yes
  Merge Timing Exceptions                    :  Yes
  Inter-SLR Compensation                     :  Conservative

  Corner  Analyze    Analyze    
  Name    Max Paths  Min Paths  
  ------  ---------  ---------  
  Slow    Yes        Yes        
  Fast    Yes        Yes        


------------------------------------------------------------------------------------------------
| Report Methodology
| ------------------
------------------------------------------------------------------------------------------------

Rule       Severity          Description                                         Violations  
---------  ----------------  --------------------------------------------------  ----------  
TIMING-4   Critical Warning  Invalid primary clock redefinition on a clock tree  1           
TIMING-27  Critical Warning  Invalid primary clock on hierarchical pin           1           
LUTAR-1    Warning           LUT drives async reset alert                        3           

Note: This report is based on the most recent report_methodology run and may not be up-to-date. Run report_methodology on the current design for the latest report.



check_timing report

Table of Contents
-----------------
1. checking no_clock (0)
2. checking constant_clock (0)
3. checking pulse_width_clock (0)
4. checking unconstrained_internal_endpoints (0)
5. checking no_input_delay (0)
6. checking no_output_delay (0)
7. checking multiple_clock (0)
8. checking generated_clocks (0)
9. checking loops (0)
10. checking partial_input_delay (0)
11. checking partial_output_delay (0)
12. checking latch_loops (0)

1. checking no_clock (0)
------------------------
 There are 0 register/latch pins with no clock.


2. checking constant_clock (0)
------------------------------
 There are 0 register/latch pins with constant_clock.


3. checking pulse_width_clock (0)
---------------------------------
 There are 0 register/latch pins which need pulse_width check


4. checking unconstrained_internal_endpoints (0)
------------------------------------------------
 There are 0 pins that are not constrained for maximum delay.

 There are 0 pins that are not constrained for maximum delay due to constant clock.


5. checking no_input_delay (0)
------------------------------
 There are 0 input ports with no input delay specified.

 There are 0 input ports with no input delay but user has a false path constraint.


6. checking no_output_delay (0)
-------------------------------
 There are 0 ports with no output delay specified.

 There are 0 ports with no output delay but user has a false path constraint

 There are 0 ports with no output delay but with a timing clock defined on it or propagating through it


7. checking multiple_clock (0)
------------------------------
 There are 0 register/latch pins with multiple clocks.


8. checking generated_clocks (0)
--------------------------------
 There are 0 generated clocks that are not connected to a clock source.


9. checking loops (0)
---------------------
 There are 0 combinational loops in the design.


10. checking partial_input_delay (0)
------------------------------------
 There are 0 input ports with partial input delay specified.


11. checking partial_output_delay (0)
-------------------------------------
 There are 0 ports with partial output delay specified.


12. checking latch_loops (0)
----------------------------
 There are 0 combinational latch loops in the design through latch input



------------------------------------------------------------------------------------------------
| Design Timing Summary
| ---------------------
------------------------------------------------------------------------------------------------

    WNS(ns)      TNS(ns)  TNS Failing Endpoints  TNS Total Endpoints      WHS(ns)      THS(ns)  THS Failing Endpoints  THS Total Endpoints     WPWS(ns)     TPWS(ns)  TPWS Failing Endpoints  TPWS Total Endpoints  
    -------      -------  ---------------------  -------------------      -------      -------  ---------------------  -------------------     --------     --------  ----------------------  --------------------  
      3.591        0.000                      0                22877        0.030        0.000                      0                22877        7.000        0.000                       0                  7774  


All user specified timing constraints are met.


------------------------------------------------------------------------------------------------
| Clock Summary
| -------------
------------------------------------------------------------------------------------------------

Clock                                    Waveform(ns)       Period(ns)      Frequency(MHz)
-----                                    ------------       ----------      --------------
clk_fpga_0                               {0.000 10.000}     20.000          50.000          
clk_fpga_1                               {0.000 10.000}     20.000          50.000          
design_1_i/subprocessorClk/inst/clk_in1  {0.000 10.000}     20.000          50.000          
  clk_out1_design_1_subprocessorClk_0    {0.000 10.000}     20.000          50.000          
  clkfbout_design_1_subprocessorClk_0    {0.000 10.000}     20.000          50.000          


------------------------------------------------------------------------------------------------
| Intra Clock Table
| -----------------
------------------------------------------------------------------------------------------------

Clock                                        WNS(ns)      TNS(ns)  TNS Failing Endpoints  TNS Total Endpoints      WHS(ns)      THS(ns)  THS Failing Endpoints  THS Total Endpoints     WPWS(ns)     TPWS(ns)  TPWS Failing Endpoints  TPWS Total Endpoints  
-----                                        -------      -------  ---------------------  -------------------      -------      -------  ---------------------  -------------------     --------     --------  ----------------------  --------------------  
clk_fpga_0                                     8.908        0.000                      0                 9343        0.030        0.000                      0                 9343        7.500        0.000                       0                  3785  
design_1_i/subprocessorClk/inst/clk_in1                                                                                                                                                    7.000        0.000                       0                     1  
  clk_out1_design_1_subprocessorClk_0          3.591        0.000                      0                13438        0.046        0.000                      0                13438        8.750        0.000                       0                  3986  
  clkfbout_design_1_subprocessorClk_0                                                                                                                                                     18.751        0.000                       0                     2  


------------------------------------------------------------------------------------------------
| Inter Clock Table
| -----------------
------------------------------------------------------------------------------------------------

From Clock    To Clock          WNS(ns)      TNS(ns)  TNS Failing Endpoints  TNS Total Endpoints      WHS(ns)      THS(ns)  THS Failing Endpoints  THS Total Endpoints  
----------    --------          -------      -------  ---------------------  -------------------      -------      -------  ---------------------  -------------------  


------------------------------------------------------------------------------------------------
| Other Path Groups Table
| -----------------------
------------------------------------------------------------------------------------------------

Path Group                           From Clock                           To Clock                                 WNS(ns)      TNS(ns)  TNS Failing Endpoints  TNS Total Endpoints      WHS(ns)      THS(ns)  THS Failing Endpoints  THS Total Endpoints  
----------                           ----------                           --------                                 -------      -------  ---------------------  -------------------      -------      -------  ---------------------  -------------------  
**async_default**                    clk_out1_design_1_subprocessorClk_0  clk_out1_design_1_subprocessorClk_0       16.680        0.000                      0                   96        0.576        0.000                      0                   96  


------------------------------------------------------------------------------------------------
| Timing Details
| --------------
------------------------------------------------------------------------------------------------


---------------------------------------------------------------------------------------------------
From Clock:  clk_fpga_0
  To Clock:  clk_fpga_0

Setup :            0  Failing Endpoints,  Worst Slack        8.908ns,  Total Violation        0.000ns
Hold  :            0  Failing Endpoints,  Worst Slack        0.030ns,  Total Violation        0.000ns
PW    :            0  Failing Endpoints,  Worst Slack        7.500ns,  Total Violation        0.000ns
---------------------------------------------------------------------------------------------------


Max Delay Paths
--------------------------------------------------------------------------------------
Slack (MET) :             8.908ns  (required time - arrival time)
  Source:                 design_1_i/subprocessorClk/inst/AXI_LITE_IPIF_I/I_SLAVE_ATTACHMENT/rst_reg/C
                            (rising edge-triggered cell FDRE clocked by clk_fpga_0  {rise@0.000ns fall@10.000ns period=20.000ns})
  Destination:            design_1_i/subprocessorClk/inst/CLK_CORE_DRP_I/ram_clk_config_reg[5][17]/R
                            (rising edge-triggered cell FDRE clocked by clk_fpga_0  {rise@0.000ns fall@10.000ns period=20.000ns})
  Path Group:             clk_fpga_0
  Path Type:              Setup (Max at Slow Process Corner)
  Requirement:            20.000ns  (clk_fpga_0 rise@20.000ns - clk_fpga_0 rise@0.000ns)
  Data Path Delay:        10.112ns  (logic 0.642ns (6.349%)  route 9.470ns (93.651%))
  Logic Levels:           1  (LUT2=1)
  Clock Path Skew:        -0.153ns (DCD - SCD + CPR)
    Destination Clock Delay (DCD):    2.647ns = ( 22.647 - 20.000 ) 
    Source Clock Delay      (SCD):    2.929ns
    Clock Pessimism Removal (CPR):    0.129ns
  Clock Uncertainty:      0.302ns  ((TSJ^2 + TIJ^2)^1/2 + DJ) / 2 + PE
    Total System Jitter     (TSJ):    0.071ns
    Total Input Jitter      (TIJ):    0.600ns
    Discrete Jitter          (DJ):    0.000ns
    Phase Error              (PE):    0.000ns

    Location             Delay type                Incr(ns)  Path(ns)    Netlist Resource(s)
  -------------------------------------------------------------------    -------------------
                         (clock clk_fpga_0 rise edge)
                                                      0.000     0.000 r  
    PS7_X0Y0             PS7                          0.000     0.000 r  design_1_i/processing_system7_0/inst/PS7_i/FCLKCLK[0]
                         net (fo=1, routed)           1.193     1.193    design_1_i/processing_system7_0/inst/FCLK_CLK_unbuffered[0]
    BUFGCTRL_X0Y16       BUFG (Prop_bufg_I_O)         0.101     1.294 r  design_1_i/processing_system7_0/inst/buffer_fclk_clk_0.FCLK_CLK_0_BUFG/O
                         net (fo=3786, routed)        1.635     2.929    design_1_i/subprocessorClk/inst/AXI_LITE_IPIF_I/I_SLAVE_ATTACHMENT/s_axi_aclk
    SLICE_X50Y87         FDRE                                         r  design_1_i/subprocessorClk/inst/AXI_LITE_IPIF_I/I_SLAVE_ATTACHMENT/rst_reg/C
  -------------------------------------------------------------------    -------------------
    SLICE_X50Y87         FDRE (Prop_fdre_C_Q)         0.518     3.447 r  design_1_i/subprocessorClk/inst/AXI_LITE_IPIF_I/I_SLAVE_ATTACHMENT/rst_reg/Q
                         net (fo=75, routed)          1.153     4.600    design_1_i/subprocessorClk/inst/AXI_LITE_IPIF_I/I_SLAVE_ATTACHMENT/SR[0]
    SLICE_X47Y88         LUT2 (Prop_lut2_I0_O)        0.124     4.724 r  design_1_i/subprocessorClk/inst/AXI_LITE_IPIF_I/I_SLAVE_ATTACHMENT/current_state[3]_i_1/O
                         net (fo=1090, routed)        8.317    13.041    design_1_i/subprocessorClk/inst/CLK_CORE_DRP_I/SR[0]
    SLICE_X34Y71         FDRE                                         r  design_1_i/subprocessorClk/inst/CLK_CORE_DRP_I/ram_clk_config_reg[5][17]/R
  -------------------------------------------------------------------    -------------------

                         (clock clk_fpga_0 rise edge)
                                                     20.000    20.000 r  
    PS7_X0Y0             PS7                          0.000    20.000 r  design_1_i/processing_system7_0/inst/PS7_i/FCLKCLK[0]
                         net (fo=1, routed)           1.088    21.088    design_1_i/processing_system7_0/inst/FCLK_CLK_unbuffered[0]
    BUFGCTRL_X0Y16       BUFG (Prop_bufg_I_O)         0.091    21.179 r  design_1_i/processing_system7_0/inst/buffer_fclk_clk_0.FCLK_CLK_0_BUFG/O
                         net (fo=3786, routed)        1.468    22.647    design_1_i/subprocessorClk/inst/CLK_CORE_DRP_I/s_axi_aclk
    SLICE_X34Y71         FDRE                                         r  design_1_i/subprocessorClk/inst/CLK_CORE_DRP_I/ram_clk_config_reg[5][17]/C
                         clock pessimism              0.129    22.776    
                         clock uncertainty           -0.302    22.474    
    SLICE_X34Y71         FDRE (Setup_fdre_C_R)       -0.524    21.950    design_1_i/subprocessorClk/inst/CLK_CORE_DRP_I/ram_clk_config_reg[5][17]
  -------------------------------------------------------------------
                         required time                         21.950    
                         arrival time                         -13.041    
  -------------------------------------------------------------------
                         slack                                  8.908    





Min Delay Paths
--------------------------------------------------------------------------------------
Slack (MET) :             0.030ns  (arrival time - required time)
  Source:                 design_1_i/psAxiInterconnect/m01_couplers/auto_pc/inst/gen_axilite.gen_b2s_conv.axilite_b2s/RD.r_channel_0/r_arid_r_reg[9]/C
                            (rising edge-triggered cell FDRE clocked by clk_fpga_0  {rise@0.000ns fall@10.000ns period=20.000ns})
  Destination:            design_1_i/psAxiInterconnect/m01_couplers/auto_pc/inst/gen_axilite.gen_b2s_conv.axilite_b2s/RD.r_channel_0/transaction_fifo_0/memory_reg[31][10]_srl32/D
                            (rising edge-triggered cell SRLC32E clocked by clk_fpga_0  {rise@0.000ns fall@10.000ns period=20.000ns})
  Path Group:             clk_fpga_0
  Path Type:              Hold (Min at Fast Process Corner)
  Requirement:            0.000ns  (clk_fpga_0 rise@0.000ns - clk_fpga_0 rise@0.000ns)
  Data Path Delay:        0.359ns  (logic 0.128ns (35.696%)  route 0.231ns (64.304%))
  Logic Levels:           0  
  Clock Path Skew:        0.266ns (DCD - SCD - CPR)
    Destination Clock Delay (DCD):    1.189ns
    Source Clock Delay      (SCD):    0.888ns
    Clock Pessimism Removal (CPR):    0.035ns

    Location             Delay type                Incr(ns)  Path(ns)    Netlist Resource(s)
  -------------------------------------------------------------------    -------------------
                         (clock clk_fpga_0 rise edge)
                                                      0.000     0.000 r  
    PS7_X0Y0             PS7                          0.000     0.000 r  design_1_i/processing_system7_0/inst/PS7_i/FCLKCLK[0]
                         net (fo=1, routed)           0.310     0.310    design_1_i/processing_system7_0/inst/FCLK_CLK_unbuffered[0]
    BUFGCTRL_X0Y16       BUFG (Prop_bufg_I_O)         0.026     0.336 r  design_1_i/processing_system7_0/inst/buffer_fclk_clk_0.FCLK_CLK_0_BUFG/O
                         net (fo=3786, routed)        0.552     0.888    design_1_i/psAxiInterconnect/m01_couplers/auto_pc/inst/gen_axilite.gen_b2s_conv.axilite_b2s/RD.r_channel_0/aclk
    SLICE_X51Y94         FDRE                                         r  design_1_i/psAxiInterconnect/m01_couplers/auto_pc/inst/gen_axilite.gen_b2s_conv.axilite_b2s/RD.r_channel_0/r_arid_r_reg[9]/C
  -------------------------------------------------------------------    -------------------
    SLICE_X51Y94         FDRE (Prop_fdre_C_Q)         0.128     1.016 r  design_1_i/psAxiInterconnect/m01_couplers/auto_pc/inst/gen_axilite.gen_b2s_conv.axilite_b2s/RD.r_channel_0/r_arid_r_reg[9]/Q
                         net (fo=1, routed)           0.231     1.246    design_1_i/psAxiInterconnect/m01_couplers/auto_pc/inst/gen_axilite.gen_b2s_conv.axilite_b2s/RD.r_channel_0/transaction_fifo_0/in[10]
    SLICE_X46Y92         SRLC32E                                      r  design_1_i/psAxiInterconnect/m01_couplers/auto_pc/inst/gen_axilite.gen_b2s_conv.axilite_b2s/RD.r_channel_0/transaction_fifo_0/memory_reg[31][10]_srl32/D
  -------------------------------------------------------------------    -------------------

                         (clock clk_fpga_0 rise edge)
                                                      0.000     0.000 r  
    PS7_X0Y0             PS7                          0.000     0.000 r  design_1_i/processing_system7_0/inst/PS7_i/FCLKCLK[0]
                         net (fo=1, routed)           0.337     0.337    design_1_i/processing_system7_0/inst/FCLK_CLK_unbuffered[0]
    BUFGCTRL_X0Y16       BUFG (Prop_bufg_I_O)         0.029     0.366 r  design_1_i/processing_system7_0/inst/buffer_fclk_clk_0.FCLK_CLK_0_BUFG/O
                         net (fo=3786, routed)        0.823     1.189    design_1_i/psAxiInterconnect/m01_couplers/auto_pc/inst/gen_axilite.gen_b2s_conv.axilite_b2s/RD.r_channel_0/transaction_fifo_0/aclk
    SLICE_X46Y92         SRLC32E                                      r  design_1_i/psAxiInterconnect/m01_couplers/auto_pc/inst/gen_axilite.gen_b2s_conv.axilite_b2s/RD.r_channel_0/transaction_fifo_0/memory_reg[31][10]_srl32/CLK
                         clock pessimism             -0.035     1.154    
    SLICE_X46Y92         SRLC32E (Hold_srlc32e_CLK_D)
                                                      0.062     1.216    design_1_i/psAxiInterconnect/m01_couplers/auto_pc/inst/gen_axilite.gen_b2s_conv.axilite_b2s/RD.r_channel_0/transaction_fifo_0/memory_reg[31][10]_srl32
  -------------------------------------------------------------------
                         required time                         -1.216    
                         arrival time                           1.246    
  -------------------------------------------------------------------
                         slack                                  0.030    





Pulse Width Checks
--------------------------------------------------------------------------------------
Clock Name:         clk_fpga_0
Waveform(ns):       { 0.000 10.000 }
Period(ns):         20.000
Sources:            { design_1_i/processing_system7_0/inst/PS7_i/FCLKCLK[0] }

Check Type        Corner  Lib Pin          Reference Pin  Required(ns)  Actual(ns)  Slack(ns)  Location         Pin
Min Period        n/a     MMCME2_ADV/DCLK  n/a            4.999         20.000      15.001     MMCME2_ADV_X1Y0  design_1_i/subprocessorClk/inst/CLK_CORE_DRP_I/clk_inst/mmcm_adv_inst/DCLK
Low Pulse Width   Slow    MMCME2_ADV/DCLK  n/a            2.499         10.000      7.500      MMCME2_ADV_X1Y0  design_1_i/subprocessorClk/inst/CLK_CORE_DRP_I/clk_inst/mmcm_adv_inst/DCLK
High Pulse Width  Slow    MMCME2_ADV/DCLK  n/a            2.499         10.000      7.500      MMCME2_ADV_X1Y0  design_1_i/subprocessorClk/inst/CLK_CORE_DRP_I/clk_inst/mmcm_adv_inst/DCLK



---------------------------------------------------------------------------------------------------
From Clock:  design_1_i/subprocessorClk/inst/clk_in1
  To Clock:  design_1_i/subprocessorClk/inst/clk_in1

Setup :           NA  Failing Endpoints,  Worst Slack           NA  ,  Total Violation           NA
Hold  :           NA  Failing Endpoints,  Worst Slack           NA  ,  Total Violation           NA
PW    :            0  Failing Endpoints,  Worst Slack        7.000ns,  Total Violation        0.000ns
---------------------------------------------------------------------------------------------------


Pulse Width Checks
--------------------------------------------------------------------------------------
Clock Name:         design_1_i/subprocessorClk/inst/clk_in1
Waveform(ns):       { 0.000 10.000 }
Period(ns):         20.000
Sources:            { design_1_i/subprocessorClk/inst/clk_in1 }

Check Type        Corner  Lib Pin            Reference Pin  Required(ns)  Actual(ns)  Slack(ns)  Location         Pin
Min Period        n/a     MMCME2_ADV/CLKIN1  n/a            1.249         20.000      18.751     MMCME2_ADV_X1Y0  design_1_i/subprocessorClk/inst/CLK_CORE_DRP_I/clk_inst/mmcm_adv_inst/CLKIN1
Max Period        n/a     MMCME2_ADV/CLKIN1  n/a            100.000       20.000      80.000     MMCME2_ADV_X1Y0  design_1_i/subprocessorClk/inst/CLK_CORE_DRP_I/clk_inst/mmcm_adv_inst/CLKIN1
Low Pulse Width   Slow    MMCME2_ADV/CLKIN1  n/a            3.000         10.000      7.000      MMCME2_ADV_X1Y0  design_1_i/subprocessorClk/inst/CLK_CORE_DRP_I/clk_inst/mmcm_adv_inst/CLKIN1
High Pulse Width  Slow    MMCME2_ADV/CLKIN1  n/a            3.000         10.000      7.000      MMCME2_ADV_X1Y0  design_1_i/subprocessorClk/inst/CLK_CORE_DRP_I/clk_inst/mmcm_adv_inst/CLKIN1



---------------------------------------------------------------------------------------------------
From Clock:  clk_out1_design_1_subprocessorClk_0
  To Clock:  clk_out1_design_1_subprocessorClk_0

Setup :            0  Failing Endpoints,  Worst Slack        3.591ns,  Total Violation        0.000ns
Hold  :            0  Failing Endpoints,  Worst Slack        0.046ns,  Total Violation        0.000ns
PW    :            0  Failing Endpoints,  Worst Slack        8.750ns,  Total Violation        0.000ns
---------------------------------------------------------------------------------------------------


Max Delay Paths
--------------------------------------------------------------------------------------
Slack (MET) :             3.591ns  (required time - arrival time)
  Source:                 design_1_i/matmul_0/inst/array_clear_reg/C
                            (rising edge-triggered cell FDRE clocked by clk_out1_design_1_subprocessorClk_0  {rise@0.000ns fall@10.000ns period=20.000ns})
  Destination:            design_1_i/matmul_0/inst/array/row[5].col[7].pe/acc_reg/RSTB
                            (rising edge-triggered cell DSP48E1 clocked by clk_out1_design_1_subprocessorClk_0  {rise@0.000ns fall@10.000ns period=20.000ns})
  Path Group:             clk_out1_design_1_subprocessorClk_0
  Path Type:              Setup (Max at Slow Process Corner)
  Requirement:            20.000ns  (clk_out1_design_1_subprocessorClk_0 rise@20.000ns - clk_out1_design_1_subprocessorClk_0 rise@0.000ns)
  Data Path Delay:        15.736ns  (logic 0.456ns (2.898%)  route 15.280ns (97.102%))
  Logic Levels:           0  
  Clock Path Skew:        -0.028ns (DCD - SCD + CPR)
    Destination Clock Delay (DCD):    5.221ns = ( 25.221 - 20.000 ) 
    Source Clock Delay      (SCD):    5.636ns
    Clock Pessimism Removal (CPR):    0.387ns
  Clock Uncertainty:      0.102ns  ((TSJ^2 + DJ^2)^1/2) / 2 + PE
    Total System Jitter     (TSJ):    0.071ns
    Discrete Jitter          (DJ):    0.192ns
    Phase Error              (PE):    0.000ns

    Location             Delay type                Incr(ns)  Path(ns)    Netlist Resource(s)
  -------------------------------------------------------------------    -------------------
                         (clock clk_out1_design_1_subprocessorClk_0 rise edge)
                                                      0.000     0.000 r  
    BUFGCTRL_X0Y16       BUFG                         0.000     0.000 r  design_1_i/processing_system7_0/inst/buffer_fclk_clk_0.FCLK_CLK_0_BUFG/O
                         net (fo=3786, routed)        1.806     1.806    design_1_i/subprocessorClk/inst/CLK_CORE_DRP_I/clk_inst/clk_in1
    MMCME2_ADV_X1Y0      MMCME2_ADV (Prop_mmcme2_adv_CLKIN1_CLKOUT0)
                                                      0.088     1.894 r  design_1_i/subprocessorClk/inst/CLK_CORE_DRP_I/clk_inst/mmcm_adv_inst/CLKOUT0
                         net (fo=1, routed)           1.889     3.783    design_1_i/subprocessorClk/inst/CLK_CORE_DRP_I/clk_inst/clk_out1_design_1_subprocessorClk_0
    BUFGCTRL_X0Y0        BUFG (Prop_bufg_I_O)         0.101     3.884 r  design_1_i/subprocessorClk/inst/CLK_CORE_DRP_I/clk_inst/clkout1_buf/O
                         net (fo=3986, routed)        1.752     5.636    design_1_i/matmul_0/inst/aclk
    SLICE_X19Y42         FDRE                                         r  design_1_i/matmul_0/inst/array_clear_reg/C
  -------------------------------------------------------------------    -------------------
    SLICE_X19Y42         FDRE (Prop_fdre_C_Q)         0.456     6.092 r  design_1_i/matmul_0/inst/array_clear_reg/Q
                         net (fo=816, routed)        15.280    21.372    design_1_i/matmul_0/inst/array/row[5].col[7].pe/array_clear
    DSP48_X3Y19          DSP48E1                                      r  design_1_i/matmul_0/inst/array/row[5].col[7].pe/acc_reg/RSTB
  -------------------------------------------------------------------    -------------------

                         (clock clk_out1_design_1_subprocessorClk_0 rise edge)
                                                     20.000    20.000 r  
    BUFGCTRL_X0Y16       BUFG                         0.000    20.000 r  design_1_i/processing_system7_0/inst/buffer_fclk_clk_0.FCLK_CLK_0_BUFG/O
                         net (fo=3786, routed)        1.612    21.612    design_1_i/subprocessorClk/inst/CLK_CORE_DRP_I/clk_inst/clk_in1
    MMCME2_ADV_X1Y0      MMCME2_ADV (Prop_mmcme2_adv_CLKIN1_CLKOUT0)
                                                      0.083    21.695 r  design_1_i/subprocessorClk/inst/CLK_CORE_DRP_I/clk_inst/mmcm_adv_inst/CLKOUT0
                         net (fo=1, routed)           1.725    23.420    design_1_i/subprocessorClk/inst/CLK_CORE_DRP_I/clk_inst/clk_out1_design_1_subprocessorClk_0
    BUFGCTRL_X0Y0        BUFG (Prop_bufg_I_O)         0.091    23.511 r  design_1_i/subprocessorClk/inst/CLK_CORE_DRP_I/clk_inst/clkout1_buf/O
                         net (fo=3986, routed)        1.710    25.221    design_1_i/matmul_0/inst/array/row[5].col[7].pe/aclk
    DSP48_X3Y19          DSP48E1                                      r  design_1_i/matmul_0/inst/array/row[5].col[7].pe/acc_reg/CLK
                         clock pessimism              0.387    25.608    
                         clock uncertainty           -0.102    25.506    
    DSP48_X3Y19          DSP48E1 (Setup_dsp48e1_CLK_RSTB)
                                                     -0.543    24.963    design_1_i/matmul_0/inst/array/row[5].col[7].pe/acc_reg
  -------------------------------------------------------------------
                         required time                         24.963    
                         arrival time                         -21.372    
  -------------------------------------------------------------------
                         slack                                  3.591    





Min Delay Paths
--------------------------------------------------------------------------------------
Slack (MET) :             0.046ns  (arrival time - required time)
  Source:                 design_1_i/matmul_0/inst/wr_data_reg[18]/C
                            (rising edge-triggered cell FDRE clocked by clk_out1_design_1_subprocessorClk_0  {rise@0.000ns fall@10.000ns period=20.000ns})
  Destination:            design_1_i/matmul_0/inst/src_b_reg[18]/D
                            (rising edge-triggered cell FDRE clocked by clk_out1_design_1_subprocessorClk_0  {rise@0.000ns fall@10.000ns period=20.000ns})
  Path Group:             clk_out1_design_1_subprocessorClk_0
  Path Type:              Hold (Min at Fast Process Corner)
  Requirement:            0.000ns  (clk_out1_design_1_subprocessorClk_0 rise@0.000ns - clk_out1_design_1_subprocessorClk_0 rise@0.000ns)
  Data Path Delay:        0.433ns  (logic 0.186ns (42.973%)  route 0.247ns (57.027%))
  Logic Levels:           1  (LUT6=1)
  Clock Path Skew:        0.267ns (DCD - SCD - CPR)
    Destination Clock Delay (DCD):    2.350ns
    Source Clock Delay      (SCD):    1.762ns
    Clock Pessimism Removal (CPR):    0.320ns

    Location             Delay type                Incr(ns)  Path(ns)    Netlist Resource(s)
  -------------------------------------------------------------------    -------------------
                         (clock clk_out1_design_1_subprocessorClk_0 rise edge)
                                                      0.000     0.000 r  
    BUFGCTRL_X0Y16       BUFG                         0.000     0.000 r  design_1_i/processing_system7_0/inst/buffer_fclk_clk_0.FCLK_CLK_0_BUFG/O
                         net (fo=3786, routed)        0.597     0.597    design_1_i/subprocessorClk/inst/CLK_CORE_DRP_I/clk_inst/clk_in1
    MMCME2_ADV_X1Y0      MMCME2_ADV (Prop_mmcme2_adv_CLKIN1_CLKOUT0)
                                                      0.050     0.647 r  design_1_i/subprocessorClk/inst/CLK_CORE_DRP_I/clk_inst/mmcm_adv_inst/CLKOUT0
                         net (fo=1, routed)           0.529     1.176    design_1_i/subprocessorClk/inst/CLK_CORE_DRP_I/clk_inst/clk_out1_design_1_subprocessorClk_0
    BUFGCTRL_X0Y0        BUFG (Prop_bufg_I_O)         0.026     1.202 r  design_1_i/subprocessorClk/inst/CLK_CORE_DRP_I/clk_inst/clkout1_buf/O
                         net (fo=3986, routed)        0.561     1.762    design_1_i/matmul_0/inst/aclk
    SLICE_X35Y52         FDRE                                         r  design_1_i/matmul_0/inst/wr_data_reg[18]/C
  -------------------------------------------------------------------    -------------------
    SLICE_X35Y52         FDRE (Prop_fdre_C_Q)         0.141     1.903 r  design_1_i/matmul_0/inst/wr_data_reg[18]/Q
                         net (fo=4, routed)           0.247     2.150    design_1_i/matmul_0/inst/wr_data_reg_n_0_[18]
    SLICE_X32Y46         LUT6 (Prop_lut6_I5_O)        0.045     2.195 r  design_1_i/matmul_0/inst/src_b[18]_i_1/O
                         net (fo=1, routed)           0.000     2.195    design_1_i/matmul_0/inst/src_b[18]_i_1_n_0
    SLICE_X32Y46         FDRE                                         r  design_1_i/matmul_0/inst/src_b_reg[18]/D
  -------------------------------------------------------------------    -------------------

                         (clock clk_out1_design_1_subprocessorClk_0 rise edge)
                                                      0.000     0.000 r  
    BUFGCTRL_X0Y16       BUFG                         0.000     0.000 r  design_1_i/processing_system7_0/inst/buffer_fclk_clk_0.FCLK_CLK_0_BUFG/O
                         net (fo=3786, routed)        0.864     0.864    design_1_i/subprocessorClk/inst/CLK_CORE_DRP_I/clk_inst/clk_in1
    MMCME2_ADV_X1Y0      MMCME2_ADV (Prop_mmcme2_adv_CLKIN1_CLKOUT0)
                                                      0.053     0.917 r  design_1_i/subprocessorClk/inst/CLK_CORE_DRP_I/clk_inst/mmcm_adv_inst/CLKOUT0
                         net (fo=1, routed)           0.576     1.493    design_1_i/subprocessorClk/inst/CLK_CORE_DRP_I/clk_inst/clk_out1_design_1_subprocessorClk_0
    BUFGCTRL_X0Y0        BUFG (Prop_bufg_I_O)         0.029     1.522 r  design_1_i/subprocessorClk/inst/CLK_CORE_DRP_I/clk_inst/clkout1_buf/O
                         net (fo=3986, routed)        0.828     2.350    design_1_i/matmul_0/inst/aclk
    SLICE_X32Y46         FDRE                                         r  design_1_i/matmul_0/inst/src_b_reg[18]/C
                         clock pessimism             -0.320     2.030    
    SLICE_X32Y46         FDRE (Hold_fdre_C_D)         0.120     2.150    design_1_i/matmul_0/inst/src_b_reg[18]
  -------------------------------------------------------------------
                         required time                         -2.150    
                         arrival time                           2.195    
  -------------------------------------------------------------------
                         slack                                  0.046    





Pulse Width Checks
--------------------------------------------------------------------------------------
Clock Name:         clk_out1_design_1_subprocessorClk_0
Waveform(ns):       { 0.000 10.000 }
Period(ns):         20.000
Sources:            { design_1_i/subprocessorClk/inst/CLK_CORE_DRP_I/clk_inst/mmcm_adv_inst/CLKOUT0 }

Check Type        Corner  Lib Pin             Reference Pin  Required(ns)  Actual(ns)  Slack(ns)  Location         Pin
Min Period        n/a     DSP48E1/CLK         n/a            3.884         20.000      16.116     DSP48_X0Y11      design_1_i/matmul_0/inst/array/row[0].col[1].pe/acc_reg/CLK
Max Period        n/a     MMCME2_ADV/CLKOUT0  n/a            213.360       20.000      193.360    MMCME2_ADV_X1Y0  design_1_i/subprocessorClk/inst/CLK_CORE_DRP_I/clk_inst/mmcm_adv_inst/CLKOUT0
Low Pulse Width   Slow    RAMD32/CLK          n/a            1.250         10.000      8.750      SLICE_X30Y62     design_1_i/matmulHpConverter/inst/gen_axi4_axi3.axi3_conv_inst/USE_READ.USE_SPLIT_R.read_addr_inst/USE_R_CHANNEL.cmd_queue/inst/fifo_gen_inst/inst_fifo_gen/gconvfifo.rf/grf.rf/gntv_or_sync_fifo.mem/gdm.dm_gen.dm/RAM_reg_0_31_0_0/DP/CLK
High Pulse Width  Slow    RAMD32/CLK          n/a            1.250         10.000      8.750      SLICE_X30Y62     design_1_i/matmulHpConverter/inst/gen_axi4_axi3.axi3_conv_inst/USE_READ.USE_SPLIT_R.read_addr_inst/USE_R_CHANNEL.cmd_queue/inst/fifo_gen_inst/inst_fifo_gen/gconvfifo.rf/grf.rf/gntv_or_sync_fifo.mem/gdm.dm_gen.dm/RAM_reg_0_31_0_0/DP/CLK



---------------------------------------------------------------------------------------------------
From Clock:  clkfbout_design_1_subprocessorClk_0
  To Clock:  clkfbout_design_1_subprocessorClk_0

Setup :           NA  Failing Endpoints,  Worst Slack           NA  ,  Total Violation           NA
Hold  :           NA  Failing Endpoints,  Worst Slack           NA  ,  Total Violation           NA
PW    :            0  Failing Endpoints,  Worst Slack       18.751ns,  Total Violation        0.000ns
---------------------------------------------------------------------------------------------------


Pulse Width Checks
--------------------------------------------------------------------------------------
Clock Name:         clkfbout_design_1_subprocessorClk_0
Waveform(ns):       { 0.000 10.000 }
Period(ns):         20.000
Sources:            { design_1_i/subprocessorClk/inst/CLK_CORE_DRP_I/clk_inst/mmcm_adv_inst/CLKFBOUT }

Check Type  Corner  Lib Pin              Reference Pin  Required(ns)  Actual(ns)  Slack(ns)  Location         Pin
Min Period  n/a     MMCME2_ADV/CLKFBOUT  n/a            1.249         20.000      18.751     MMCME2_ADV_X1Y0  design_1_i/subprocessorClk/inst/CLK_CORE_DRP_I/clk_inst/mmcm_adv_inst/CLKFBOUT
Max Period  n/a     MMCME2_ADV/CLKFBIN   n/a            100.000       20.000      80.000     MMCME2_ADV_X1Y0  design_1_i/subprocessorClk/inst/CLK_CORE_DRP_I/clk_inst/mmcm_adv_inst/CLKFBIN



---------------------------------------------------------------------------------------------------
Path Group:  **async_default**
From Clock:  clk_out1_design_1_subprocessorClk_0
  To Clock:  clk_out1_design_1_subprocessorClk_0

Setup :            0  Failing Endpoints,  Worst Slack       16.680ns,  Total Violation        0.000ns
Hold  :            0  Failing Endpoints,  Worst Slack        0.576ns,  Total Violation        0.000ns
---------------------------------------------------------------------------------------------------


Max Delay Paths
--------------------------------------------------------------------------------------
Slack (MET) :             16.680ns  (required time - arrival time)
  Source:                 design_1_i/matmulHpConverter/inst/gen_axi4_axi3.axi3_conv_inst/USE_WRITE.write_addr_inst/USE_BURSTS.cmd_queue/inst/fifo_gen_inst/inst_fifo_gen/gconvfifo.rf/grf.rf/rstblk/ngwrdrst.grst.g7serrst.gnsckt_wrst.rst_wr_reg2_inst/arststages_ff_reg[1]/C
                            (rising edge-triggered cell FDPE clocked by clk_out1_design_1_subprocessorClk_0  {rise@0.000ns fall@10.000ns period=20.000ns})
  Destination:            design_1_i/matmulHpConverter/inst/gen_axi4_axi3.axi3_conv_inst/USE_WRITE.write_addr_inst/USE_BURSTS.cmd_queue/inst/fifo_gen_inst/inst_fifo_gen/gconvfifo.rf/grf.rf/gntv_or_sync_fifo.gl0.rd/rpntr/gc0.count_d1_reg[3]/CLR
                            (recovery check against rising-edge clock clk_out1_design_1_subprocessorClk_0  {rise@0.000ns fall@10.000ns period=20.000ns})
  Path Group:             **async_default**
  Path Type:              Recovery (Max at Slow Process Corner)
  Requirement:            20.000ns  (clk_out1_design_1_subprocessorClk_0 rise@20.000ns - clk_out1_design_1_subprocessorClk_0 rise@0.000ns)
  Data Path Delay:        2.708ns  (logic 0.718ns (26.516%)  route 1.990ns (73.484%))
  Logic Levels:           1  (LUT3=1)
  Clock Path Skew:        -0.105ns (DCD - SCD + CPR)
    Destination Clock Delay (DCD):    4.981ns = ( 24.981 - 20.000 ) 
    Source Clock Delay      (SCD):    5.573ns
    Clock Pessimism Removal (CPR):    0.487ns
  Clock Uncertainty:      0.102ns  ((TSJ^2 + DJ^2)^1/2) / 2 + PE
    Total System Jitter     (TSJ):    0.071ns
    Discrete Jitter          (DJ):    0.192ns
    Phase Error              (PE):    0.000ns

    Location             Delay type                Incr(ns)  Path(ns)    Netlist Resource(s)
  -------------------------------------------------------------------    -------------------
                         (clock clk_out1_design_1_subprocessorClk_0 rise edge)
                                                      0.000     0.000 r  
    BUFGCTRL_X0Y16       BUFG                         0.000     0.000 r  design_1_i/processing_system7_0/inst/buffer_fclk_clk_0.FCLK_CLK_0_BUFG/O
                         net (fo=3786, routed)        1.806     1.806    design_1_i/subprocessorClk/inst/CLK_CORE_DRP_I/clk_inst/clk_in1
    MMCME2_ADV_X1Y0      MMCME2_ADV (Prop_mmcme2_adv_CLKIN1_CLKOUT0)
                                                      0.088     1.894 r  design_1_i/subprocessorClk/inst/CLK_CORE_DRP_I/clk_inst/mmcm_adv_inst/CLKOUT0
                         net (fo=1, routed)           1.889     3.783    design_1_i/subprocessorClk/inst/CLK_CORE_DRP_I/clk_inst/clk_out1_design_1_subprocessorClk_0
    BUFGCTRL_X0Y0        BUFG (Prop_bufg_I_O)         0.101     3.884 r  design_1_i/subprocessorClk/inst/CLK_CORE_DRP_I/clk_inst/clkout1_buf/O
                         net (fo=3986, routed)        1.689     5.573    design_1_i/matmulHpConverter/inst/gen_axi4_axi3.axi3_conv_inst/USE_WRITE.write_addr_inst/USE_BURSTS.cmd_queue/inst/fifo_gen_inst/inst_fifo_gen/gconvfifo.rf/grf.rf/rstblk/ngwrdrst.grst.g7serrst.gnsckt_wrst.rst_wr_reg2_inst/dest_clk
    SLICE_X29Y70         FDPE                                         r  design_1_i/matmulHpConverter/inst/gen_axi4_axi3.axi3_conv_inst/USE_WRITE.write_addr_inst/USE_BURSTS.cmd_queue/inst/fifo_gen_inst/inst_fifo_gen/gconvfifo.rf/grf.rf/rstblk/ngwrdrst.grst.g7serrst.gnsckt_wrst.rst_wr_reg2_inst/arststages_ff_reg[1]/C
  -------------------------------------------------------------------    -------------------
    SLICE_X29Y70         FDPE (Prop_fdpe_C_Q)         0.419     5.992 f  design_1_i/matmulHpConverter/inst/gen_axi4_axi3.axi3_conv_inst/USE_WRITE.write_addr_inst/USE_BURSTS.cmd_queue/inst/fifo_gen_inst/inst_fifo_gen/gconvfifo.rf/grf.rf/rstblk/ngwrdrst.grst.g7serrst.gnsckt_wrst.rst_wr_reg2_inst/arststages_ff_reg[1]/Q
                         net (fo=3, routed)           0.831     6.823    design_1_i/matmulHpConverter/inst/gen_axi4_axi3.axi3_conv_inst/USE_WRITE.write_addr_inst/USE_BURSTS.cmd_queue/inst/fifo_gen_inst/inst_fifo_gen/gconvfifo.rf/grf.rf/rstblk/ngwrdrst.rst_wr_reg2
    SLICE_X30Y70         LUT3 (Prop_lut3_I2_O)        0.299     7.122 f  design_1_i/matmulHpConverter/inst/gen_axi4_axi3.axi3_conv_inst/USE_WRITE.write_addr_inst/USE_BURSTS.cmd_queue/inst/fifo_gen_inst/inst_fifo_gen/gconvfifo.rf/grf.rf/rstblk/gpregsm1.curr_fwft_state[1]_i_2/O
                         net (fo=32, routed)          1.159     8.281    design_1_i/matmulHpConverter/inst/gen_axi4_axi3.axi3_conv_inst/USE_WRITE.write_addr_inst/USE_BURSTS.cmd_queue/inst/fifo_gen_inst/inst_fifo_gen/gconvfifo.rf/grf.rf/gntv_or_sync_fifo.gl0.rd/rpntr/gc0.count_d1_reg[4]_1
    SLICE_X33Y71         FDCE                                         f  design_1_i/matmulHpConverter/inst/gen_axi4_axi3.axi3_conv_inst/USE_WRITE.write_addr_inst/USE_BURSTS.cmd_queue/inst/fifo_gen_inst/inst_fifo_gen/gconvfifo.rf/grf.rf/gntv_or_sync_fifo.gl0.rd/rpntr/gc0.count_d1_reg[3]/CLR
  -------------------------------------------------------------------    -------------------

                         (clock clk_out1_design_1_subprocessorClk_0 rise edge)
                                                     20.000    20.000 r  
    BUFGCTRL_X0Y16       BUFG                         0.000    20.000 r  design_1_i/processing_system7_0/inst/buffer_fclk_clk_0.FCLK_CLK_0_BUFG/O
                         net (fo=3786, routed)        1.612    21.612    design_1_i/subprocessorClk/inst/CLK_CORE_DRP_I/clk_inst/clk_in1
    MMCME2_ADV_X1Y0      MMCME2_ADV (Prop_mmcme2_adv_CLKIN1_CLKOUT0)
                                                      0.083    21.695 r  design_1_i/subprocessorClk/inst/CLK_CORE_DRP_I/clk_inst/mmcm_adv_inst/CLKOUT0
                         net (fo=1, routed)           1.725    23.420    design_1_i/subprocessorClk/inst/CLK_CORE_DRP_I/clk_inst/clk_out1_design_1_subprocessorClk_0
    BUFGCTRL_X0Y0        BUFG (Prop_bufg_I_O)         0.091    23.511 r  design_1_i/subprocessorClk/inst/CLK_CORE_DRP_I/clk_inst/clkout1_buf/O
                         net (fo=3986, routed)        1.470    24.981    design_1_i/matmulHpConverter/inst/gen_axi4_axi3.axi3_conv_inst/USE_WRITE.write_addr_inst/USE_BURSTS.cmd_queue/inst/fifo_gen_inst/inst_fifo_gen/gconvfifo.rf/grf.rf/gntv_or_sync_fifo.gl0.rd/rpntr/clk
    SLICE_X33Y71         FDCE                                         r  design_1_i/matmulHpConverter/inst/gen_axi4_axi3.axi3_conv_inst/USE_WRITE.write_addr_inst/USE_BURSTS.cmd_queue/inst/fifo_gen_inst/inst_fifo_gen/gconvfifo.rf/grf.rf/gntv_or_sync_fifo.gl0.rd/rpntr/gc0.count_d1_reg[3]/C
                         clock pessimism              0.487    25.468    
                         clock uncertainty           -0.102    25.366    
    SLICE_X33Y71         FDCE (Recov_fdce_C_CLR)     -0.405    24.961    design_1_i/matmulHpConverter/inst/gen_axi4_axi3.axi3_conv_inst/USE_WRITE.write_addr_inst/USE_BURSTS.cmd_queue/inst/fifo_gen_inst/inst_fifo_gen/gconvfifo.rf/grf.rf/gntv_or_sync_fifo.gl0.rd/rpntr/gc0.count_d1_reg[3]
  -------------------------------------------------------------------
                         required time                         24.961    
                         arrival time                          -8.281    
  -------------------------------------------------------------------
                         slack                                 16.680    





Min Delay Paths
--------------------------------------------------------------------------------------
Slack (MET) :             0.576ns  (arrival time - required time)
  Source:                 design_1_i/matmulHpConverter/inst/gen_axi4_axi3.axi3_conv_inst/USE_WRITE.write_addr_inst/USE_BURSTS.cmd_queue/inst/fifo_gen_inst/inst_fifo_gen/gconvfifo.rf/grf.rf/rstblk/ngwrdrst.grst.g7serrst.gnsckt_wrst.gcc_rst.sckt_wr_rst_cc_reg[0]/C
                            (rising edge-triggered cell FDRE clocked by clk_out1_design_1_subprocessorClk_0  {rise@0.000ns fall@10.000ns period=20.000ns})
  Destination:            design_1_i/matmulHpConverter/inst/gen_axi4_axi3.axi3_conv_inst/USE_WRITE.write_addr_inst/USE_BURSTS.cmd_queue/inst/fifo_gen_inst/inst_fifo_gen/gconvfifo.rf/grf.rf/gntv_or_sync_fifo.gl0.rd/gr1.gr1_int.rfwft/empty_fwft_fb_o_i_reg/PRE
                            (removal check against rising-edge clock clk_out1_design_1_subprocessorClk_0  {rise@0.000ns fall@10.000ns period=20.000ns})
  Path Group:             **async_default**
  Path Type:              Removal (Min at Fast Process Corner)
  Requirement:            0.000ns  (clk_out1_design_1_subprocessorClk_0 rise@0.000ns - clk_out1_design_1_subprocessorClk_0 rise@0.000ns)
  Data Path Delay:        0.520ns  (logic 0.209ns (40.183%)  route 0.311ns (59.817%))
  Logic Levels:           1  (LUT3=1)
  Clock Path Skew:        0.015ns (DCD - SCD - CPR)
    Destination Clock Delay (DCD):    2.358ns
    Source Clock Delay      (SCD):    1.770ns
    Clock Pessimism Removal (CPR):    0.573ns

    Location             Delay type                Incr(ns)  Path(ns)    Netlist Resource(s)
  -------------------------------------------------------------------    -------------------
                         (clock clk_out1_design_1_subprocessorClk_0 rise edge)
                                                      0.000     0.000 r  
    BUFGCTRL_X0Y16       BUFG                         0.000     0.000 r  design_1_i/processing_system7_0/inst/buffer_fclk_clk_0.FCLK_CLK_0_BUFG/O
                         net (fo=3786, routed)        0.597     0.597    design_1_i/subprocessorClk/inst/CLK_CORE_DRP_I/clk_inst/clk_in1
    MMCME2_ADV_X1Y0      MMCME2_ADV (Prop_mmcme2_adv_CLKIN1_CLKOUT0)
                                                      0.050     0.647 r  design_1_i/subprocessorClk/inst/CLK_CORE_DRP_I/clk_inst/mmcm_adv_inst/CLKOUT0
                         net (fo=1, routed)           0.529     1.176    design_1_i/subprocessorClk/inst/CLK_CORE_DRP_I/clk_inst/clk_out1_design_1_subprocessorClk_0
    BUFGCTRL_X0Y0        BUFG (Prop_bufg_I_O)         0.026     1.202 r  design_1_i/subprocessorClk/inst/CLK_CORE_DRP_I/clk_inst/clkout1_buf/O
                         net (fo=3986, routed)        0.569     1.770    design_1_i/matmulHpConverter/inst/gen_axi4_axi3.axi3_conv_inst/USE_WRITE.write_addr_inst/USE_BURSTS.cmd_queue/inst/fifo_gen_inst/inst_fifo_gen/gconvfifo.rf/grf.rf/rstblk/clk
    SLICE_X30Y70         FDRE                                         r  design_1_i/matmulHpConverter/inst/gen_axi4_axi3.axi3_conv_inst/USE_WRITE.write_addr_inst/USE_BURSTS.cmd_queue/inst/fifo_gen_inst/inst_fifo_gen/gconvfifo.rf/grf.rf/rstblk/ngwrdrst.grst.g7serrst.gnsckt_wrst.gcc_rst.sckt_wr_rst_cc_reg[0]/C
  -------------------------------------------------------------------    -------------------
    SLICE_X30Y70         FDRE (Prop_fdre_C_Q)         0.164     1.934 f  design_1_i/matmulHpConverter/inst/gen_axi4_axi3.axi3_conv_inst/USE_WRITE.write_addr_inst/USE_BURSTS.cmd_queue/inst/fifo_gen_inst/inst_fifo_gen/gconvfifo.rf/grf.rf/rstblk/ngwrdrst.grst.g7serrst.gnsckt_wrst.gcc_rst.sckt_wr_rst_cc_reg[0]/Q
                         net (fo=3, routed)           0.175     2.110    design_1_i/matmulHpConverter/inst/gen_axi4_axi3.axi3_conv_inst/USE_WRITE.write_addr_inst/USE_BURSTS.cmd_queue/inst/fifo_gen_inst/inst_fifo_gen/gconvfifo.rf/grf.rf/rstblk/ngwrdrst.grst.g7serrst.gnsckt_wrst.gcc_rst.sckt_wr_rst_cc[0]
    SLICE_X30Y70         LUT3 (Prop_lut3_I1_O)        0.045     2.155 f  design_1_i/matmulHpConverter/inst/gen_axi4_axi3.axi3_conv_inst/USE_WRITE.write_addr_inst/USE_BURSTS.cmd_queue/inst/fifo_gen_inst/inst_fifo_gen/gconvfifo.rf/grf.rf/rstblk/gpregsm1.curr_fwft_state[1]_i_2/O
                         net (fo=32, routed)          0.136     2.290    design_1_i/matmulHpConverter/inst/gen_axi4_axi3.axi3_conv_inst/USE_WRITE.write_addr_inst/USE_BURSTS.cmd_queue/inst/fifo_gen_inst/inst_fifo_gen/gconvfifo.rf/grf.rf/gntv_or_sync_fifo.gl0.rd/gr1.gr1_int.rfwft/gpregsm1.user_valid_reg_0
    SLICE_X30Y69         FDPE                                         f  design_1_i/matmulHpConverter/inst/gen_axi4_axi3.axi3_conv_inst/USE_WRITE.write_addr_inst/USE_BURSTS.cmd_queue/inst/fifo_gen_inst/inst_fifo_gen/gconvfifo.rf/grf.rf/gntv_or_sync_fifo.gl0.rd/gr1.gr1_int.rfwft/empty_fwft_fb_o_i_reg/PRE
  -------------------------------------------------------------------    -------------------

                         (clock clk_out1_design_1_subprocessorClk_0 rise edge)
                                                      0.000     0.000 r  
    BUFGCTRL_X0Y16       BUFG                         0.000     0.000 r  design_1_i/processing_system7_0/inst/buffer_fclk_clk_0.FCLK_CLK_0_BUFG/O
                         net (fo=3786, routed)        0.864     0.864    design_1_i/subprocessorClk/inst/CLK_CORE_DRP_I/clk_inst/clk_in1
    MMCME2_ADV_X1Y0      MMCME2_ADV (Prop_mmcme2_adv_CLKIN1_CLKOUT0)
                                                      0.053     0.917 r  design_1_i/subprocessorClk/inst/CLK_CORE_DRP_I/clk_inst/mmcm_adv_inst/CLKOUT0
                         net (fo=1, routed)           0.576     1.493    design_1_i/subprocessorClk/inst/CLK_CORE_DRP_I/clk_inst/clk_out1_design_1_subprocessorClk_0
    BUFGCTRL_X0Y0        BUFG (Prop_bufg_I_O)         0.029     1.522 r  design_1_i/subprocessorClk/inst/CLK_CORE_DRP_I/clk_inst/clkout1_buf/O
                         net (fo=3986, routed)        0.836     2.358    design_1_i/matmulHpConverter/inst/gen_axi4_axi3.axi3_conv_inst/USE_WRITE.write_addr_inst/USE_BURSTS.cmd_queue/inst/fifo_gen_inst/inst_fifo_gen/gconvfifo.rf/grf.rf/gntv_or_sync_fifo.gl0.rd/gr1.gr1_int.rfwft/clk
    SLICE_X30Y69         FDPE                                         r  design_1_i/matmulHpConverter/inst/gen_axi4_axi3.axi3_conv_inst/USE_WRITE.write_addr_inst/USE_BURSTS.cmd_queue/inst/fifo_gen_inst/inst_fifo_gen/gconvfifo.rf/grf.rf/gntv_or_sync_fifo.gl0.rd/gr1.gr1_int.rfwft/empty_fwft_fb_o_i_reg/C
                         clock pessimism             -0.573     1.785    
    SLICE_X30Y69         FDPE (Remov_fdpe_C_PRE)     -0.071     1.714    design_1_i/matmulHpConverter/inst/gen_axi4_axi3.axi3_conv_inst/USE_WRITE.write_addr_inst/USE_BURSTS.cmd_queue/inst/fifo_gen_inst/inst_fifo_gen/gconvfifo.rf/grf.rf/gntv_or_sync_fifo.gl0.rd/gr1.gr1_int.rfwft/empty_fwft_fb_o_i_reg
  -------------------------------------------------------------------
                         required time                         -1.714    
                         arrival time                           2.290    
  -------------------------------------------------------------------
                         slack                                  0.576    





