Copyright 1986-2022 Xilinx, Inc. All Rights Reserved. Copyright 2022-2024 Advanced Micro Devices, Inc. All Rights Reserved.
---------------------------------------------------------------------------------------------------------------------------------------------------
| Tool Version : Vivado v.2024.1 (lin64) Build 5076996 Wed May 22 18:36:09 MDT 2024
| Date         : Fri Sep 25 22:15:31 2026
| Host         : jon-Zephyrus-M-GM501GS running 64-bit Ubuntu 24.04.5 LTS
| Command      : report_timing_summary -file /home/jon/Projects/torch2isa/Torch2RISCV-accelerator/RISCV-on-PYNQ-Z1/build/output/timing_summary.rpt
| Design       : design_1_wrapper
| Device       : 7z020-clg400
| Speed File   : -1  PRODUCTION 1.12 2019-11-22
| Design State : Routed
---------------------------------------------------------------------------------------------------------------------------------------------------

Timing Summary Report

------------------------------------------------------------------------------------------------
| Timer Settings
| --------------
------------------------------------------------------------------------------------------------

  Enable Multi Corner Analysis               :  Yes
  Enable Pessimism Removal                   :  Yes
  Pessimism Removal Resolution               :  Nearest Common Node
  Enable Input Delay Default Clock           :  No
  Enable Preset / Clear Arcs                 :  No
  Disable Flight Delays                      :  No
  Ignore I/O Paths                           :  No
  Timing Early Launch at Borrowing Latches   :  No
  Borrow Time for Max Delay Exceptions       :  Yes
  Merge Timing Exceptions                    :  Yes
  Inter-SLR Compensation                     :  Conservative

  Corner  Analyze    Analyze    
  Name    Max Paths  Min Paths  
  ------  ---------  ---------  
  Slow    Yes        Yes        
  Fast    Yes        Yes        


------------------------------------------------------------------------------------------------
| Report Methodology
| ------------------
------------------------------------------------------------------------------------------------

Rule       Severity          Description                                         Violations  
---------  ----------------  --------------------------------------------------  ----------  
TIMING-4   Critical Warning  Invalid primary clock redefinition on a clock tree  1           
TIMING-27  Critical Warning  Invalid primary clock on hierarchical pin           1           
LUTAR-1    Warning           LUT drives async reset alert                        3           

Note: This report is based on the most recent report_methodology run and may not be up-to-date. Run report_methodology on the current design for the latest report.



check_timing report

Table of Contents
-----------------
1. checking no_clock (0)
2. checking constant_clock (0)
3. checking pulse_width_clock (0)
4. checking unconstrained_internal_endpoints (0)
5. checking no_input_delay (0)
6. checking no_output_delay (0)
7. checking multiple_clock (0)
8. checking generated_clocks (0)
9. checking loops (0)
10. checking partial_input_delay (0)
11. checking partial_output_delay (0)
12. checking latch_loops (0)

1. checking no_clock (0)
------------------------
 There are 0 register/latch pins with no clock.


2. checking constant_clock (0)
------------------------------
 There are 0 register/latch pins with constant_clock.


3. checking pulse_width_clock (0)
---------------------------------
 There are 0 register/latch pins which need pulse_width check


4. checking unconstrained_internal_endpoints (0)
------------------------------------------------
 There are 0 pins that are not constrained for maximum delay.

 There are 0 pins that are not constrained for maximum delay due to constant clock.


5. checking no_input_delay (0)
------------------------------
 There are 0 input ports with no input delay specified.

 There are 0 input ports with no input delay but user has a false path constraint.


6. checking no_output_delay (0)
-------------------------------
 There are 0 ports with no output delay specified.

 There are 0 ports with no output delay but user has a false path constraint

 There are 0 ports with no output delay but with a timing clock defined on it or propagating through it


7. checking multiple_clock (0)
------------------------------
 There are 0 register/latch pins with multiple clocks.


8. checking generated_clocks (0)
--------------------------------
 There are 0 generated clocks that are not connected to a clock source.


9. checking loops (0)
---------------------
 There are 0 combinational loops in the design.


10. checking partial_input_delay (0)
------------------------------------
 There are 0 input ports with partial input delay specified.


11. checking partial_output_delay (0)
-------------------------------------
 There are 0 ports with partial output delay specified.


12. checking latch_loops (0)
----------------------------
 There are 0 combinational latch loops in the design through latch input



------------------------------------------------------------------------------------------------
| Design Timing Summary
| ---------------------
------------------------------------------------------------------------------------------------

    WNS(ns)      TNS(ns)  TNS Failing Endpoints  TNS Total Endpoints      WHS(ns)      THS(ns)  THS Failing Endpoints  THS Total Endpoints     WPWS(ns)     TPWS(ns)  TPWS Failing Endpoints  TPWS Total Endpoints  
    -------      -------  ---------------------  -------------------      -------      -------  ---------------------  -------------------     --------     --------  ----------------------  --------------------  
      2.348        0.000                      0                62905        0.015        0.000                      0                62905        7.000        0.000                       0                 21944  


All user specified timing constraints are met.


------------------------------------------------------------------------------------------------
| Clock Summary
| -------------
------------------------------------------------------------------------------------------------

Clock                                    Waveform(ns)       Period(ns)      Frequency(MHz)
-----                                    ------------       ----------      --------------
clk_fpga_0                               {0.000 10.000}     20.000          50.000          
clk_fpga_1                               {0.000 10.000}     20.000          50.000          
design_1_i/subprocessorClk/inst/clk_in1  {0.000 10.000}     20.000          50.000          
  clk_out1_design_1_subprocessorClk_0    {0.000 10.000}     20.000          50.000          
  clkfbout_design_1_subprocessorClk_0    {0.000 10.000}     20.000          50.000          


------------------------------------------------------------------------------------------------
| Intra Clock Table
| -----------------
------------------------------------------------------------------------------------------------

Clock                                        WNS(ns)      TNS(ns)  TNS Failing Endpoints  TNS Total Endpoints      WHS(ns)      THS(ns)  THS Failing Endpoints  THS Total Endpoints     WPWS(ns)     TPWS(ns)  TPWS Failing Endpoints  TPWS Total Endpoints  
-----                                        -------      -------  ---------------------  -------------------      -------      -------  ---------------------  -------------------     --------     --------  ----------------------  --------------------  
clk_fpga_0                                     7.872        0.000                      0                 9068        0.015        0.000                      0                 9068        7.500        0.000                       0                  3768  
design_1_i/subprocessorClk/inst/clk_in1                                                                                                                                                    7.000        0.000                       0                     1  
  clk_out1_design_1_subprocessorClk_0          2.348        0.000                      0                53741        0.035        0.000                      0                53741        8.750        0.000                       0                 18173  
  clkfbout_design_1_subprocessorClk_0                                                                                                                                                     18.751        0.000                       0                     2  


------------------------------------------------------------------------------------------------
| Inter Clock Table
| -----------------
------------------------------------------------------------------------------------------------

From Clock    To Clock          WNS(ns)      TNS(ns)  TNS Failing Endpoints  TNS Total Endpoints      WHS(ns)      THS(ns)  THS Failing Endpoints  THS Total Endpoints  
----------    --------          -------      -------  ---------------------  -------------------      -------      -------  ---------------------  -------------------  


------------------------------------------------------------------------------------------------
| Other Path Groups Table
| -----------------------
------------------------------------------------------------------------------------------------

Path Group                           From Clock                           To Clock                                 WNS(ns)      TNS(ns)  TNS Failing Endpoints  TNS Total Endpoints      WHS(ns)      THS(ns)  THS Failing Endpoints  THS Total Endpoints  
----------                           ----------                           --------                                 -------      -------  ---------------------  -------------------      -------      -------  ---------------------  -------------------  
**async_default**                    clk_out1_design_1_subprocessorClk_0  clk_out1_design_1_subprocessorClk_0       16.573        0.000                      0                   96        0.515        0.000                      0                   96  


------------------------------------------------------------------------------------------------
| Timing Details
| --------------
------------------------------------------------------------------------------------------------


---------------------------------------------------------------------------------------------------
From Clock:  clk_fpga_0
  To Clock:  clk_fpga_0

Setup :            0  Failing Endpoints,  Worst Slack        7.872ns,  Total Violation        0.000ns
Hold  :            0  Failing Endpoints,  Worst Slack        0.015ns,  Total Violation        0.000ns
PW    :            0  Failing Endpoints,  Worst Slack        7.500ns,  Total Violation        0.000ns
---------------------------------------------------------------------------------------------------


Max Delay Paths
--------------------------------------------------------------------------------------
Slack (MET) :             7.872ns  (required time - arrival time)
  Source:                 design_1_i/processing_system7_0/inst/PS7_i/MAXIGP0ACLK
                            (rising edge-triggered cell PS7 clocked by clk_fpga_0  {rise@0.000ns fall@10.000ns period=20.000ns})
  Destination:            design_1_i/psAxiInterconnect/xbar/inst/gen_samd.crossbar_samd/gen_slave_slots[0].gen_si_write.si_transactor_aw/gen_multi_thread.gen_thread_loop[7].active_cnt_reg[56]/CE
                            (rising edge-triggered cell FDRE clocked by clk_fpga_0  {rise@0.000ns fall@10.000ns period=20.000ns})
  Path Group:             clk_fpga_0
  Path Type:              Setup (Max at Slow Process Corner)
  Requirement:            20.000ns  (clk_fpga_0 rise@20.000ns - clk_fpga_0 rise@0.000ns)
  Data Path Delay:        11.523ns  (logic 3.064ns (26.591%)  route 8.459ns (73.409%))
  Logic Levels:           6  (CARRY4=1 LUT5=3 LUT6=2)
  Clock Path Skew:        -0.098ns (DCD - SCD + CPR)
    Destination Clock Delay (DCD):    2.704ns = ( 22.704 - 20.000 ) 
    Source Clock Delay      (SCD):    3.031ns
    Clock Pessimism Removal (CPR):    0.229ns
  Clock Uncertainty:      0.302ns  ((TSJ^2 + TIJ^2)^1/2 + DJ) / 2 + PE
    Total System Jitter     (TSJ):    0.071ns
    Total Input Jitter      (TIJ):    0.600ns
    Discrete Jitter          (DJ):    0.000ns
    Phase Error              (PE):    0.000ns

    Location             Delay type                Incr(ns)  Path(ns)    Netlist Resource(s)
  -------------------------------------------------------------------    -------------------
                         (clock clk_fpga_0 rise edge)
                                                      0.000     0.000 r  
    PS7_X0Y0             PS7                          0.000     0.000 r  design_1_i/processing_system7_0/inst/PS7_i/FCLKCLK[0]
                         net (fo=1, routed)           1.193     1.193    design_1_i/processing_system7_0/inst/FCLK_CLK_unbuffered[0]
    BUFGCTRL_X0Y16       BUFG (Prop_bufg_I_O)         0.101     1.294 r  design_1_i/processing_system7_0/inst/buffer_fclk_clk_0.FCLK_CLK_0_BUFG/O
                         net (fo=3769, routed)        1.737     3.031    design_1_i/processing_system7_0/inst/M_AXI_GP0_ACLK
    PS7_X0Y0             PS7                                          r  design_1_i/processing_system7_0/inst/PS7_i/MAXIGP0ACLK
  -------------------------------------------------------------------    -------------------
    PS7_X0Y0             PS7 (Prop_ps7_MAXIGP0ACLK_MAXIGP0AWID[1])
                                                      1.453     4.484 r  design_1_i/processing_system7_0/inst/PS7_i/MAXIGP0AWID[1]
                         net (fo=17, routed)          2.656     7.140    design_1_i/psAxiInterconnect/xbar/inst/gen_samd.crossbar_samd/gen_slave_slots[0].gen_si_write.si_transactor_aw/s_axi_awid[1]
    SLICE_X31Y100        LUT6 (Prop_lut6_I3_O)        0.124     7.264 r  design_1_i/psAxiInterconnect/xbar/inst/gen_samd.crossbar_samd/gen_slave_slots[0].gen_si_write.si_transactor_aw/gen_multi_thread.aid_match_00_carry_i_4__0/O
                         net (fo=1, routed)           0.000     7.264    design_1_i/psAxiInterconnect/xbar/inst/gen_samd.crossbar_samd/gen_slave_slots[0].gen_si_write.si_transactor_aw/gen_multi_thread.aid_match_00_carry_i_4__0_n_0
    SLICE_X31Y100        CARRY4 (Prop_carry4_S[0]_CO[3])
                                                      0.532     7.796 f  design_1_i/psAxiInterconnect/xbar/inst/gen_samd.crossbar_samd/gen_slave_slots[0].gen_si_write.si_transactor_aw/gen_multi_thread.aid_match_00_carry/CO[3]
                         net (fo=5, routed)           1.290     9.086    design_1_i/psAxiInterconnect/xbar/inst/gen_samd.crossbar_samd/gen_slave_slots[0].gen_si_write.si_transactor_aw/gen_multi_thread.aid_match_00
    SLICE_X27Y100        LUT5 (Prop_lut5_I4_O)        0.154     9.240 f  design_1_i/psAxiInterconnect/xbar/inst/gen_samd.crossbar_samd/gen_slave_slots[0].gen_si_write.si_transactor_aw/gen_no_arbiter.m_target_hot_i[3]_i_25/O
                         net (fo=5, routed)           1.169    10.409    design_1_i/psAxiInterconnect/xbar/inst/gen_samd.crossbar_samd/gen_slave_slots[0].gen_si_write.si_transactor_aw/gen_multi_thread.aid_match_0__0
    SLICE_X29Y96         LUT5 (Prop_lut5_I1_O)        0.327    10.736 r  design_1_i/psAxiInterconnect/xbar/inst/gen_samd.crossbar_samd/gen_slave_slots[0].gen_si_write.si_transactor_aw/gen_multi_thread.gen_thread_loop[7].active_target[57]_i_13__0/O
                         net (fo=8, routed)           1.309    12.045    design_1_i/psAxiInterconnect/xbar/inst/gen_samd.crossbar_samd/gen_slave_slots[0].gen_si_write.si_transactor_aw/gen_multi_thread.gen_thread_loop[7].active_target[57]_i_13__0_n_0
    SLICE_X30Y94         LUT5 (Prop_lut5_I0_O)        0.146    12.191 r  design_1_i/psAxiInterconnect/xbar/inst/gen_samd.crossbar_samd/gen_slave_slots[0].gen_si_write.si_transactor_aw/gen_multi_thread.gen_thread_loop[7].active_target[57]_i_3__0/O
                         net (fo=33, routed)          1.465    13.656    design_1_i/psAxiInterconnect/xbar/inst/gen_samd.crossbar_samd/gen_slave_slots[0].gen_si_write.si_transactor_aw/gen_multi_thread.arbiter_resp_inst/gen_multi_thread.gen_thread_loop[0].active_cnt_reg[2]
    SLICE_X32Y96         LUT6 (Prop_lut6_I4_O)        0.328    13.984 r  design_1_i/psAxiInterconnect/xbar/inst/gen_samd.crossbar_samd/gen_slave_slots[0].gen_si_write.si_transactor_aw/gen_multi_thread.arbiter_resp_inst/gen_multi_thread.gen_thread_loop[7].active_cnt[59]_i_1__0/O
                         net (fo=4, routed)           0.569    14.554    design_1_i/psAxiInterconnect/xbar/inst/gen_samd.crossbar_samd/gen_slave_slots[0].gen_si_write.si_transactor_aw/gen_multi_thread.arbiter_resp_inst_n_62
    SLICE_X31Y95         FDRE                                         r  design_1_i/psAxiInterconnect/xbar/inst/gen_samd.crossbar_samd/gen_slave_slots[0].gen_si_write.si_transactor_aw/gen_multi_thread.gen_thread_loop[7].active_cnt_reg[56]/CE
  -------------------------------------------------------------------    -------------------

                         (clock clk_fpga_0 rise edge)
                                                     20.000    20.000 r  
    PS7_X0Y0             PS7                          0.000    20.000 r  design_1_i/processing_system7_0/inst/PS7_i/FCLKCLK[0]
                         net (fo=1, routed)           1.088    21.088    design_1_i/processing_system7_0/inst/FCLK_CLK_unbuffered[0]
    BUFGCTRL_X0Y16       BUFG (Prop_bufg_I_O)         0.091    21.179 r  design_1_i/processing_system7_0/inst/buffer_fclk_clk_0.FCLK_CLK_0_BUFG/O
                         net (fo=3769, routed)        1.525    22.704    design_1_i/psAxiInterconnect/xbar/inst/gen_samd.crossbar_samd/gen_slave_slots[0].gen_si_write.si_transactor_aw/aclk
    SLICE_X31Y95         FDRE                                         r  design_1_i/psAxiInterconnect/xbar/inst/gen_samd.crossbar_samd/gen_slave_slots[0].gen_si_write.si_transactor_aw/gen_multi_thread.gen_thread_loop[7].active_cnt_reg[56]/C
                         clock pessimism              0.229    22.933    
                         clock uncertainty           -0.302    22.631    
    SLICE_X31Y95         FDRE (Setup_fdre_C_CE)      -0.205    22.426    design_1_i/psAxiInterconnect/xbar/inst/gen_samd.crossbar_samd/gen_slave_slots[0].gen_si_write.si_transactor_aw/gen_multi_thread.gen_thread_loop[7].active_cnt_reg[56]
  -------------------------------------------------------------------
                         required time                         22.426    
                         arrival time                         -14.554    
  -------------------------------------------------------------------
                         slack                                  7.872    





Min Delay Paths
--------------------------------------------------------------------------------------
Slack (MET) :             0.015ns  (arrival time - required time)
  Source:                 design_1_i/pico_processor_0/psBramController/U0/gext_inst.abcv4_0_ext_inst/GEN_AXI4.I_FULL_AXI/I_WR_CHNL/GEN_WRDATA[29].bram_wrdata_int_reg[29]/C
                            (rising edge-triggered cell FDRE clocked by clk_fpga_0  {rise@0.000ns fall@10.000ns period=20.000ns})
  Destination:            design_1_i/pico_processor_0/riscvBram/U0/inst_blk_mem_gen/gnbram.gnative_mem_map_bmg.native_mem_map_blk_mem_gen/valid.cstr/ramloop[1].ram.r/prim_noinit.ram/DEVICE_7SERIES.WITH_BMM_INFO.TRUE_DP.SIMPLE_PRIM36.TDP_SP36_NO_ECC_ATTR.ram/DIBDI[13]
                            (rising edge-triggered cell RAMB36E1 clocked by clk_fpga_0  {rise@0.000ns fall@10.000ns period=20.000ns})
  Path Group:             clk_fpga_0
  Path Type:              Hold (Min at Fast Process Corner)
  Requirement:            0.000ns  (clk_fpga_0 rise@0.000ns - clk_fpga_0 rise@0.000ns)
  Data Path Delay:        0.318ns  (logic 0.148ns (46.566%)  route 0.170ns (53.434%))
  Logic Levels:           0  
  Clock Path Skew:        0.059ns (DCD - SCD - CPR)
    Destination Clock Delay (DCD):    1.320ns
    Source Clock Delay      (SCD):    0.976ns
    Clock Pessimism Removal (CPR):    0.285ns

    Location             Delay type                Incr(ns)  Path(ns)    Netlist Resource(s)
  -------------------------------------------------------------------    -------------------
                         (clock clk_fpga_0 rise edge)
                                                      0.000     0.000 r  
    PS7_X0Y0             PS7                          0.000     0.000 r  design_1_i/processing_system7_0/inst/PS7_i/FCLKCLK[0]
                         net (fo=1, routed)           0.310     0.310    design_1_i/processing_system7_0/inst/FCLK_CLK_unbuffered[0]
    BUFGCTRL_X0Y16       BUFG (Prop_bufg_I_O)         0.026     0.336 r  design_1_i/processing_system7_0/inst/buffer_fclk_clk_0.FCLK_CLK_0_BUFG/O
                         net (fo=3769, routed)        0.640     0.976    design_1_i/pico_processor_0/psBramController/U0/gext_inst.abcv4_0_ext_inst/GEN_AXI4.I_FULL_AXI/I_WR_CHNL/s_axi_aclk
    SLICE_X32Y103        FDRE                                         r  design_1_i/pico_processor_0/psBramController/U0/gext_inst.abcv4_0_ext_inst/GEN_AXI4.I_FULL_AXI/I_WR_CHNL/GEN_WRDATA[29].bram_wrdata_int_reg[29]/C
  -------------------------------------------------------------------    -------------------
    SLICE_X32Y103        FDRE (Prop_fdre_C_Q)         0.148     1.124 r  design_1_i/pico_processor_0/psBramController/U0/gext_inst.abcv4_0_ext_inst/GEN_AXI4.I_FULL_AXI/I_WR_CHNL/GEN_WRDATA[29].bram_wrdata_int_reg[29]/Q
                         net (fo=1, routed)           0.170     1.294    design_1_i/pico_processor_0/riscvBram/U0/inst_blk_mem_gen/gnbram.gnative_mem_map_bmg.native_mem_map_blk_mem_gen/valid.cstr/ramloop[1].ram.r/prim_noinit.ram/dinb[13]
    RAMB36_X2Y20         RAMB36E1                                     r  design_1_i/pico_processor_0/riscvBram/U0/inst_blk_mem_gen/gnbram.gnative_mem_map_bmg.native_mem_map_blk_mem_gen/valid.cstr/ramloop[1].ram.r/prim_noinit.ram/DEVICE_7SERIES.WITH_BMM_INFO.TRUE_DP.SIMPLE_PRIM36.TDP_SP36_NO_ECC_ATTR.ram/DIBDI[13]
  -------------------------------------------------------------------    -------------------

                         (clock clk_fpga_0 rise edge)
                                                      0.000     0.000 r  
    PS7_X0Y0             PS7                          0.000     0.000 r  design_1_i/processing_system7_0/inst/PS7_i/FCLKCLK[0]
                         net (fo=1, routed)           0.337     0.337    design_1_i/processing_system7_0/inst/FCLK_CLK_unbuffered[0]
    BUFGCTRL_X0Y16       BUFG (Prop_bufg_I_O)         0.029     0.366 r  design_1_i/processing_system7_0/inst/buffer_fclk_clk_0.FCLK_CLK_0_BUFG/O
                         net (fo=3769, routed)        0.954     1.320    design_1_i/pico_processor_0/riscvBram/U0/inst_blk_mem_gen/gnbram.gnative_mem_map_bmg.native_mem_map_blk_mem_gen/valid.cstr/ramloop[1].ram.r/prim_noinit.ram/clkb
    RAMB36_X2Y20         RAMB36E1                                     r  design_1_i/pico_processor_0/riscvBram/U0/inst_blk_mem_gen/gnbram.gnative_mem_map_bmg.native_mem_map_blk_mem_gen/valid.cstr/ramloop[1].ram.r/prim_noinit.ram/DEVICE_7SERIES.WITH_BMM_INFO.TRUE_DP.SIMPLE_PRIM36.TDP_SP36_NO_ECC_ATTR.ram/CLKBWRCLK
                         clock pessimism             -0.285     1.035    
    RAMB36_X2Y20         RAMB36E1 (Hold_ramb36e1_CLKBWRCLK_DIBDI[13])
                                                      0.243     1.278    design_1_i/pico_processor_0/riscvBram/U0/inst_blk_mem_gen/gnbram.gnative_mem_map_bmg.native_mem_map_blk_mem_gen/valid.cstr/ramloop[1].ram.r/prim_noinit.ram/DEVICE_7SERIES.WITH_BMM_INFO.TRUE_DP.SIMPLE_PRIM36.TDP_SP36_NO_ECC_ATTR.ram
  -------------------------------------------------------------------
                         required time                         -1.278    
                         arrival time                           1.294    
  -------------------------------------------------------------------
                         slack                                  0.015    





Pulse Width Checks
--------------------------------------------------------------------------------------
Clock Name:         clk_fpga_0
Waveform(ns):       { 0.000 10.000 }
Period(ns):         20.000
Sources:            { design_1_i/processing_system7_0/inst/PS7_i/FCLKCLK[0] }

Check Type        Corner  Lib Pin          Reference Pin  Required(ns)  Actual(ns)  Slack(ns)  Location         Pin
Min Period        n/a     MMCME2_ADV/DCLK  n/a            4.999         20.000      15.001     MMCME2_ADV_X1Y0  design_1_i/subprocessorClk/inst/CLK_CORE_DRP_I/clk_inst/mmcm_adv_inst/DCLK
Low Pulse Width   Slow    MMCME2_ADV/DCLK  n/a            2.499         10.000      7.500      MMCME2_ADV_X1Y0  design_1_i/subprocessorClk/inst/CLK_CORE_DRP_I/clk_inst/mmcm_adv_inst/DCLK
High Pulse Width  Slow    MMCME2_ADV/DCLK  n/a            2.499         10.000      7.500      MMCME2_ADV_X1Y0  design_1_i/subprocessorClk/inst/CLK_CORE_DRP_I/clk_inst/mmcm_adv_inst/DCLK



---------------------------------------------------------------------------------------------------
From Clock:  design_1_i/subprocessorClk/inst/clk_in1
  To Clock:  design_1_i/subprocessorClk/inst/clk_in1

Setup :           NA  Failing Endpoints,  Worst Slack           NA  ,  Total Violation           NA
Hold  :           NA  Failing Endpoints,  Worst Slack           NA  ,  Total Violation           NA
PW    :            0  Failing Endpoints,  Worst Slack        7.000ns,  Total Violation        0.000ns
---------------------------------------------------------------------------------------------------


Pulse Width Checks
--------------------------------------------------------------------------------------
Clock Name:         design_1_i/subprocessorClk/inst/clk_in1
Waveform(ns):       { 0.000 10.000 }
Period(ns):         20.000
Sources:            { design_1_i/subprocessorClk/inst/clk_in1 }

Check Type        Corner  Lib Pin            Reference Pin  Required(ns)  Actual(ns)  Slack(ns)  Location         Pin
Min Period        n/a     MMCME2_ADV/CLKIN1  n/a            1.249         20.000      18.751     MMCME2_ADV_X1Y0  design_1_i/subprocessorClk/inst/CLK_CORE_DRP_I/clk_inst/mmcm_adv_inst/CLKIN1
Max Period        n/a     MMCME2_ADV/CLKIN1  n/a            100.000       20.000      80.000     MMCME2_ADV_X1Y0  design_1_i/subprocessorClk/inst/CLK_CORE_DRP_I/clk_inst/mmcm_adv_inst/CLKIN1
Low Pulse Width   Slow    MMCME2_ADV/CLKIN1  n/a            3.000         10.000      7.000      MMCME2_ADV_X1Y0  design_1_i/subprocessorClk/inst/CLK_CORE_DRP_I/clk_inst/mmcm_adv_inst/CLKIN1
High Pulse Width  Slow    MMCME2_ADV/CLKIN1  n/a            3.000         10.000      7.000      MMCME2_ADV_X1Y0  design_1_i/subprocessorClk/inst/CLK_CORE_DRP_I/clk_inst/mmcm_adv_inst/CLKIN1



---------------------------------------------------------------------------------------------------
From Clock:  clk_out1_design_1_subprocessorClk_0
  To Clock:  clk_out1_design_1_subprocessorClk_0

Setup :            0  Failing Endpoints,  Worst Slack        2.348ns,  Total Violation        0.000ns
Hold  :            0  Failing Endpoints,  Worst Slack        0.035ns,  Total Violation        0.000ns
PW    :            0  Failing Endpoints,  Worst Slack        8.750ns,  Total Violation        0.000ns
---------------------------------------------------------------------------------------------------


Max Delay Paths
--------------------------------------------------------------------------------------
Slack (MET) :             2.348ns  (required time - arrival time)
  Source:                 design_1_i/matmul_0/inst/ld/q_rp_reg[0][1]/C
                            (rising edge-triggered cell FDRE clocked by clk_out1_design_1_subprocessorClk_0  {rise@0.000ns fall@10.000ns period=20.000ns})
  Destination:            design_1_i/matmul_0/inst/spad_a/bank[1].ram/ram_block_reg_1_0/ADDRBWRADDR[4]
                            (rising edge-triggered cell RAMB36E1 clocked by clk_out1_design_1_subprocessorClk_0  {rise@0.000ns fall@10.000ns period=20.000ns})
  Path Group:             clk_out1_design_1_subprocessorClk_0
  Path Type:              Setup (Max at Slow Process Corner)
  Requirement:            20.000ns  (clk_out1_design_1_subprocessorClk_0 rise@20.000ns - clk_out1_design_1_subprocessorClk_0 rise@0.000ns)
  Data Path Delay:        16.809ns  (logic 6.253ns (37.201%)  route 10.556ns (62.799%))
  Logic Levels:           8  (CARRY4=2 DSP48E1=1 LUT3=1 LUT4=2 LUT5=1 LUT6=1)
  Clock Path Skew:        -0.175ns (DCD - SCD + CPR)
    Destination Clock Delay (DCD):    5.119ns = ( 25.119 - 20.000 ) 
    Source Clock Delay      (SCD):    5.667ns
    Clock Pessimism Removal (CPR):    0.373ns
  Clock Uncertainty:      0.102ns  ((TSJ^2 + DJ^2)^1/2) / 2 + PE
    Total System Jitter     (TSJ):    0.071ns
    Discrete Jitter          (DJ):    0.192ns
    Phase Error              (PE):    0.000ns

    Location             Delay type                Incr(ns)  Path(ns)    Netlist Resource(s)
  -------------------------------------------------------------------    -------------------
                         (clock clk_out1_design_1_subprocessorClk_0 rise edge)
                                                      0.000     0.000 r  
    BUFGCTRL_X0Y16       BUFG                         0.000     0.000 r  design_1_i/processing_system7_0/inst/buffer_fclk_clk_0.FCLK_CLK_0_BUFG/O
                         net (fo=3769, routed)        1.806     1.806    design_1_i/subprocessorClk/inst/CLK_CORE_DRP_I/clk_inst/clk_in1
    MMCME2_ADV_X1Y0      MMCME2_ADV (Prop_mmcme2_adv_CLKIN1_CLKOUT0)
                                                      0.088     1.894 r  design_1_i/subprocessorClk/inst/CLK_CORE_DRP_I/clk_inst/mmcm_adv_inst/CLKOUT0
                         net (fo=1, routed)           1.889     3.783    design_1_i/subprocessorClk/inst/CLK_CORE_DRP_I/clk_inst/clk_out1_design_1_subprocessorClk_0
    BUFGCTRL_X0Y0        BUFG (Prop_bufg_I_O)         0.101     3.884 r  design_1_i/subprocessorClk/inst/CLK_CORE_DRP_I/clk_inst/clkout1_buf/O
                         net (fo=18191, routed)       1.783     5.667    design_1_i/matmul_0/inst/ld/aclk
    SLICE_X95Y62         FDRE                                         r  design_1_i/matmul_0/inst/ld/q_rp_reg[0][1]/C
  -------------------------------------------------------------------    -------------------
    SLICE_X95Y62         FDRE (Prop_fdre_C_Q)         0.419     6.086 r  design_1_i/matmul_0/inst/ld/q_rp_reg[0][1]/Q
                         net (fo=50, routed)          1.486     7.572    design_1_i/matmul_0/inst/ld/q_rp_reg[0]_95[1]
    SLICE_X95Y63         LUT5 (Prop_lut5_I1_O)        0.327     7.899 r  design_1_i/matmul_0/inst/ld/ram_block_reg_0_i_180/O
                         net (fo=1, routed)           0.581     8.480    design_1_i/matmul_0/inst/ld/ram_block_reg_0_i_180_n_0
    SLICE_X94Y61         LUT4 (Prop_lut4_I2_O)        0.326     8.806 r  design_1_i/matmul_0/inst/ld/ram_block_reg_0_i_115/O
                         net (fo=1, routed)           0.000     8.806    design_1_i/matmul_0/inst/ld/ram_block_reg_0_i_115_n_0
    SLICE_X94Y61         CARRY4 (Prop_carry4_S[1]_CO[3])
                                                      0.533     9.339 r  design_1_i/matmul_0/inst/ld/ram_block_reg_0_i_75/CO[3]
                         net (fo=1, routed)           0.000     9.339    design_1_i/matmul_0/inst/ld/ram_block_reg_0_i_75_n_0
    SLICE_X94Y62         CARRY4 (Prop_carry4_CI_O[0])
                                                      0.219     9.558 r  design_1_i/matmul_0/inst/ld/lw_word__0_i_23/O[0]
                         net (fo=2, routed)           0.887    10.445    design_1_i/matmul_0/inst/ld/lw_word__0_i_23_n_7
    SLICE_X94Y60         LUT3 (Prop_lut3_I0_O)        0.321    10.766 r  design_1_i/matmul_0/inst/ld/lw_word__0_i_4/O
                         net (fo=1, routed)           0.560    11.325    design_1_i/matmul_0/inst/ld/B[2]
    DSP48_X3Y24          DSP48E1 (Prop_dsp48e1_B[2]_P[13])
                                                      3.860    15.185 r  design_1_i/matmul_0/inst/ld/lw_word__0/P[13]
                         net (fo=4, routed)           1.287    16.472    design_1_i/matmul_0/inst/ld/lw_word__0_n_92
    SLICE_X83Y52         LUT6 (Prop_lut6_I5_O)        0.124    16.596 r  design_1_i/matmul_0/inst/ld/ram_block_reg_0_0_i_40__2/O
                         net (fo=94, routed)          1.596    18.192    design_1_i/matmul_0/inst/ld/spad_a/bank[1].pa_en1
    SLICE_X81Y83         LUT4 (Prop_lut4_I1_O)        0.124    18.316 r  design_1_i/matmul_0/inst/ld/ram_block_reg_0_0_i_26__2/O
                         net (fo=16, routed)          4.160    22.476    design_1_i/matmul_0/inst/spad_a/bank[1].ram/ram_block_reg_0_0_1[2]
    RAMB36_X0Y4          RAMB36E1                                     r  design_1_i/matmul_0/inst/spad_a/bank[1].ram/ram_block_reg_1_0/ADDRBWRADDR[4]
  -------------------------------------------------------------------    -------------------

                         (clock clk_out1_design_1_subprocessorClk_0 rise edge)
                                                     20.000    20.000 r  
    BUFGCTRL_X0Y16       BUFG                         0.000    20.000 r  design_1_i/processing_system7_0/inst/buffer_fclk_clk_0.FCLK_CLK_0_BUFG/O
                         net (fo=3769, routed)        1.612    21.612    design_1_i/subprocessorClk/inst/CLK_CORE_DRP_I/clk_inst/clk_in1
    MMCME2_ADV_X1Y0      MMCME2_ADV (Prop_mmcme2_adv_CLKIN1_CLKOUT0)
                                                      0.083    21.695 r  design_1_i/subprocessorClk/inst/CLK_CORE_DRP_I/clk_inst/mmcm_adv_inst/CLKOUT0
                         net (fo=1, routed)           1.725    23.420    design_1_i/subprocessorClk/inst/CLK_CORE_DRP_I/clk_inst/clk_out1_design_1_subprocessorClk_0
    BUFGCTRL_X0Y0        BUFG (Prop_bufg_I_O)         0.091    23.511 r  design_1_i/subprocessorClk/inst/CLK_CORE_DRP_I/clk_inst/clkout1_buf/O
                         net (fo=18191, routed)       1.608    25.119    design_1_i/matmul_0/inst/spad_a/bank[1].ram/aclk
    RAMB36_X0Y4          RAMB36E1                                     r  design_1_i/matmul_0/inst/spad_a/bank[1].ram/ram_block_reg_1_0/CLKBWRCLK
                         clock pessimism              0.373    25.492    
                         clock uncertainty           -0.102    25.390    
    RAMB36_X0Y4          RAMB36E1 (Setup_ramb36e1_CLKBWRCLK_ADDRBWRADDR[4])
                                                     -0.566    24.824    design_1_i/matmul_0/inst/spad_a/bank[1].ram/ram_block_reg_1_0
  -------------------------------------------------------------------
                         required time                         24.824    
                         arrival time                         -22.476    
  -------------------------------------------------------------------
                         slack                                  2.348    





Min Delay Paths
--------------------------------------------------------------------------------------
Slack (MET) :             0.035ns  (arrival time - required time)
  Source:                 design_1_i/matmul_0/inst/fetch/fetch_addr_reg[26]/C
                            (rising edge-triggered cell FDRE clocked by clk_out1_design_1_subprocessorClk_0  {rise@0.000ns fall@10.000ns period=20.000ns})
  Destination:            design_1_i/matmul_0/inst/fetch/ar_addr_reg[26]/D
                            (rising edge-triggered cell FDRE clocked by clk_out1_design_1_subprocessorClk_0  {rise@0.000ns fall@10.000ns period=20.000ns})
  Path Group:             clk_out1_design_1_subprocessorClk_0
  Path Type:              Hold (Min at Fast Process Corner)
  Requirement:            0.000ns  (clk_out1_design_1_subprocessorClk_0 rise@0.000ns - clk_out1_design_1_subprocessorClk_0 rise@0.000ns)
  Data Path Delay:        0.425ns  (logic 0.186ns (43.783%)  route 0.239ns (56.217%))
  Logic Levels:           1  (LUT5=1)
  Clock Path Skew:        0.269ns (DCD - SCD - CPR)
    Destination Clock Delay (DCD):    2.373ns
    Source Clock Delay      (SCD):    1.783ns
    Clock Pessimism Removal (CPR):    0.320ns

    Location             Delay type                Incr(ns)  Path(ns)    Netlist Resource(s)
  -------------------------------------------------------------------    -------------------
                         (clock clk_out1_design_1_subprocessorClk_0 rise edge)
                                                      0.000     0.000 r  
    BUFGCTRL_X0Y16       BUFG                         0.000     0.000 r  design_1_i/processing_system7_0/inst/buffer_fclk_clk_0.FCLK_CLK_0_BUFG/O
                         net (fo=3769, routed)        0.597     0.597    design_1_i/subprocessorClk/inst/CLK_CORE_DRP_I/clk_inst/clk_in1
    MMCME2_ADV_X1Y0      MMCME2_ADV (Prop_mmcme2_adv_CLKIN1_CLKOUT0)
                                                      0.050     0.647 r  design_1_i/subprocessorClk/inst/CLK_CORE_DRP_I/clk_inst/mmcm_adv_inst/CLKOUT0
                         net (fo=1, routed)           0.529     1.176    design_1_i/subprocessorClk/inst/CLK_CORE_DRP_I/clk_inst/clk_out1_design_1_subprocessorClk_0
    BUFGCTRL_X0Y0        BUFG (Prop_bufg_I_O)         0.026     1.202 r  design_1_i/subprocessorClk/inst/CLK_CORE_DRP_I/clk_inst/clkout1_buf/O
                         net (fo=18191, routed)       0.582     1.783    design_1_i/matmul_0/inst/fetch/aclk
    SLICE_X64Y52         FDRE                                         r  design_1_i/matmul_0/inst/fetch/fetch_addr_reg[26]/C
  -------------------------------------------------------------------    -------------------
    SLICE_X64Y52         FDRE (Prop_fdre_C_Q)         0.141     1.924 r  design_1_i/matmul_0/inst/fetch/fetch_addr_reg[26]/Q
                         net (fo=2, routed)           0.239     2.163    design_1_i/matmul_0/inst/fetch/fetch_addr_reg_n_0_[26]
    SLICE_X66Y45         LUT5 (Prop_lut5_I4_O)        0.045     2.208 r  design_1_i/matmul_0/inst/fetch/ar_addr[26]_i_1/O
                         net (fo=1, routed)           0.000     2.208    design_1_i/matmul_0/inst/fetch/ar_addr[26]_i_1_n_0
    SLICE_X66Y45         FDRE                                         r  design_1_i/matmul_0/inst/fetch/ar_addr_reg[26]/D
  -------------------------------------------------------------------    -------------------

                         (clock clk_out1_design_1_subprocessorClk_0 rise edge)
                                                      0.000     0.000 r  
    BUFGCTRL_X0Y16       BUFG                         0.000     0.000 r  design_1_i/processing_system7_0/inst/buffer_fclk_clk_0.FCLK_CLK_0_BUFG/O
                         net (fo=3769, routed)        0.864     0.864    design_1_i/subprocessorClk/inst/CLK_CORE_DRP_I/clk_inst/clk_in1
    MMCME2_ADV_X1Y0      MMCME2_ADV (Prop_mmcme2_adv_CLKIN1_CLKOUT0)
                                                      0.053     0.917 r  design_1_i/subprocessorClk/inst/CLK_CORE_DRP_I/clk_inst/mmcm_adv_inst/CLKOUT0
                         net (fo=1, routed)           0.576     1.493    design_1_i/subprocessorClk/inst/CLK_CORE_DRP_I/clk_inst/clk_out1_design_1_subprocessorClk_0
    BUFGCTRL_X0Y0        BUFG (Prop_bufg_I_O)         0.029     1.522 r  design_1_i/subprocessorClk/inst/CLK_CORE_DRP_I/clk_inst/clkout1_buf/O
                         net (fo=18191, routed)       0.851     2.373    design_1_i/matmul_0/inst/fetch/aclk
    SLICE_X66Y45         FDRE                                         r  design_1_i/matmul_0/inst/fetch/ar_addr_reg[26]/C
                         clock pessimism             -0.320     2.053    
    SLICE_X66Y45         FDRE (Hold_fdre_C_D)         0.121     2.174    design_1_i/matmul_0/inst/fetch/ar_addr_reg[26]
  -------------------------------------------------------------------
                         required time                         -2.174    
                         arrival time                           2.208    
  -------------------------------------------------------------------
                         slack                                  0.035    





Pulse Width Checks
--------------------------------------------------------------------------------------
Clock Name:         clk_out1_design_1_subprocessorClk_0
Waveform(ns):       { 0.000 10.000 }
Period(ns):         20.000
Sources:            { design_1_i/subprocessorClk/inst/CLK_CORE_DRP_I/clk_inst/mmcm_adv_inst/CLKOUT0 }

Check Type        Corner  Lib Pin             Reference Pin  Required(ns)  Actual(ns)  Slack(ns)  Location         Pin
Min Period        n/a     DSP48E1/CLK         n/a            3.884         20.000      16.116     DSP48_X1Y2       design_1_i/matmul_0/inst/ex/array/row[0].col[1].dsp.pe/acc_reg/CLK
Max Period        n/a     MMCME2_ADV/CLKOUT0  n/a            213.360       20.000      193.360    MMCME2_ADV_X1Y0  design_1_i/subprocessorClk/inst/CLK_CORE_DRP_I/clk_inst/mmcm_adv_inst/CLKOUT0
Low Pulse Width   Slow    RAMD32/CLK          n/a            1.250         10.000      8.750      SLICE_X36Y70     design_1_i/matmulHpConverter/inst/gen_axi4_axi3.axi3_conv_inst/USE_READ.USE_SPLIT_R.read_addr_inst/USE_R_CHANNEL.cmd_queue/inst/fifo_gen_inst/inst_fifo_gen/gconvfifo.rf/grf.rf/gntv_or_sync_fifo.mem/gdm.dm_gen.dm/RAM_reg_0_31_0_0/DP/CLK
High Pulse Width  Slow    RAMD32/CLK          n/a            1.250         10.000      8.750      SLICE_X36Y70     design_1_i/matmulHpConverter/inst/gen_axi4_axi3.axi3_conv_inst/USE_READ.USE_SPLIT_R.read_addr_inst/USE_R_CHANNEL.cmd_queue/inst/fifo_gen_inst/inst_fifo_gen/gconvfifo.rf/grf.rf/gntv_or_sync_fifo.mem/gdm.dm_gen.dm/RAM_reg_0_31_0_0/DP/CLK



---------------------------------------------------------------------------------------------------
From Clock:  clkfbout_design_1_subprocessorClk_0
  To Clock:  clkfbout_design_1_subprocessorClk_0

Setup :           NA  Failing Endpoints,  Worst Slack           NA  ,  Total Violation           NA
Hold  :           NA  Failing Endpoints,  Worst Slack           NA  ,  Total Violation           NA
PW    :            0  Failing Endpoints,  Worst Slack       18.751ns,  Total Violation        0.000ns
---------------------------------------------------------------------------------------------------


Pulse Width Checks
--------------------------------------------------------------------------------------
Clock Name:         clkfbout_design_1_subprocessorClk_0
Waveform(ns):       { 0.000 10.000 }
Period(ns):         20.000
Sources:            { design_1_i/subprocessorClk/inst/CLK_CORE_DRP_I/clk_inst/mmcm_adv_inst/CLKFBOUT }

Check Type  Corner  Lib Pin              Reference Pin  Required(ns)  Actual(ns)  Slack(ns)  Location         Pin
Min Period  n/a     MMCME2_ADV/CLKFBOUT  n/a            1.249         20.000      18.751     MMCME2_ADV_X1Y0  design_1_i/subprocessorClk/inst/CLK_CORE_DRP_I/clk_inst/mmcm_adv_inst/CLKFBOUT
Max Period  n/a     MMCME2_ADV/CLKFBIN   n/a            100.000       20.000      80.000     MMCME2_ADV_X1Y0  design_1_i/subprocessorClk/inst/CLK_CORE_DRP_I/clk_inst/mmcm_adv_inst/CLKFBIN



---------------------------------------------------------------------------------------------------
Path Group:  **async_default**
From Clock:  clk_out1_design_1_subprocessorClk_0
  To Clock:  clk_out1_design_1_subprocessorClk_0

Setup :            0  Failing Endpoints,  Worst Slack       16.573ns,  Total Violation        0.000ns
Hold  :            0  Failing Endpoints,  Worst Slack        0.515ns,  Total Violation        0.000ns
---------------------------------------------------------------------------------------------------


Max Delay Paths
--------------------------------------------------------------------------------------
Slack (MET) :             16.573ns  (required time - arrival time)
  Source:                 design_1_i/matmulHpConverter/inst/gen_axi4_axi3.axi3_conv_inst/USE_READ.USE_SPLIT_R.read_addr_inst/USE_R_CHANNEL.cmd_queue/inst/fifo_gen_inst/inst_fifo_gen/gconvfifo.rf/grf.rf/rstblk/ngwrdrst.grst.g7serrst.gnsckt_wrst.rst_wr_reg2_inst/arststages_ff_reg[1]/C
                            (rising edge-triggered cell FDPE clocked by clk_out1_design_1_subprocessorClk_0  {rise@0.000ns fall@10.000ns period=20.000ns})
  Destination:            design_1_i/matmulHpConverter/inst/gen_axi4_axi3.axi3_conv_inst/USE_READ.USE_SPLIT_R.read_addr_inst/USE_R_CHANNEL.cmd_queue/inst/fifo_gen_inst/inst_fifo_gen/gconvfifo.rf/grf.rf/gntv_or_sync_fifo.gl0.wr/gwss.wsts/ram_full_i_reg/CLR
                            (recovery check against rising-edge clock clk_out1_design_1_subprocessorClk_0  {rise@0.000ns fall@10.000ns period=20.000ns})
  Path Group:             **async_default**
  Path Type:              Recovery (Max at Slow Process Corner)
  Requirement:            20.000ns  (clk_out1_design_1_subprocessorClk_0 rise@20.000ns - clk_out1_design_1_subprocessorClk_0 rise@0.000ns)
  Data Path Delay:        2.871ns  (logic 0.718ns (25.013%)  route 2.153ns (74.987%))
  Logic Levels:           1  (LUT3=1)
  Clock Path Skew:        -0.049ns (DCD - SCD + CPR)
    Destination Clock Delay (DCD):    4.985ns = ( 24.985 - 20.000 ) 
    Source Clock Delay      (SCD):    5.521ns
    Clock Pessimism Removal (CPR):    0.487ns
  Clock Uncertainty:      0.102ns  ((TSJ^2 + DJ^2)^1/2) / 2 + PE
    Total System Jitter     (TSJ):    0.071ns
    Discrete Jitter          (DJ):    0.192ns
    Phase Error              (PE):    0.000ns

    Location             Delay type                Incr(ns)  Path(ns)    Netlist Resource(s)
  -------------------------------------------------------------------    -------------------
                         (clock clk_out1_design_1_subprocessorClk_0 rise edge)
                                                      0.000     0.000 r  
    BUFGCTRL_X0Y16       BUFG                         0.000     0.000 r  design_1_i/processing_system7_0/inst/buffer_fclk_clk_0.FCLK_CLK_0_BUFG/O
                         net (fo=3769, routed)        1.806     1.806    design_1_i/subprocessorClk/inst/CLK_CORE_DRP_I/clk_inst/clk_in1
    MMCME2_ADV_X1Y0      MMCME2_ADV (Prop_mmcme2_adv_CLKIN1_CLKOUT0)
                                                      0.088     1.894 r  design_1_i/subprocessorClk/inst/CLK_CORE_DRP_I/clk_inst/mmcm_adv_inst/CLKOUT0
                         net (fo=1, routed)           1.889     3.783    design_1_i/subprocessorClk/inst/CLK_CORE_DRP_I/clk_inst/clk_out1_design_1_subprocessorClk_0
    BUFGCTRL_X0Y0        BUFG (Prop_bufg_I_O)         0.101     3.884 r  design_1_i/subprocessorClk/inst/CLK_CORE_DRP_I/clk_inst/clkout1_buf/O
                         net (fo=18191, routed)       1.637     5.521    design_1_i/matmulHpConverter/inst/gen_axi4_axi3.axi3_conv_inst/USE_READ.USE_SPLIT_R.read_addr_inst/USE_R_CHANNEL.cmd_queue/inst/fifo_gen_inst/inst_fifo_gen/gconvfifo.rf/grf.rf/rstblk/ngwrdrst.grst.g7serrst.gnsckt_wrst.rst_wr_reg2_inst/dest_clk
    SLICE_X33Y73         FDPE                                         r  design_1_i/matmulHpConverter/inst/gen_axi4_axi3.axi3_conv_inst/USE_READ.USE_SPLIT_R.read_addr_inst/USE_R_CHANNEL.cmd_queue/inst/fifo_gen_inst/inst_fifo_gen/gconvfifo.rf/grf.rf/rstblk/ngwrdrst.grst.g7serrst.gnsckt_wrst.rst_wr_reg2_inst/arststages_ff_reg[1]/C
  -------------------------------------------------------------------    -------------------
    SLICE_X33Y73         FDPE (Prop_fdpe_C_Q)         0.419     5.940 f  design_1_i/matmulHpConverter/inst/gen_axi4_axi3.axi3_conv_inst/USE_READ.USE_SPLIT_R.read_addr_inst/USE_R_CHANNEL.cmd_queue/inst/fifo_gen_inst/inst_fifo_gen/gconvfifo.rf/grf.rf/rstblk/ngwrdrst.grst.g7serrst.gnsckt_wrst.rst_wr_reg2_inst/arststages_ff_reg[1]/Q
                         net (fo=2, routed)           0.877     6.817    design_1_i/matmulHpConverter/inst/gen_axi4_axi3.axi3_conv_inst/USE_READ.USE_SPLIT_R.read_addr_inst/USE_R_CHANNEL.cmd_queue/inst/fifo_gen_inst/inst_fifo_gen/gconvfifo.rf/grf.rf/rstblk/ngwrdrst.rst_wr_reg2
    SLICE_X32Y73         LUT3 (Prop_lut3_I2_O)        0.299     7.116 f  design_1_i/matmulHpConverter/inst/gen_axi4_axi3.axi3_conv_inst/USE_READ.USE_SPLIT_R.read_addr_inst/USE_R_CHANNEL.cmd_queue/inst/fifo_gen_inst/inst_fifo_gen/gconvfifo.rf/grf.rf/rstblk/gpregsm1.curr_fwft_state[1]_i_2/O
                         net (fo=33, routed)          1.276     8.392    design_1_i/matmulHpConverter/inst/gen_axi4_axi3.axi3_conv_inst/USE_READ.USE_SPLIT_R.read_addr_inst/USE_R_CHANNEL.cmd_queue/inst/fifo_gen_inst/inst_fifo_gen/gconvfifo.rf/grf.rf/gntv_or_sync_fifo.gl0.wr/gwss.wsts/ram_full_i_reg_0
    SLICE_X37Y67         FDCE                                         f  design_1_i/matmulHpConverter/inst/gen_axi4_axi3.axi3_conv_inst/USE_READ.USE_SPLIT_R.read_addr_inst/USE_R_CHANNEL.cmd_queue/inst/fifo_gen_inst/inst_fifo_gen/gconvfifo.rf/grf.rf/gntv_or_sync_fifo.gl0.wr/gwss.wsts/ram_full_i_reg/CLR
  -------------------------------------------------------------------    -------------------

                         (clock clk_out1_design_1_subprocessorClk_0 rise edge)
                                                     20.000    20.000 r  
    BUFGCTRL_X0Y16       BUFG                         0.000    20.000 r  design_1_i/processing_system7_0/inst/buffer_fclk_clk_0.FCLK_CLK_0_BUFG/O
                         net (fo=3769, routed)        1.612    21.612    design_1_i/subprocessorClk/inst/CLK_CORE_DRP_I/clk_inst/clk_in1
    MMCME2_ADV_X1Y0      MMCME2_ADV (Prop_mmcme2_adv_CLKIN1_CLKOUT0)
                                                      0.083    21.695 r  design_1_i/subprocessorClk/inst/CLK_CORE_DRP_I/clk_inst/mmcm_adv_inst/CLKOUT0
                         net (fo=1, routed)           1.725    23.420    design_1_i/subprocessorClk/inst/CLK_CORE_DRP_I/clk_inst/clk_out1_design_1_subprocessorClk_0
    BUFGCTRL_X0Y0        BUFG (Prop_bufg_I_O)         0.091    23.511 r  design_1_i/subprocessorClk/inst/CLK_CORE_DRP_I/clk_inst/clkout1_buf/O
                         net (fo=18191, routed)       1.474    24.985    design_1_i/matmulHpConverter/inst/gen_axi4_axi3.axi3_conv_inst/USE_READ.USE_SPLIT_R.read_addr_inst/USE_R_CHANNEL.cmd_queue/inst/fifo_gen_inst/inst_fifo_gen/gconvfifo.rf/grf.rf/gntv_or_sync_fifo.gl0.wr/gwss.wsts/clk
    SLICE_X37Y67         FDCE                                         r  design_1_i/matmulHpConverter/inst/gen_axi4_axi3.axi3_conv_inst/USE_READ.USE_SPLIT_R.read_addr_inst/USE_R_CHANNEL.cmd_queue/inst/fifo_gen_inst/inst_fifo_gen/gconvfifo.rf/grf.rf/gntv_or_sync_fifo.gl0.wr/gwss.wsts/ram_full_i_reg/C
                         clock pessimism              0.487    25.472    
                         clock uncertainty           -0.102    25.370    
    SLICE_X37Y67         FDCE (Recov_fdce_C_CLR)     -0.405    24.965    design_1_i/matmulHpConverter/inst/gen_axi4_axi3.axi3_conv_inst/USE_READ.USE_SPLIT_R.read_addr_inst/USE_R_CHANNEL.cmd_queue/inst/fifo_gen_inst/inst_fifo_gen/gconvfifo.rf/grf.rf/gntv_or_sync_fifo.gl0.wr/gwss.wsts/ram_full_i_reg
  -------------------------------------------------------------------
                         required time                         24.965    
                         arrival time                          -8.392    
  -------------------------------------------------------------------
                         slack                                 16.573    





Min Delay Paths
--------------------------------------------------------------------------------------
Slack (MET) :             0.515ns  (arrival time - required time)
  Source:                 design_1_i/matmulHpConverter/inst/gen_axi4_axi3.axi3_conv_inst/USE_WRITE.write_addr_inst/USE_BURSTS.cmd_queue/inst/fifo_gen_inst/inst_fifo_gen/gconvfifo.rf/grf.rf/rstblk/ngwrdrst.grst.g7serrst.gnsckt_wrst.gcc_rst.sckt_wr_rst_cc_reg[1]/C
                            (rising edge-triggered cell FDRE clocked by clk_out1_design_1_subprocessorClk_0  {rise@0.000ns fall@10.000ns period=20.000ns})
  Destination:            design_1_i/matmulHpConverter/inst/gen_axi4_axi3.axi3_conv_inst/USE_WRITE.write_addr_inst/USE_BURSTS.cmd_queue/inst/fifo_gen_inst/inst_fifo_gen/gconvfifo.rf/grf.rf/gntv_or_sync_fifo.gl0.rd/gr1.gr1_int.rfwft/aempty_fwft_fb_i_reg/PRE
                            (removal check against rising-edge clock clk_out1_design_1_subprocessorClk_0  {rise@0.000ns fall@10.000ns period=20.000ns})
  Path Group:             **async_default**
  Path Type:              Removal (Min at Fast Process Corner)
  Requirement:            0.000ns  (clk_out1_design_1_subprocessorClk_0 rise@0.000ns - clk_out1_design_1_subprocessorClk_0 rise@0.000ns)
  Data Path Delay:        0.432ns  (logic 0.186ns (43.077%)  route 0.246ns (56.923%))
  Logic Levels:           1  (LUT3=1)
  Clock Path Skew:        0.012ns (DCD - SCD - CPR)
    Destination Clock Delay (DCD):    2.352ns
    Source Clock Delay      (SCD):    1.767ns
    Clock Pessimism Removal (CPR):    0.573ns

    Location             Delay type                Incr(ns)  Path(ns)    Netlist Resource(s)
  -------------------------------------------------------------------    -------------------
                         (clock clk_out1_design_1_subprocessorClk_0 rise edge)
                                                      0.000     0.000 r  
    BUFGCTRL_X0Y16       BUFG                         0.000     0.000 r  design_1_i/processing_system7_0/inst/buffer_fclk_clk_0.FCLK_CLK_0_BUFG/O
                         net (fo=3769, routed)        0.597     0.597    design_1_i/subprocessorClk/inst/CLK_CORE_DRP_I/clk_inst/clk_in1
    MMCME2_ADV_X1Y0      MMCME2_ADV (Prop_mmcme2_adv_CLKIN1_CLKOUT0)
                                                      0.050     0.647 r  design_1_i/subprocessorClk/inst/CLK_CORE_DRP_I/clk_inst/mmcm_adv_inst/CLKOUT0
                         net (fo=1, routed)           0.529     1.176    design_1_i/subprocessorClk/inst/CLK_CORE_DRP_I/clk_inst/clk_out1_design_1_subprocessorClk_0
    BUFGCTRL_X0Y0        BUFG (Prop_bufg_I_O)         0.026     1.202 r  design_1_i/subprocessorClk/inst/CLK_CORE_DRP_I/clk_inst/clkout1_buf/O
                         net (fo=18191, routed)       0.566     1.767    design_1_i/matmulHpConverter/inst/gen_axi4_axi3.axi3_conv_inst/USE_WRITE.write_addr_inst/USE_BURSTS.cmd_queue/inst/fifo_gen_inst/inst_fifo_gen/gconvfifo.rf/grf.rf/rstblk/clk
    SLICE_X29Y73         FDRE                                         r  design_1_i/matmulHpConverter/inst/gen_axi4_axi3.axi3_conv_inst/USE_WRITE.write_addr_inst/USE_BURSTS.cmd_queue/inst/fifo_gen_inst/inst_fifo_gen/gconvfifo.rf/grf.rf/rstblk/ngwrdrst.grst.g7serrst.gnsckt_wrst.gcc_rst.sckt_wr_rst_cc_reg[1]/C
  -------------------------------------------------------------------    -------------------
    SLICE_X29Y73         FDRE (Prop_fdre_C_Q)         0.141     1.908 f  design_1_i/matmulHpConverter/inst/gen_axi4_axi3.axi3_conv_inst/USE_WRITE.write_addr_inst/USE_BURSTS.cmd_queue/inst/fifo_gen_inst/inst_fifo_gen/gconvfifo.rf/grf.rf/rstblk/ngwrdrst.grst.g7serrst.gnsckt_wrst.gcc_rst.sckt_wr_rst_cc_reg[1]/Q
                         net (fo=2, routed)           0.117     2.025    design_1_i/matmulHpConverter/inst/gen_axi4_axi3.axi3_conv_inst/USE_WRITE.write_addr_inst/USE_BURSTS.cmd_queue/inst/fifo_gen_inst/inst_fifo_gen/gconvfifo.rf/grf.rf/rstblk/ngwrdrst.grst.g7serrst.gnsckt_wrst.gcc_rst.sckt_wr_rst_cc[1]
    SLICE_X29Y74         LUT3 (Prop_lut3_I0_O)        0.045     2.070 f  design_1_i/matmulHpConverter/inst/gen_axi4_axi3.axi3_conv_inst/USE_WRITE.write_addr_inst/USE_BURSTS.cmd_queue/inst/fifo_gen_inst/inst_fifo_gen/gconvfifo.rf/grf.rf/rstblk/gpregsm1.curr_fwft_state[1]_i_2/O
                         net (fo=32, routed)          0.129     2.199    design_1_i/matmulHpConverter/inst/gen_axi4_axi3.axi3_conv_inst/USE_WRITE.write_addr_inst/USE_BURSTS.cmd_queue/inst/fifo_gen_inst/inst_fifo_gen/gconvfifo.rf/grf.rf/gntv_or_sync_fifo.gl0.rd/gr1.gr1_int.rfwft/gpregsm1.user_valid_reg_0
    SLICE_X29Y74         FDPE                                         f  design_1_i/matmulHpConverter/inst/gen_axi4_axi3.axi3_conv_inst/USE_WRITE.write_addr_inst/USE_BURSTS.cmd_queue/inst/fifo_gen_inst/inst_fifo_gen/gconvfifo.rf/grf.rf/gntv_or_sync_fifo.gl0.rd/gr1.gr1_int.rfwft/aempty_fwft_fb_i_reg/PRE
  -------------------------------------------------------------------    -------------------

                         (clock clk_out1_design_1_subprocessorClk_0 rise edge)
                                                      0.000     0.000 r  
    BUFGCTRL_X0Y16       BUFG                         0.000     0.000 r  design_1_i/processing_system7_0/inst/buffer_fclk_clk_0.FCLK_CLK_0_BUFG/O
                         net (fo=3769, routed)        0.864     0.864    design_1_i/subprocessorClk/inst/CLK_CORE_DRP_I/clk_inst/clk_in1
    MMCME2_ADV_X1Y0      MMCME2_ADV (Prop_mmcme2_adv_CLKIN1_CLKOUT0)
                                                      0.053     0.917 r  design_1_i/subprocessorClk/inst/CLK_CORE_DRP_I/clk_inst/mmcm_adv_inst/CLKOUT0
                         net (fo=1, routed)           0.576     1.493    design_1_i/subprocessorClk/inst/CLK_CORE_DRP_I/clk_inst/clk_out1_design_1_subprocessorClk_0
    BUFGCTRL_X0Y0        BUFG (Prop_bufg_I_O)         0.029     1.522 r  design_1_i/subprocessorClk/inst/CLK_CORE_DRP_I/clk_inst/clkout1_buf/O
                         net (fo=18191, routed)       0.830     2.352    design_1_i/matmulHpConverter/inst/gen_axi4_axi3.axi3_conv_inst/USE_WRITE.write_addr_inst/USE_BURSTS.cmd_queue/inst/fifo_gen_inst/inst_fifo_gen/gconvfifo.rf/grf.rf/gntv_or_sync_fifo.gl0.rd/gr1.gr1_int.rfwft/clk
    SLICE_X29Y74         FDPE                                         r  design_1_i/matmulHpConverter/inst/gen_axi4_axi3.axi3_conv_inst/USE_WRITE.write_addr_inst/USE_BURSTS.cmd_queue/inst/fifo_gen_inst/inst_fifo_gen/gconvfifo.rf/grf.rf/gntv_or_sync_fifo.gl0.rd/gr1.gr1_int.rfwft/aempty_fwft_fb_i_reg/C
                         clock pessimism             -0.573     1.779    
    SLICE_X29Y74         FDPE (Remov_fdpe_C_PRE)     -0.095     1.684    design_1_i/matmulHpConverter/inst/gen_axi4_axi3.axi3_conv_inst/USE_WRITE.write_addr_inst/USE_BURSTS.cmd_queue/inst/fifo_gen_inst/inst_fifo_gen/gconvfifo.rf/grf.rf/gntv_or_sync_fifo.gl0.rd/gr1.gr1_int.rfwft/aempty_fwft_fb_i_reg
  -------------------------------------------------------------------
                         required time                         -1.684    
                         arrival time                           2.199    
  -------------------------------------------------------------------
                         slack                                  0.515    





