Copyright 1986-2022 Xilinx, Inc. All Rights Reserved. Copyright 2022-2024 Advanced Micro Devices, Inc. All Rights Reserved.
---------------------------------------------------------------------------------------------------------------------------------------------------
| Tool Version : Vivado v.2024.1 (lin64) Build 5076996 Wed May 22 18:36:09 MDT 2024
| Date         : Thu Sep 24 14:49:15 2026
| Host         : jon-Zephyrus-M-GM501GS running 64-bit Ubuntu 24.04.5 LTS
| Command      : report_timing_summary -file /home/jon/Projects/torch2isa/Torch2RISCV-accelerator/RISCV-on-PYNQ-Z1/build/output/timing_summary.rpt
| Design       : design_1_wrapper
| Device       : 7z020-clg400
| Speed File   : -1  PRODUCTION 1.12 2019-11-22
| Design State : Routed
---------------------------------------------------------------------------------------------------------------------------------------------------

Timing Summary Report

------------------------------------------------------------------------------------------------
| Timer Settings
| --------------
------------------------------------------------------------------------------------------------

  Enable Multi Corner Analysis               :  Yes
  Enable Pessimism Removal                   :  Yes
  Pessimism Removal Resolution               :  Nearest Common Node
  Enable Input Delay Default Clock           :  No
  Enable Preset / Clear Arcs                 :  No
  Disable Flight Delays                      :  No
  Ignore I/O Paths                           :  No
  Timing Early Launch at Borrowing Latches   :  No
  Borrow Time for Max Delay Exceptions       :  Yes
  Merge Timing Exceptions                    :  Yes
  Inter-SLR Compensation                     :  Conservative

  Corner  Analyze    Analyze    
  Name    Max Paths  Min Paths  
  ------  ---------  ---------  
  Slow    Yes        Yes        
  Fast    Yes        Yes        


------------------------------------------------------------------------------------------------
| Report Methodology
| ------------------
------------------------------------------------------------------------------------------------

Rule       Severity          Description                                         Violations  
---------  ----------------  --------------------------------------------------  ----------  
TIMING-4   Critical Warning  Invalid primary clock redefinition on a clock tree  1           
TIMING-27  Critical Warning  Invalid primary clock on hierarchical pin           1           
LUTAR-1    Warning           LUT drives async reset alert                        3           

Note: This report is based on the most recent report_methodology run and may not be up-to-date. Run report_methodology on the current design for the latest report.



check_timing report

Table of Contents
-----------------
1. checking no_clock (0)
2. checking constant_clock (0)
3. checking pulse_width_clock (0)
4. checking unconstrained_internal_endpoints (0)
5. checking no_input_delay (0)
6. checking no_output_delay (0)
7. checking multiple_clock (0)
8. checking generated_clocks (0)
9. checking loops (0)
10. checking partial_input_delay (0)
11. checking partial_output_delay (0)
12. checking latch_loops (0)

1. checking no_clock (0)
------------------------
 There are 0 register/latch pins with no clock.


2. checking constant_clock (0)
------------------------------
 There are 0 register/latch pins with constant_clock.


3. checking pulse_width_clock (0)
---------------------------------
 There are 0 register/latch pins which need pulse_width check


4. checking unconstrained_internal_endpoints (0)
------------------------------------------------
 There are 0 pins that are not constrained for maximum delay.

 There are 0 pins that are not constrained for maximum delay due to constant clock.


5. checking no_input_delay (0)
------------------------------
 There are 0 input ports with no input delay specified.

 There are 0 input ports with no input delay but user has a false path constraint.


6. checking no_output_delay (0)
-------------------------------
 There are 0 ports with no output delay specified.

 There are 0 ports with no output delay but user has a false path constraint

 There are 0 ports with no output delay but with a timing clock defined on it or propagating through it


7. checking multiple_clock (0)
------------------------------
 There are 0 register/latch pins with multiple clocks.


8. checking generated_clocks (0)
--------------------------------
 There are 0 generated clocks that are not connected to a clock source.


9. checking loops (0)
---------------------
 There are 0 combinational loops in the design.


10. checking partial_input_delay (0)
------------------------------------
 There are 0 input ports with partial input delay specified.


11. checking partial_output_delay (0)
-------------------------------------
 There are 0 ports with partial output delay specified.


12. checking latch_loops (0)
----------------------------
 There are 0 combinational latch loops in the design through latch input



------------------------------------------------------------------------------------------------
| Design Timing Summary
| ---------------------
------------------------------------------------------------------------------------------------

    WNS(ns)      TNS(ns)  TNS Failing Endpoints  TNS Total Endpoints      WHS(ns)      THS(ns)  THS Failing Endpoints  THS Total Endpoints     WPWS(ns)     TPWS(ns)  TPWS Failing Endpoints  TPWS Total Endpoints  
    -------      -------  ---------------------  -------------------      -------      -------  ---------------------  -------------------     --------     --------  ----------------------  --------------------  
      1.498        0.000                      0                41197        0.026        0.000                      0                41197        7.000        0.000                       0                 13873  


All user specified timing constraints are met.


------------------------------------------------------------------------------------------------
| Clock Summary
| -------------
------------------------------------------------------------------------------------------------

Clock                                    Waveform(ns)       Period(ns)      Frequency(MHz)
-----                                    ------------       ----------      --------------
clk_fpga_0                               {0.000 10.000}     20.000          50.000          
clk_fpga_1                               {0.000 10.000}     20.000          50.000          
design_1_i/subprocessorClk/inst/clk_in1  {0.000 10.000}     20.000          50.000          
  clk_out1_design_1_subprocessorClk_0    {0.000 10.000}     20.000          50.000          
  clkfbout_design_1_subprocessorClk_0    {0.000 10.000}     20.000          50.000          


------------------------------------------------------------------------------------------------
| Intra Clock Table
| -----------------
------------------------------------------------------------------------------------------------

Clock                                        WNS(ns)      TNS(ns)  TNS Failing Endpoints  TNS Total Endpoints      WHS(ns)      THS(ns)  THS Failing Endpoints  THS Total Endpoints     WPWS(ns)     TPWS(ns)  TPWS Failing Endpoints  TPWS Total Endpoints  
-----                                        -------      -------  ---------------------  -------------------      -------      -------  ---------------------  -------------------     --------     --------  ----------------------  --------------------  
clk_fpga_0                                     8.216        0.000                      0                 9054        0.026        0.000                      0                 9054        7.500        0.000                       0                  3756  
design_1_i/subprocessorClk/inst/clk_in1                                                                                                                                                    7.000        0.000                       0                     1  
  clk_out1_design_1_subprocessorClk_0          1.498        0.000                      0                32047        0.034        0.000                      0                32047        8.750        0.000                       0                 10114  
  clkfbout_design_1_subprocessorClk_0                                                                                                                                                     18.751        0.000                       0                     2  


------------------------------------------------------------------------------------------------
| Inter Clock Table
| -----------------
------------------------------------------------------------------------------------------------

From Clock    To Clock          WNS(ns)      TNS(ns)  TNS Failing Endpoints  TNS Total Endpoints      WHS(ns)      THS(ns)  THS Failing Endpoints  THS Total Endpoints  
----------    --------          -------      -------  ---------------------  -------------------      -------      -------  ---------------------  -------------------  


------------------------------------------------------------------------------------------------
| Other Path Groups Table
| -----------------------
------------------------------------------------------------------------------------------------

Path Group                           From Clock                           To Clock                                 WNS(ns)      TNS(ns)  TNS Failing Endpoints  TNS Total Endpoints      WHS(ns)      THS(ns)  THS Failing Endpoints  THS Total Endpoints  
----------                           ----------                           --------                                 -------      -------  ---------------------  -------------------      -------      -------  ---------------------  -------------------  
**async_default**                    clk_out1_design_1_subprocessorClk_0  clk_out1_design_1_subprocessorClk_0       16.718        0.000                      0                   96        0.495        0.000                      0                   96  


------------------------------------------------------------------------------------------------
| Timing Details
| --------------
------------------------------------------------------------------------------------------------


---------------------------------------------------------------------------------------------------
From Clock:  clk_fpga_0
  To Clock:  clk_fpga_0

Setup :            0  Failing Endpoints,  Worst Slack        8.216ns,  Total Violation        0.000ns
Hold  :            0  Failing Endpoints,  Worst Slack        0.026ns,  Total Violation        0.000ns
PW    :            0  Failing Endpoints,  Worst Slack        7.500ns,  Total Violation        0.000ns
---------------------------------------------------------------------------------------------------


Max Delay Paths
--------------------------------------------------------------------------------------
Slack (MET) :             8.216ns  (required time - arrival time)
  Source:                 design_1_i/processing_system7_0/inst/PS7_i/MAXIGP0ACLK
                            (rising edge-triggered cell PS7 clocked by clk_fpga_0  {rise@0.000ns fall@10.000ns period=20.000ns})
  Destination:            design_1_i/psAxiInterconnect/xbar/inst/gen_samd.crossbar_samd/gen_slave_slots[0].gen_si_write.si_transactor_aw/gen_multi_thread.gen_thread_loop[7].active_id_reg[88]/CE
                            (rising edge-triggered cell FDRE clocked by clk_fpga_0  {rise@0.000ns fall@10.000ns period=20.000ns})
  Path Group:             clk_fpga_0
  Path Type:              Setup (Max at Slow Process Corner)
  Requirement:            20.000ns  (clk_fpga_0 rise@20.000ns - clk_fpga_0 rise@0.000ns)
  Data Path Delay:        11.238ns  (logic 3.085ns (27.452%)  route 8.153ns (72.548%))
  Logic Levels:           6  (CARRY4=1 LUT5=4 LUT6=1)
  Clock Path Skew:        -0.039ns (DCD - SCD + CPR)
    Destination Clock Delay (DCD):    2.863ns = ( 22.863 - 20.000 ) 
    Source Clock Delay      (SCD):    3.031ns
    Clock Pessimism Removal (CPR):    0.129ns
  Clock Uncertainty:      0.302ns  ((TSJ^2 + TIJ^2)^1/2 + DJ) / 2 + PE
    Total System Jitter     (TSJ):    0.071ns
    Total Input Jitter      (TIJ):    0.600ns
    Discrete Jitter          (DJ):    0.000ns
    Phase Error              (PE):    0.000ns

    Location             Delay type                Incr(ns)  Path(ns)    Netlist Resource(s)
  -------------------------------------------------------------------    -------------------
                         (clock clk_fpga_0 rise edge)
                                                      0.000     0.000 r  
    PS7_X0Y0             PS7                          0.000     0.000 r  design_1_i/processing_system7_0/inst/PS7_i/FCLKCLK[0]
                         net (fo=1, routed)           1.193     1.193    design_1_i/processing_system7_0/inst/FCLK_CLK_unbuffered[0]
    BUFGCTRL_X0Y16       BUFG (Prop_bufg_I_O)         0.101     1.294 r  design_1_i/processing_system7_0/inst/buffer_fclk_clk_0.FCLK_CLK_0_BUFG/O
                         net (fo=3757, routed)        1.737     3.031    design_1_i/processing_system7_0/inst/M_AXI_GP0_ACLK
    PS7_X0Y0             PS7                                          r  design_1_i/processing_system7_0/inst/PS7_i/MAXIGP0ACLK
  -------------------------------------------------------------------    -------------------
    PS7_X0Y0             PS7 (Prop_ps7_MAXIGP0ACLK_MAXIGP0AWID[3])
                                                      1.453     4.484 r  design_1_i/processing_system7_0/inst/PS7_i/MAXIGP0AWID[3]
                         net (fo=17, routed)          3.161     7.644    design_1_i/psAxiInterconnect/xbar/inst/gen_samd.crossbar_samd/gen_slave_slots[0].gen_si_write.si_transactor_aw/s_axi_awid[3]
    SLICE_X28Y119        LUT6 (Prop_lut6_I0_O)        0.124     7.768 r  design_1_i/psAxiInterconnect/xbar/inst/gen_samd.crossbar_samd/gen_slave_slots[0].gen_si_write.si_transactor_aw/gen_multi_thread.aid_match_70_carry_i_3__0/O
                         net (fo=1, routed)           0.000     7.768    design_1_i/psAxiInterconnect/xbar/inst/gen_samd.crossbar_samd/gen_slave_slots[0].gen_si_write.si_transactor_aw/gen_multi_thread.aid_match_70_carry_i_3__0_n_0
    SLICE_X28Y119        CARRY4 (Prop_carry4_S[1]_CO[3])
                                                      0.550     8.318 f  design_1_i/psAxiInterconnect/xbar/inst/gen_samd.crossbar_samd/gen_slave_slots[0].gen_si_write.si_transactor_aw/gen_multi_thread.aid_match_70_carry/CO[3]
                         net (fo=5, routed)           1.715    10.034    design_1_i/psAxiInterconnect/xbar/inst/gen_samd.crossbar_samd/gen_slave_slots[0].gen_si_write.si_transactor_aw/gen_multi_thread.aid_match_70
    SLICE_X31Y123        LUT5 (Prop_lut5_I4_O)        0.152    10.186 f  design_1_i/psAxiInterconnect/xbar/inst/gen_samd.crossbar_samd/gen_slave_slots[0].gen_si_write.si_transactor_aw/gen_multi_thread.gen_thread_loop[7].active_target[57]_i_6__0/O
                         net (fo=6, routed)           0.754    10.939    design_1_i/psAxiInterconnect/xbar/inst/gen_samd.crossbar_samd/gen_slave_slots[0].gen_si_write.si_transactor_aw/gen_multi_thread.aid_match_7__0
    SLICE_X30Y119        LUT5 (Prop_lut5_I3_O)        0.332    11.271 r  design_1_i/psAxiInterconnect/xbar/inst/gen_samd.crossbar_samd/gen_slave_slots[0].gen_si_write.si_transactor_aw/gen_multi_thread.gen_thread_loop[7].active_target[57]_i_13__0/O
                         net (fo=8, routed)           0.997    12.268    design_1_i/psAxiInterconnect/xbar/inst/gen_samd.crossbar_samd/gen_slave_slots[0].gen_si_write.si_transactor_aw/gen_multi_thread.gen_thread_loop[7].active_target[57]_i_13__0_n_0
    SLICE_X30Y121        LUT5 (Prop_lut5_I0_O)        0.146    12.414 r  design_1_i/psAxiInterconnect/xbar/inst/gen_samd.crossbar_samd/gen_slave_slots[0].gen_si_write.si_transactor_aw/gen_multi_thread.gen_thread_loop[7].active_target[57]_i_3__0/O
                         net (fo=33, routed)          0.873    13.288    design_1_i/psAxiInterconnect/xbar/inst/gen_samd.crossbar_samd/gen_slave_slots[0].gen_si_write.si_transactor_aw/gen_multi_thread.gen_thread_loop[7].active_target[57]_i_3__0_n_0
    SLICE_X30Y122        LUT5 (Prop_lut5_I0_O)        0.328    13.616 r  design_1_i/psAxiInterconnect/xbar/inst/gen_samd.crossbar_samd/gen_slave_slots[0].gen_si_write.si_transactor_aw/gen_multi_thread.gen_thread_loop[7].active_target[57]_i_1__0/O
                         net (fo=14, routed)          0.653    14.269    design_1_i/psAxiInterconnect/xbar/inst/gen_samd.crossbar_samd/gen_slave_slots[0].gen_si_write.si_transactor_aw/gen_multi_thread.cmd_push_7
    SLICE_X27Y119        FDRE                                         r  design_1_i/psAxiInterconnect/xbar/inst/gen_samd.crossbar_samd/gen_slave_slots[0].gen_si_write.si_transactor_aw/gen_multi_thread.gen_thread_loop[7].active_id_reg[88]/CE
  -------------------------------------------------------------------    -------------------

                         (clock clk_fpga_0 rise edge)
                                                     20.000    20.000 r  
    PS7_X0Y0             PS7                          0.000    20.000 r  design_1_i/processing_system7_0/inst/PS7_i/FCLKCLK[0]
                         net (fo=1, routed)           1.088    21.088    design_1_i/processing_system7_0/inst/FCLK_CLK_unbuffered[0]
    BUFGCTRL_X0Y16       BUFG (Prop_bufg_I_O)         0.091    21.179 r  design_1_i/processing_system7_0/inst/buffer_fclk_clk_0.FCLK_CLK_0_BUFG/O
                         net (fo=3757, routed)        1.684    22.863    design_1_i/psAxiInterconnect/xbar/inst/gen_samd.crossbar_samd/gen_slave_slots[0].gen_si_write.si_transactor_aw/aclk
    SLICE_X27Y119        FDRE                                         r  design_1_i/psAxiInterconnect/xbar/inst/gen_samd.crossbar_samd/gen_slave_slots[0].gen_si_write.si_transactor_aw/gen_multi_thread.gen_thread_loop[7].active_id_reg[88]/C
                         clock pessimism              0.129    22.992    
                         clock uncertainty           -0.302    22.690    
    SLICE_X27Y119        FDRE (Setup_fdre_C_CE)      -0.205    22.485    design_1_i/psAxiInterconnect/xbar/inst/gen_samd.crossbar_samd/gen_slave_slots[0].gen_si_write.si_transactor_aw/gen_multi_thread.gen_thread_loop[7].active_id_reg[88]
  -------------------------------------------------------------------
                         required time                         22.485    
                         arrival time                         -14.269    
  -------------------------------------------------------------------
                         slack                                  8.216    





Min Delay Paths
--------------------------------------------------------------------------------------
Slack (MET) :             0.026ns  (arrival time - required time)
  Source:                 design_1_i/psAxiInterconnect/m01_couplers/auto_pc/inst/gen_axilite.gen_b2s_conv.axilite_b2s/SI_REG/ar.ar_pipe/m_payload_i_reg[53]/C
                            (rising edge-triggered cell FDRE clocked by clk_fpga_0  {rise@0.000ns fall@10.000ns period=20.000ns})
  Destination:            design_1_i/psAxiInterconnect/m01_couplers/auto_pc/inst/gen_axilite.gen_b2s_conv.axilite_b2s/RD.ar_channel_0/s_arid_r_reg[0]/D
                            (rising edge-triggered cell FDRE clocked by clk_fpga_0  {rise@0.000ns fall@10.000ns period=20.000ns})
  Path Group:             clk_fpga_0
  Path Type:              Hold (Min at Fast Process Corner)
  Requirement:            0.000ns  (clk_fpga_0 rise@0.000ns - clk_fpga_0 rise@0.000ns)
  Data Path Delay:        0.281ns  (logic 0.164ns (58.266%)  route 0.117ns (41.734%))
  Logic Levels:           0  
  Clock Path Skew:        0.181ns (DCD - SCD - CPR)
    Destination Clock Delay (DCD):    1.191ns
    Source Clock Delay      (SCD):    0.975ns
    Clock Pessimism Removal (CPR):    0.035ns

    Location             Delay type                Incr(ns)  Path(ns)    Netlist Resource(s)
  -------------------------------------------------------------------    -------------------
                         (clock clk_fpga_0 rise edge)
                                                      0.000     0.000 r  
    PS7_X0Y0             PS7                          0.000     0.000 r  design_1_i/processing_system7_0/inst/PS7_i/FCLKCLK[0]
                         net (fo=1, routed)           0.310     0.310    design_1_i/processing_system7_0/inst/FCLK_CLK_unbuffered[0]
    BUFGCTRL_X0Y16       BUFG (Prop_bufg_I_O)         0.026     0.336 r  design_1_i/processing_system7_0/inst/buffer_fclk_clk_0.FCLK_CLK_0_BUFG/O
                         net (fo=3757, routed)        0.639     0.975    design_1_i/psAxiInterconnect/m01_couplers/auto_pc/inst/gen_axilite.gen_b2s_conv.axilite_b2s/SI_REG/ar.ar_pipe/aclk
    SLICE_X38Y101        FDRE                                         r  design_1_i/psAxiInterconnect/m01_couplers/auto_pc/inst/gen_axilite.gen_b2s_conv.axilite_b2s/SI_REG/ar.ar_pipe/m_payload_i_reg[53]/C
  -------------------------------------------------------------------    -------------------
    SLICE_X38Y101        FDRE (Prop_fdre_C_Q)         0.164     1.139 r  design_1_i/psAxiInterconnect/m01_couplers/auto_pc/inst/gen_axilite.gen_b2s_conv.axilite_b2s/SI_REG/ar.ar_pipe/m_payload_i_reg[53]/Q
                         net (fo=1, routed)           0.117     1.256    design_1_i/psAxiInterconnect/m01_couplers/auto_pc/inst/gen_axilite.gen_b2s_conv.axilite_b2s/RD.ar_channel_0/s_arid_r_reg[11]_1[24]
    SLICE_X39Y99         FDRE                                         r  design_1_i/psAxiInterconnect/m01_couplers/auto_pc/inst/gen_axilite.gen_b2s_conv.axilite_b2s/RD.ar_channel_0/s_arid_r_reg[0]/D
  -------------------------------------------------------------------    -------------------

                         (clock clk_fpga_0 rise edge)
                                                      0.000     0.000 r  
    PS7_X0Y0             PS7                          0.000     0.000 r  design_1_i/processing_system7_0/inst/PS7_i/FCLKCLK[0]
                         net (fo=1, routed)           0.337     0.337    design_1_i/processing_system7_0/inst/FCLK_CLK_unbuffered[0]
    BUFGCTRL_X0Y16       BUFG (Prop_bufg_I_O)         0.029     0.366 r  design_1_i/processing_system7_0/inst/buffer_fclk_clk_0.FCLK_CLK_0_BUFG/O
                         net (fo=3757, routed)        0.825     1.191    design_1_i/psAxiInterconnect/m01_couplers/auto_pc/inst/gen_axilite.gen_b2s_conv.axilite_b2s/RD.ar_channel_0/aclk
    SLICE_X39Y99         FDRE                                         r  design_1_i/psAxiInterconnect/m01_couplers/auto_pc/inst/gen_axilite.gen_b2s_conv.axilite_b2s/RD.ar_channel_0/s_arid_r_reg[0]/C
                         clock pessimism             -0.035     1.156    
    SLICE_X39Y99         FDRE (Hold_fdre_C_D)         0.075     1.231    design_1_i/psAxiInterconnect/m01_couplers/auto_pc/inst/gen_axilite.gen_b2s_conv.axilite_b2s/RD.ar_channel_0/s_arid_r_reg[0]
  -------------------------------------------------------------------
                         required time                         -1.231    
                         arrival time                           1.256    
  -------------------------------------------------------------------
                         slack                                  0.026    





Pulse Width Checks
--------------------------------------------------------------------------------------
Clock Name:         clk_fpga_0
Waveform(ns):       { 0.000 10.000 }
Period(ns):         20.000
Sources:            { design_1_i/processing_system7_0/inst/PS7_i/FCLKCLK[0] }

Check Type        Corner  Lib Pin          Reference Pin  Required(ns)  Actual(ns)  Slack(ns)  Location         Pin
Min Period        n/a     MMCME2_ADV/DCLK  n/a            4.999         20.000      15.001     MMCME2_ADV_X1Y0  design_1_i/subprocessorClk/inst/CLK_CORE_DRP_I/clk_inst/mmcm_adv_inst/DCLK
Low Pulse Width   Slow    MMCME2_ADV/DCLK  n/a            2.499         10.000      7.500      MMCME2_ADV_X1Y0  design_1_i/subprocessorClk/inst/CLK_CORE_DRP_I/clk_inst/mmcm_adv_inst/DCLK
High Pulse Width  Slow    MMCME2_ADV/DCLK  n/a            2.499         10.000      7.500      MMCME2_ADV_X1Y0  design_1_i/subprocessorClk/inst/CLK_CORE_DRP_I/clk_inst/mmcm_adv_inst/DCLK



---------------------------------------------------------------------------------------------------
From Clock:  design_1_i/subprocessorClk/inst/clk_in1
  To Clock:  design_1_i/subprocessorClk/inst/clk_in1

Setup :           NA  Failing Endpoints,  Worst Slack           NA  ,  Total Violation           NA
Hold  :           NA  Failing Endpoints,  Worst Slack           NA  ,  Total Violation           NA
PW    :            0  Failing Endpoints,  Worst Slack        7.000ns,  Total Violation        0.000ns
---------------------------------------------------------------------------------------------------


Pulse Width Checks
--------------------------------------------------------------------------------------
Clock Name:         design_1_i/subprocessorClk/inst/clk_in1
Waveform(ns):       { 0.000 10.000 }
Period(ns):         20.000
Sources:            { design_1_i/subprocessorClk/inst/clk_in1 }

Check Type        Corner  Lib Pin            Reference Pin  Required(ns)  Actual(ns)  Slack(ns)  Location         Pin
Min Period        n/a     MMCME2_ADV/CLKIN1  n/a            1.249         20.000      18.751     MMCME2_ADV_X1Y0  design_1_i/subprocessorClk/inst/CLK_CORE_DRP_I/clk_inst/mmcm_adv_inst/CLKIN1
Max Period        n/a     MMCME2_ADV/CLKIN1  n/a            100.000       20.000      80.000     MMCME2_ADV_X1Y0  design_1_i/subprocessorClk/inst/CLK_CORE_DRP_I/clk_inst/mmcm_adv_inst/CLKIN1
Low Pulse Width   Slow    MMCME2_ADV/CLKIN1  n/a            3.000         10.000      7.000      MMCME2_ADV_X1Y0  design_1_i/subprocessorClk/inst/CLK_CORE_DRP_I/clk_inst/mmcm_adv_inst/CLKIN1
High Pulse Width  Slow    MMCME2_ADV/CLKIN1  n/a            3.000         10.000      7.000      MMCME2_ADV_X1Y0  design_1_i/subprocessorClk/inst/CLK_CORE_DRP_I/clk_inst/mmcm_adv_inst/CLKIN1



---------------------------------------------------------------------------------------------------
From Clock:  clk_out1_design_1_subprocessorClk_0
  To Clock:  clk_out1_design_1_subprocessorClk_0

Setup :            0  Failing Endpoints,  Worst Slack        1.498ns,  Total Violation        0.000ns
Hold  :            0  Failing Endpoints,  Worst Slack        0.034ns,  Total Violation        0.000ns
PW    :            0  Failing Endpoints,  Worst Slack        8.750ns,  Total Violation        0.000ns
---------------------------------------------------------------------------------------------------


Max Delay Paths
--------------------------------------------------------------------------------------
Slack (MET) :             1.498ns  (required time - arrival time)
  Source:                 design_1_i/matmul_0/inst/ex/streaming_reg/C
                            (rising edge-triggered cell FDRE clocked by clk_out1_design_1_subprocessorClk_0  {rise@0.000ns fall@10.000ns period=20.000ns})
  Destination:            design_1_i/matmul_0/inst/ex/array/row[4].col[4].dsp.pe/sh_out_reg[0]/D
                            (rising edge-triggered cell FDRE clocked by clk_out1_design_1_subprocessorClk_0  {rise@0.000ns fall@10.000ns period=20.000ns})
  Path Group:             clk_out1_design_1_subprocessorClk_0
  Path Type:              Setup (Max at Slow Process Corner)
  Requirement:            20.000ns  (clk_out1_design_1_subprocessorClk_0 rise@20.000ns - clk_out1_design_1_subprocessorClk_0 rise@0.000ns)
  Data Path Delay:        18.291ns  (logic 0.580ns (3.171%)  route 17.711ns (96.829%))
  Logic Levels:           1  (LUT6=1)
  Clock Path Skew:        -0.138ns (DCD - SCD + CPR)
    Destination Clock Delay (DCD):    5.090ns = ( 25.090 - 20.000 ) 
    Source Clock Delay      (SCD):    5.614ns
    Clock Pessimism Removal (CPR):    0.387ns
  Clock Uncertainty:      0.102ns  ((TSJ^2 + DJ^2)^1/2) / 2 + PE
    Total System Jitter     (TSJ):    0.071ns
    Discrete Jitter          (DJ):    0.192ns
    Phase Error              (PE):    0.000ns

    Location             Delay type                Incr(ns)  Path(ns)    Netlist Resource(s)
  -------------------------------------------------------------------    -------------------
                         (clock clk_out1_design_1_subprocessorClk_0 rise edge)
                                                      0.000     0.000 r  
    BUFGCTRL_X0Y16       BUFG                         0.000     0.000 r  design_1_i/processing_system7_0/inst/buffer_fclk_clk_0.FCLK_CLK_0_BUFG/O
                         net (fo=3757, routed)        1.806     1.806    design_1_i/subprocessorClk/inst/CLK_CORE_DRP_I/clk_inst/clk_in1
    MMCME2_ADV_X1Y0      MMCME2_ADV (Prop_mmcme2_adv_CLKIN1_CLKOUT0)
                                                      0.088     1.894 r  design_1_i/subprocessorClk/inst/CLK_CORE_DRP_I/clk_inst/mmcm_adv_inst/CLKOUT0
                         net (fo=1, routed)           1.889     3.783    design_1_i/subprocessorClk/inst/CLK_CORE_DRP_I/clk_inst/clk_out1_design_1_subprocessorClk_0
    BUFGCTRL_X0Y0        BUFG (Prop_bufg_I_O)         0.101     3.884 r  design_1_i/subprocessorClk/inst/CLK_CORE_DRP_I/clk_inst/clkout1_buf/O
                         net (fo=10116, routed)       1.730     5.614    design_1_i/matmul_0/inst/ex/aclk
    SLICE_X69Y43         FDRE                                         r  design_1_i/matmul_0/inst/ex/streaming_reg/C
  -------------------------------------------------------------------    -------------------
    SLICE_X69Y43         FDRE (Prop_fdre_C_Q)         0.456     6.070 r  design_1_i/matmul_0/inst/ex/streaming_reg/Q
                         net (fo=2202, routed)       17.711    23.781    design_1_i/matmul_0/inst/ex/array/row[4].col[4].dsp.pe/sh_out_reg[31]_1
    SLICE_X11Y5          LUT6 (Prop_lut6_I1_O)        0.124    23.905 r  design_1_i/matmul_0/inst/ex/array/row[4].col[4].dsp.pe/sh_out[0]_i_1__26/O
                         net (fo=1, routed)           0.000    23.905    design_1_i/matmul_0/inst/ex/array/row[4].col[4].dsp.pe/p_1_in[0]
    SLICE_X11Y5          FDRE                                         r  design_1_i/matmul_0/inst/ex/array/row[4].col[4].dsp.pe/sh_out_reg[0]/D
  -------------------------------------------------------------------    -------------------

                         (clock clk_out1_design_1_subprocessorClk_0 rise edge)
                                                     20.000    20.000 r  
    BUFGCTRL_X0Y16       BUFG                         0.000    20.000 r  design_1_i/processing_system7_0/inst/buffer_fclk_clk_0.FCLK_CLK_0_BUFG/O
                         net (fo=3757, routed)        1.612    21.612    design_1_i/subprocessorClk/inst/CLK_CORE_DRP_I/clk_inst/clk_in1
    MMCME2_ADV_X1Y0      MMCME2_ADV (Prop_mmcme2_adv_CLKIN1_CLKOUT0)
                                                      0.083    21.695 r  design_1_i/subprocessorClk/inst/CLK_CORE_DRP_I/clk_inst/mmcm_adv_inst/CLKOUT0
                         net (fo=1, routed)           1.725    23.420    design_1_i/subprocessorClk/inst/CLK_CORE_DRP_I/clk_inst/clk_out1_design_1_subprocessorClk_0
    BUFGCTRL_X0Y0        BUFG (Prop_bufg_I_O)         0.091    23.511 r  design_1_i/subprocessorClk/inst/CLK_CORE_DRP_I/clk_inst/clkout1_buf/O
                         net (fo=10116, routed)       1.578    25.090    design_1_i/matmul_0/inst/ex/array/row[4].col[4].dsp.pe/aclk
    SLICE_X11Y5          FDRE                                         r  design_1_i/matmul_0/inst/ex/array/row[4].col[4].dsp.pe/sh_out_reg[0]/C
                         clock pessimism              0.387    25.476    
                         clock uncertainty           -0.102    25.374    
    SLICE_X11Y5          FDRE (Setup_fdre_C_D)        0.029    25.403    design_1_i/matmul_0/inst/ex/array/row[4].col[4].dsp.pe/sh_out_reg[0]
  -------------------------------------------------------------------
                         required time                         25.403    
                         arrival time                         -23.905    
  -------------------------------------------------------------------
                         slack                                  1.498    





Min Delay Paths
--------------------------------------------------------------------------------------
Slack (MET) :             0.034ns  (arrival time - required time)
  Source:                 design_1_i/matmul_0/inst/sched/d1_reg[8]/C
                            (rising edge-triggered cell FDRE clocked by clk_out1_design_1_subprocessorClk_0  {rise@0.000ns fall@10.000ns period=20.000ns})
  Destination:            design_1_i/matmul_0/inst/sched/h_reg[8]/D
                            (rising edge-triggered cell FDRE clocked by clk_out1_design_1_subprocessorClk_0  {rise@0.000ns fall@10.000ns period=20.000ns})
  Path Group:             clk_out1_design_1_subprocessorClk_0
  Path Type:              Hold (Min at Fast Process Corner)
  Requirement:            0.000ns  (clk_out1_design_1_subprocessorClk_0 rise@0.000ns - clk_out1_design_1_subprocessorClk_0 rise@0.000ns)
  Data Path Delay:        0.317ns  (logic 0.148ns (46.705%)  route 0.169ns (53.295%))
  Logic Levels:           0  
  Clock Path Skew:        0.267ns (DCD - SCD - CPR)
    Destination Clock Delay (DCD):    2.347ns
    Source Clock Delay      (SCD):    1.754ns
    Clock Pessimism Removal (CPR):    0.325ns

    Location             Delay type                Incr(ns)  Path(ns)    Netlist Resource(s)
  -------------------------------------------------------------------    -------------------
                         (clock clk_out1_design_1_subprocessorClk_0 rise edge)
                                                      0.000     0.000 r  
    BUFGCTRL_X0Y16       BUFG                         0.000     0.000 r  design_1_i/processing_system7_0/inst/buffer_fclk_clk_0.FCLK_CLK_0_BUFG/O
                         net (fo=3757, routed)        0.597     0.597    design_1_i/subprocessorClk/inst/CLK_CORE_DRP_I/clk_inst/clk_in1
    MMCME2_ADV_X1Y0      MMCME2_ADV (Prop_mmcme2_adv_CLKIN1_CLKOUT0)
                                                      0.050     0.647 r  design_1_i/subprocessorClk/inst/CLK_CORE_DRP_I/clk_inst/mmcm_adv_inst/CLKOUT0
                         net (fo=1, routed)           0.529     1.176    design_1_i/subprocessorClk/inst/CLK_CORE_DRP_I/clk_inst/clk_out1_design_1_subprocessorClk_0
    BUFGCTRL_X0Y0        BUFG (Prop_bufg_I_O)         0.026     1.202 r  design_1_i/subprocessorClk/inst/CLK_CORE_DRP_I/clk_inst/clkout1_buf/O
                         net (fo=10116, routed)       0.553     1.754    design_1_i/matmul_0/inst/sched/aclk
    SLICE_X50Y58         FDRE                                         r  design_1_i/matmul_0/inst/sched/d1_reg[8]/C
  -------------------------------------------------------------------    -------------------
    SLICE_X50Y58         FDRE (Prop_fdre_C_Q)         0.148     1.902 r  design_1_i/matmul_0/inst/sched/d1_reg[8]/Q
                         net (fo=3, routed)           0.169     2.071    design_1_i/matmul_0/inst/sched/d1_reg_n_0_[8]
    SLICE_X48Y59         FDRE                                         r  design_1_i/matmul_0/inst/sched/h_reg[8]/D
  -------------------------------------------------------------------    -------------------

                         (clock clk_out1_design_1_subprocessorClk_0 rise edge)
                                                      0.000     0.000 r  
    BUFGCTRL_X0Y16       BUFG                         0.000     0.000 r  design_1_i/processing_system7_0/inst/buffer_fclk_clk_0.FCLK_CLK_0_BUFG/O
                         net (fo=3757, routed)        0.864     0.864    design_1_i/subprocessorClk/inst/CLK_CORE_DRP_I/clk_inst/clk_in1
    MMCME2_ADV_X1Y0      MMCME2_ADV (Prop_mmcme2_adv_CLKIN1_CLKOUT0)
                                                      0.053     0.917 r  design_1_i/subprocessorClk/inst/CLK_CORE_DRP_I/clk_inst/mmcm_adv_inst/CLKOUT0
                         net (fo=1, routed)           0.576     1.493    design_1_i/subprocessorClk/inst/CLK_CORE_DRP_I/clk_inst/clk_out1_design_1_subprocessorClk_0
    BUFGCTRL_X0Y0        BUFG (Prop_bufg_I_O)         0.029     1.522 r  design_1_i/subprocessorClk/inst/CLK_CORE_DRP_I/clk_inst/clkout1_buf/O
                         net (fo=10116, routed)       0.825     2.347    design_1_i/matmul_0/inst/sched/aclk
    SLICE_X48Y59         FDRE                                         r  design_1_i/matmul_0/inst/sched/h_reg[8]/C
                         clock pessimism             -0.325     2.022    
    SLICE_X48Y59         FDRE (Hold_fdre_C_D)         0.016     2.038    design_1_i/matmul_0/inst/sched/h_reg[8]
  -------------------------------------------------------------------
                         required time                         -2.037    
                         arrival time                           2.071    
  -------------------------------------------------------------------
                         slack                                  0.034    





Pulse Width Checks
--------------------------------------------------------------------------------------
Clock Name:         clk_out1_design_1_subprocessorClk_0
Waveform(ns):       { 0.000 10.000 }
Period(ns):         20.000
Sources:            { design_1_i/subprocessorClk/inst/CLK_CORE_DRP_I/clk_inst/mmcm_adv_inst/CLKOUT0 }

Check Type        Corner  Lib Pin             Reference Pin  Required(ns)  Actual(ns)  Slack(ns)  Location         Pin
Min Period        n/a     DSP48E1/CLK         n/a            3.884         20.000      16.116     DSP48_X3Y27      design_1_i/matmul_0/inst/ex/array/row[0].col[1].dsp.pe/acc_reg/CLK
Max Period        n/a     MMCME2_ADV/CLKOUT0  n/a            213.360       20.000      193.360    MMCME2_ADV_X1Y0  design_1_i/subprocessorClk/inst/CLK_CORE_DRP_I/clk_inst/mmcm_adv_inst/CLKOUT0
Low Pulse Width   Slow    RAMD32/CLK          n/a            1.250         10.000      8.750      SLICE_X30Y61     design_1_i/matmulHpConverter/inst/gen_axi4_axi3.axi3_conv_inst/USE_READ.USE_SPLIT_R.read_addr_inst/USE_R_CHANNEL.cmd_queue/inst/fifo_gen_inst/inst_fifo_gen/gconvfifo.rf/grf.rf/gntv_or_sync_fifo.mem/gdm.dm_gen.dm/RAM_reg_0_31_0_0/DP/CLK
High Pulse Width  Slow    RAMD32/CLK          n/a            1.250         10.000      8.750      SLICE_X30Y61     design_1_i/matmulHpConverter/inst/gen_axi4_axi3.axi3_conv_inst/USE_READ.USE_SPLIT_R.read_addr_inst/USE_R_CHANNEL.cmd_queue/inst/fifo_gen_inst/inst_fifo_gen/gconvfifo.rf/grf.rf/gntv_or_sync_fifo.mem/gdm.dm_gen.dm/RAM_reg_0_31_0_0/DP/CLK



---------------------------------------------------------------------------------------------------
From Clock:  clkfbout_design_1_subprocessorClk_0
  To Clock:  clkfbout_design_1_subprocessorClk_0

Setup :           NA  Failing Endpoints,  Worst Slack           NA  ,  Total Violation           NA
Hold  :           NA  Failing Endpoints,  Worst Slack           NA  ,  Total Violation           NA
PW    :            0  Failing Endpoints,  Worst Slack       18.751ns,  Total Violation        0.000ns
---------------------------------------------------------------------------------------------------


Pulse Width Checks
--------------------------------------------------------------------------------------
Clock Name:         clkfbout_design_1_subprocessorClk_0
Waveform(ns):       { 0.000 10.000 }
Period(ns):         20.000
Sources:            { design_1_i/subprocessorClk/inst/CLK_CORE_DRP_I/clk_inst/mmcm_adv_inst/CLKFBOUT }

Check Type  Corner  Lib Pin              Reference Pin  Required(ns)  Actual(ns)  Slack(ns)  Location         Pin
Min Period  n/a     MMCME2_ADV/CLKFBOUT  n/a            1.249         20.000      18.751     MMCME2_ADV_X1Y0  design_1_i/subprocessorClk/inst/CLK_CORE_DRP_I/clk_inst/mmcm_adv_inst/CLKFBOUT
Max Period  n/a     MMCME2_ADV/CLKFBIN   n/a            100.000       20.000      80.000     MMCME2_ADV_X1Y0  design_1_i/subprocessorClk/inst/CLK_CORE_DRP_I/clk_inst/mmcm_adv_inst/CLKFBIN



---------------------------------------------------------------------------------------------------
Path Group:  **async_default**
From Clock:  clk_out1_design_1_subprocessorClk_0
  To Clock:  clk_out1_design_1_subprocessorClk_0

Setup :            0  Failing Endpoints,  Worst Slack       16.718ns,  Total Violation        0.000ns
Hold  :            0  Failing Endpoints,  Worst Slack        0.495ns,  Total Violation        0.000ns
---------------------------------------------------------------------------------------------------


Max Delay Paths
--------------------------------------------------------------------------------------
Slack (MET) :             16.718ns  (required time - arrival time)
  Source:                 design_1_i/matmulHpConverter/inst/gen_axi4_axi3.axi3_conv_inst/USE_WRITE.write_addr_inst/USE_BURSTS.cmd_queue/inst/fifo_gen_inst/inst_fifo_gen/gconvfifo.rf/grf.rf/rstblk/ngwrdrst.grst.g7serrst.gnsckt_wrst.rst_wr_reg2_inst/arststages_ff_reg[1]/C
                            (rising edge-triggered cell FDPE clocked by clk_out1_design_1_subprocessorClk_0  {rise@0.000ns fall@10.000ns period=20.000ns})
  Destination:            design_1_i/matmulHpConverter/inst/gen_axi4_axi3.axi3_conv_inst/USE_WRITE.write_addr_inst/USE_BURSTS.cmd_queue/inst/fifo_gen_inst/inst_fifo_gen/gconvfifo.rf/grf.rf/gntv_or_sync_fifo.gl0.wr/wpntr/gcc0.gc0.count_d1_reg[0]/CLR
                            (recovery check against rising-edge clock clk_out1_design_1_subprocessorClk_0  {rise@0.000ns fall@10.000ns period=20.000ns})
  Path Group:             **async_default**
  Path Type:              Recovery (Max at Slow Process Corner)
  Requirement:            20.000ns  (clk_out1_design_1_subprocessorClk_0 rise@20.000ns - clk_out1_design_1_subprocessorClk_0 rise@0.000ns)
  Data Path Delay:        2.721ns  (logic 0.773ns (28.406%)  route 1.948ns (71.594%))
  Logic Levels:           1  (LUT3=1)
  Clock Path Skew:        -0.053ns (DCD - SCD + CPR)
    Destination Clock Delay (DCD):    5.024ns = ( 25.024 - 20.000 ) 
    Source Clock Delay      (SCD):    5.564ns
    Clock Pessimism Removal (CPR):    0.487ns
  Clock Uncertainty:      0.102ns  ((TSJ^2 + DJ^2)^1/2) / 2 + PE
    Total System Jitter     (TSJ):    0.071ns
    Discrete Jitter          (DJ):    0.192ns
    Phase Error              (PE):    0.000ns

    Location             Delay type                Incr(ns)  Path(ns)    Netlist Resource(s)
  -------------------------------------------------------------------    -------------------
                         (clock clk_out1_design_1_subprocessorClk_0 rise edge)
                                                      0.000     0.000 r  
    BUFGCTRL_X0Y16       BUFG                         0.000     0.000 r  design_1_i/processing_system7_0/inst/buffer_fclk_clk_0.FCLK_CLK_0_BUFG/O
                         net (fo=3757, routed)        1.806     1.806    design_1_i/subprocessorClk/inst/CLK_CORE_DRP_I/clk_inst/clk_in1
    MMCME2_ADV_X1Y0      MMCME2_ADV (Prop_mmcme2_adv_CLKIN1_CLKOUT0)
                                                      0.088     1.894 r  design_1_i/subprocessorClk/inst/CLK_CORE_DRP_I/clk_inst/mmcm_adv_inst/CLKOUT0
                         net (fo=1, routed)           1.889     3.783    design_1_i/subprocessorClk/inst/CLK_CORE_DRP_I/clk_inst/clk_out1_design_1_subprocessorClk_0
    BUFGCTRL_X0Y0        BUFG (Prop_bufg_I_O)         0.101     3.884 r  design_1_i/subprocessorClk/inst/CLK_CORE_DRP_I/clk_inst/clkout1_buf/O
                         net (fo=10116, routed)       1.680     5.564    design_1_i/matmulHpConverter/inst/gen_axi4_axi3.axi3_conv_inst/USE_WRITE.write_addr_inst/USE_BURSTS.cmd_queue/inst/fifo_gen_inst/inst_fifo_gen/gconvfifo.rf/grf.rf/rstblk/ngwrdrst.grst.g7serrst.gnsckt_wrst.rst_wr_reg2_inst/dest_clk
    SLICE_X26Y76         FDPE                                         r  design_1_i/matmulHpConverter/inst/gen_axi4_axi3.axi3_conv_inst/USE_WRITE.write_addr_inst/USE_BURSTS.cmd_queue/inst/fifo_gen_inst/inst_fifo_gen/gconvfifo.rf/grf.rf/rstblk/ngwrdrst.grst.g7serrst.gnsckt_wrst.rst_wr_reg2_inst/arststages_ff_reg[1]/C
  -------------------------------------------------------------------    -------------------
    SLICE_X26Y76         FDPE (Prop_fdpe_C_Q)         0.478     6.042 f  design_1_i/matmulHpConverter/inst/gen_axi4_axi3.axi3_conv_inst/USE_WRITE.write_addr_inst/USE_BURSTS.cmd_queue/inst/fifo_gen_inst/inst_fifo_gen/gconvfifo.rf/grf.rf/rstblk/ngwrdrst.grst.g7serrst.gnsckt_wrst.rst_wr_reg2_inst/arststages_ff_reg[1]/Q
                         net (fo=3, routed)           0.854     6.896    design_1_i/matmulHpConverter/inst/gen_axi4_axi3.axi3_conv_inst/USE_WRITE.write_addr_inst/USE_BURSTS.cmd_queue/inst/fifo_gen_inst/inst_fifo_gen/gconvfifo.rf/grf.rf/rstblk/ngwrdrst.rst_wr_reg2
    SLICE_X27Y74         LUT3 (Prop_lut3_I2_O)        0.295     7.191 f  design_1_i/matmulHpConverter/inst/gen_axi4_axi3.axi3_conv_inst/USE_WRITE.write_addr_inst/USE_BURSTS.cmd_queue/inst/fifo_gen_inst/inst_fifo_gen/gconvfifo.rf/grf.rf/rstblk/gpregsm1.curr_fwft_state[1]_i_2/O
                         net (fo=32, routed)          1.095     8.285    design_1_i/matmulHpConverter/inst/gen_axi4_axi3.axi3_conv_inst/USE_WRITE.write_addr_inst/USE_BURSTS.cmd_queue/inst/fifo_gen_inst/inst_fifo_gen/gconvfifo.rf/grf.rf/gntv_or_sync_fifo.gl0.wr/wpntr/AR[0]
    SLICE_X29Y76         FDCE                                         f  design_1_i/matmulHpConverter/inst/gen_axi4_axi3.axi3_conv_inst/USE_WRITE.write_addr_inst/USE_BURSTS.cmd_queue/inst/fifo_gen_inst/inst_fifo_gen/gconvfifo.rf/grf.rf/gntv_or_sync_fifo.gl0.wr/wpntr/gcc0.gc0.count_d1_reg[0]/CLR
  -------------------------------------------------------------------    -------------------

                         (clock clk_out1_design_1_subprocessorClk_0 rise edge)
                                                     20.000    20.000 r  
    BUFGCTRL_X0Y16       BUFG                         0.000    20.000 r  design_1_i/processing_system7_0/inst/buffer_fclk_clk_0.FCLK_CLK_0_BUFG/O
                         net (fo=3757, routed)        1.612    21.612    design_1_i/subprocessorClk/inst/CLK_CORE_DRP_I/clk_inst/clk_in1
    MMCME2_ADV_X1Y0      MMCME2_ADV (Prop_mmcme2_adv_CLKIN1_CLKOUT0)
                                                      0.083    21.695 r  design_1_i/subprocessorClk/inst/CLK_CORE_DRP_I/clk_inst/mmcm_adv_inst/CLKOUT0
                         net (fo=1, routed)           1.725    23.420    design_1_i/subprocessorClk/inst/CLK_CORE_DRP_I/clk_inst/clk_out1_design_1_subprocessorClk_0
    BUFGCTRL_X0Y0        BUFG (Prop_bufg_I_O)         0.091    23.511 r  design_1_i/subprocessorClk/inst/CLK_CORE_DRP_I/clk_inst/clkout1_buf/O
                         net (fo=10116, routed)       1.513    25.024    design_1_i/matmulHpConverter/inst/gen_axi4_axi3.axi3_conv_inst/USE_WRITE.write_addr_inst/USE_BURSTS.cmd_queue/inst/fifo_gen_inst/inst_fifo_gen/gconvfifo.rf/grf.rf/gntv_or_sync_fifo.gl0.wr/wpntr/clk
    SLICE_X29Y76         FDCE                                         r  design_1_i/matmulHpConverter/inst/gen_axi4_axi3.axi3_conv_inst/USE_WRITE.write_addr_inst/USE_BURSTS.cmd_queue/inst/fifo_gen_inst/inst_fifo_gen/gconvfifo.rf/grf.rf/gntv_or_sync_fifo.gl0.wr/wpntr/gcc0.gc0.count_d1_reg[0]/C
                         clock pessimism              0.487    25.511    
                         clock uncertainty           -0.102    25.409    
    SLICE_X29Y76         FDCE (Recov_fdce_C_CLR)     -0.405    25.004    design_1_i/matmulHpConverter/inst/gen_axi4_axi3.axi3_conv_inst/USE_WRITE.write_addr_inst/USE_BURSTS.cmd_queue/inst/fifo_gen_inst/inst_fifo_gen/gconvfifo.rf/grf.rf/gntv_or_sync_fifo.gl0.wr/wpntr/gcc0.gc0.count_d1_reg[0]
  -------------------------------------------------------------------
                         required time                         25.004    
                         arrival time                          -8.285    
  -------------------------------------------------------------------
                         slack                                 16.718    





Min Delay Paths
--------------------------------------------------------------------------------------
Slack (MET) :             0.495ns  (arrival time - required time)
  Source:                 design_1_i/matmulHpConverter/inst/gen_axi4_axi3.axi3_conv_inst/USE_WRITE.write_addr_inst/USE_B_CHANNEL.cmd_b_queue/inst/fifo_gen_inst/inst_fifo_gen/gconvfifo.rf/grf.rf/rstblk/ngwrdrst.grst.g7serrst.gnsckt_wrst.gcc_rst.sckt_wr_rst_cc_reg[0]/C
                            (rising edge-triggered cell FDRE clocked by clk_out1_design_1_subprocessorClk_0  {rise@0.000ns fall@10.000ns period=20.000ns})
  Destination:            design_1_i/matmulHpConverter/inst/gen_axi4_axi3.axi3_conv_inst/USE_WRITE.write_addr_inst/USE_B_CHANNEL.cmd_b_queue/inst/fifo_gen_inst/inst_fifo_gen/gconvfifo.rf/grf.rf/gntv_or_sync_fifo.gl0.wr/wpntr/gcc0.gc0.count_d1_reg[4]/CLR
                            (removal check against rising-edge clock clk_out1_design_1_subprocessorClk_0  {rise@0.000ns fall@10.000ns period=20.000ns})
  Path Group:             **async_default**
  Path Type:              Removal (Min at Fast Process Corner)
  Requirement:            0.000ns  (clk_out1_design_1_subprocessorClk_0 rise@0.000ns - clk_out1_design_1_subprocessorClk_0 rise@0.000ns)
  Data Path Delay:        0.416ns  (logic 0.186ns (44.758%)  route 0.230ns (55.242%))
  Logic Levels:           1  (LUT3=1)
  Clock Path Skew:        0.013ns (DCD - SCD - CPR)
    Destination Clock Delay (DCD):    2.359ns
    Source Clock Delay      (SCD):    1.773ns
    Clock Pessimism Removal (CPR):    0.573ns

    Location             Delay type                Incr(ns)  Path(ns)    Netlist Resource(s)
  -------------------------------------------------------------------    -------------------
                         (clock clk_out1_design_1_subprocessorClk_0 rise edge)
                                                      0.000     0.000 r  
    BUFGCTRL_X0Y16       BUFG                         0.000     0.000 r  design_1_i/processing_system7_0/inst/buffer_fclk_clk_0.FCLK_CLK_0_BUFG/O
                         net (fo=3757, routed)        0.597     0.597    design_1_i/subprocessorClk/inst/CLK_CORE_DRP_I/clk_inst/clk_in1
    MMCME2_ADV_X1Y0      MMCME2_ADV (Prop_mmcme2_adv_CLKIN1_CLKOUT0)
                                                      0.050     0.647 r  design_1_i/subprocessorClk/inst/CLK_CORE_DRP_I/clk_inst/mmcm_adv_inst/CLKOUT0
                         net (fo=1, routed)           0.529     1.176    design_1_i/subprocessorClk/inst/CLK_CORE_DRP_I/clk_inst/clk_out1_design_1_subprocessorClk_0
    BUFGCTRL_X0Y0        BUFG (Prop_bufg_I_O)         0.026     1.202 r  design_1_i/subprocessorClk/inst/CLK_CORE_DRP_I/clk_inst/clkout1_buf/O
                         net (fo=10116, routed)       0.572     1.773    design_1_i/matmulHpConverter/inst/gen_axi4_axi3.axi3_conv_inst/USE_WRITE.write_addr_inst/USE_B_CHANNEL.cmd_b_queue/inst/fifo_gen_inst/inst_fifo_gen/gconvfifo.rf/grf.rf/rstblk/clk
    SLICE_X29Y67         FDRE                                         r  design_1_i/matmulHpConverter/inst/gen_axi4_axi3.axi3_conv_inst/USE_WRITE.write_addr_inst/USE_B_CHANNEL.cmd_b_queue/inst/fifo_gen_inst/inst_fifo_gen/gconvfifo.rf/grf.rf/rstblk/ngwrdrst.grst.g7serrst.gnsckt_wrst.gcc_rst.sckt_wr_rst_cc_reg[0]/C
  -------------------------------------------------------------------    -------------------
    SLICE_X29Y67         FDRE (Prop_fdre_C_Q)         0.141     1.914 f  design_1_i/matmulHpConverter/inst/gen_axi4_axi3.axi3_conv_inst/USE_WRITE.write_addr_inst/USE_B_CHANNEL.cmd_b_queue/inst/fifo_gen_inst/inst_fifo_gen/gconvfifo.rf/grf.rf/rstblk/ngwrdrst.grst.g7serrst.gnsckt_wrst.gcc_rst.sckt_wr_rst_cc_reg[0]/Q
                         net (fo=3, routed)           0.082     1.996    design_1_i/matmulHpConverter/inst/gen_axi4_axi3.axi3_conv_inst/USE_WRITE.write_addr_inst/USE_B_CHANNEL.cmd_b_queue/inst/fifo_gen_inst/inst_fifo_gen/gconvfifo.rf/grf.rf/rstblk/ngwrdrst.grst.g7serrst.gnsckt_wrst.gcc_rst.sckt_wr_rst_cc[0]
    SLICE_X28Y67         LUT3 (Prop_lut3_I1_O)        0.045     2.041 f  design_1_i/matmulHpConverter/inst/gen_axi4_axi3.axi3_conv_inst/USE_WRITE.write_addr_inst/USE_B_CHANNEL.cmd_b_queue/inst/fifo_gen_inst/inst_fifo_gen/gconvfifo.rf/grf.rf/rstblk/gpregsm1.curr_fwft_state[1]_i_2/O
                         net (fo=32, routed)          0.148     2.189    design_1_i/matmulHpConverter/inst/gen_axi4_axi3.axi3_conv_inst/USE_WRITE.write_addr_inst/USE_B_CHANNEL.cmd_b_queue/inst/fifo_gen_inst/inst_fifo_gen/gconvfifo.rf/grf.rf/gntv_or_sync_fifo.gl0.wr/wpntr/AR[0]
    SLICE_X29Y68         FDCE                                         f  design_1_i/matmulHpConverter/inst/gen_axi4_axi3.axi3_conv_inst/USE_WRITE.write_addr_inst/USE_B_CHANNEL.cmd_b_queue/inst/fifo_gen_inst/inst_fifo_gen/gconvfifo.rf/grf.rf/gntv_or_sync_fifo.gl0.wr/wpntr/gcc0.gc0.count_d1_reg[4]/CLR
  -------------------------------------------------------------------    -------------------

                         (clock clk_out1_design_1_subprocessorClk_0 rise edge)
                                                      0.000     0.000 r  
    BUFGCTRL_X0Y16       BUFG                         0.000     0.000 r  design_1_i/processing_system7_0/inst/buffer_fclk_clk_0.FCLK_CLK_0_BUFG/O
                         net (fo=3757, routed)        0.864     0.864    design_1_i/subprocessorClk/inst/CLK_CORE_DRP_I/clk_inst/clk_in1
    MMCME2_ADV_X1Y0      MMCME2_ADV (Prop_mmcme2_adv_CLKIN1_CLKOUT0)
                                                      0.053     0.917 r  design_1_i/subprocessorClk/inst/CLK_CORE_DRP_I/clk_inst/mmcm_adv_inst/CLKOUT0
                         net (fo=1, routed)           0.576     1.493    design_1_i/subprocessorClk/inst/CLK_CORE_DRP_I/clk_inst/clk_out1_design_1_subprocessorClk_0
    BUFGCTRL_X0Y0        BUFG (Prop_bufg_I_O)         0.029     1.522 r  design_1_i/subprocessorClk/inst/CLK_CORE_DRP_I/clk_inst/clkout1_buf/O
                         net (fo=10116, routed)       0.837     2.359    design_1_i/matmulHpConverter/inst/gen_axi4_axi3.axi3_conv_inst/USE_WRITE.write_addr_inst/USE_B_CHANNEL.cmd_b_queue/inst/fifo_gen_inst/inst_fifo_gen/gconvfifo.rf/grf.rf/gntv_or_sync_fifo.gl0.wr/wpntr/clk
    SLICE_X29Y68         FDCE                                         r  design_1_i/matmulHpConverter/inst/gen_axi4_axi3.axi3_conv_inst/USE_WRITE.write_addr_inst/USE_B_CHANNEL.cmd_b_queue/inst/fifo_gen_inst/inst_fifo_gen/gconvfifo.rf/grf.rf/gntv_or_sync_fifo.gl0.wr/wpntr/gcc0.gc0.count_d1_reg[4]/C
                         clock pessimism             -0.573     1.786    
    SLICE_X29Y68         FDCE (Remov_fdce_C_CLR)     -0.092     1.694    design_1_i/matmulHpConverter/inst/gen_axi4_axi3.axi3_conv_inst/USE_WRITE.write_addr_inst/USE_B_CHANNEL.cmd_b_queue/inst/fifo_gen_inst/inst_fifo_gen/gconvfifo.rf/grf.rf/gntv_or_sync_fifo.gl0.wr/wpntr/gcc0.gc0.count_d1_reg[4]
  -------------------------------------------------------------------
                         required time                         -1.694    
                         arrival time                           2.189    
  -------------------------------------------------------------------
                         slack                                  0.495    





